Archive member included to satisfy reference by file (symbol)

spm/spm_app/libspm_app.a(main.c.obj)
                              (--whole-archive)
spm/zephyr/libspm_zephyr.a(isr_tables.c.obj)
                              (--whole-archive)
spm/zephyr/libspm_zephyr.a(sw_isr_common.c.obj)
                              (--whole-archive)
spm/zephyr/libspm_zephyr.a(arm_core_cmse.c.obj)
                              (--whole-archive)
spm/zephyr/libspm_zephyr.a(arm_core_tz.c.obj)
                              (--whole-archive)
spm/zephyr/libspm_zephyr.a(crc32_sw.c.obj)
                              (--whole-archive)
spm/zephyr/libspm_zephyr.a(crc16_sw.c.obj)
                              (--whole-archive)
spm/zephyr/libspm_zephyr.a(crc8_sw.c.obj)
                              (--whole-archive)
spm/zephyr/libspm_zephyr.a(crc7_sw.c.obj)
                              (--whole-archive)
spm/zephyr/libspm_zephyr.a(fdtable.c.obj)
                              (--whole-archive)
spm/zephyr/libspm_zephyr.a(mempool.c.obj)
                              (--whole-archive)
spm/zephyr/libspm_zephyr.a(rb.c.obj)
                              (--whole-archive)
spm/zephyr/libspm_zephyr.a(thread_entry.c.obj)
                              (--whole-archive)
spm/zephyr/libspm_zephyr.a(work_q.c.obj)
                              (--whole-archive)
spm/zephyr/libspm_zephyr.a(printk.c.obj)
                              (--whole-archive)
spm/zephyr/libspm_zephyr.a(configs.c.obj)
                              (--whole-archive)
spm/zephyr/libspm_zephyr.a(soc.c.obj)
                              (--whole-archive)
spm/zephyr/libspm_zephyr.a(mpu_regions.c.obj)
                              (--whole-archive)
spm/zephyr/libspm_zephyr.a(system_nrf9160.c.obj)
                              (--whole-archive)
spm/zephyr/libspm_zephyr.a(nrfx_glue.c.obj)
                              (--whole-archive)
spm/zephyr/libspm_zephyr.a(power.c.obj)
                              (--whole-archive)
spm/zephyr/libspm_zephyr.a(reboot.c.obj)
                              (--whole-archive)
spm/zephyr/libspm_zephyr.a(policy_residency.c.obj)
                              (--whole-archive)
spm/zephyr/libspm_zephyr.a(uart_console.c.obj)
                              (--whole-archive)
spm/zephyr/libspm_zephyr.a(nrf_power_clock.c.obj)
                              (--whole-archive)
spm/zephyr/libspm_zephyr.a(sys_clock_init.c.obj)
                              (--whole-archive)
spm/zephyr/libspm_zephyr.a(nrf_rtc_timer.c.obj)
                              (--whole-archive)
spm/zephyr/libspm_zephyr.a(spm.c.obj)
                              (--whole-archive)
spm/zephyr/libspm_zephyr.a(secure_services.c.obj)
                              (--whole-archive)
spm/zephyr/arch/arm/core/libspm_arch__arm__core.a(exc_exit.S.obj)
                              (--whole-archive)
spm/zephyr/arch/arm/core/libspm_arch__arm__core.a(swap_helper.S.obj)
                              (--whole-archive)
spm/zephyr/arch/arm/core/libspm_arch__arm__core.a(cpu_idle.S.obj)
                              (--whole-archive)
spm/zephyr/arch/arm/core/libspm_arch__arm__core.a(fault_s.S.obj)
                              (--whole-archive)
spm/zephyr/arch/arm/core/libspm_arch__arm__core.a(isr_wrapper.S.obj)
                              (--whole-archive)
spm/zephyr/arch/arm/core/libspm_arch__arm__core.a(irq_init.c.obj)
                              (--whole-archive)
spm/zephyr/arch/arm/core/libspm_arch__arm__core.a(swap.c.obj)
                              (--whole-archive)
spm/zephyr/arch/arm/core/libspm_arch__arm__core.a(fault.c.obj)
                              (--whole-archive)
spm/zephyr/arch/arm/core/libspm_arch__arm__core.a(irq_manage.c.obj)
                              (--whole-archive)
spm/zephyr/arch/arm/core/libspm_arch__arm__core.a(thread.c.obj)
                              (--whole-archive)
spm/zephyr/arch/arm/core/libspm_arch__arm__core.a(fatal.c.obj)
                              (--whole-archive)
spm/zephyr/arch/arm/core/libspm_arch__arm__core.a(sys_fatal_error_handler.c.obj)
                              (--whole-archive)
spm/zephyr/arch/arm/core/libspm_arch__arm__core.a(thread_abort.c.obj)
                              (--whole-archive)
spm/zephyr/arch/arm/core/cortex_m/libspm_arch__arm__core__cortex_m.a(vector_table.S.obj)
                              (--whole-archive)
spm/zephyr/arch/arm/core/cortex_m/libspm_arch__arm__core__cortex_m.a(reset.S.obj)
                              (--whole-archive)
spm/zephyr/arch/arm/core/cortex_m/libspm_arch__arm__core__cortex_m.a(nmi_on_reset.S.obj)
                              (--whole-archive)
spm/zephyr/arch/arm/core/cortex_m/libspm_arch__arm__core__cortex_m.a(prep_c.c.obj)
                              (--whole-archive)
spm/zephyr/arch/arm/core/cortex_m/libspm_arch__arm__core__cortex_m.a(scb.c.obj)
                              (--whole-archive)
spm/zephyr/arch/arm/core/cortex_m/libspm_arch__arm__core__cortex_m.a(nmi.c.obj)
[...]
Memory Configuration

Name             Origin             Length             Attributes
FLASH            0x00000000         0x0000c000         xr
SRAM             0x20000000         0x00010000         xw
IDT_LIST         0x20010000         0x00000800         xw
*default*        0x00000000         0xffffffff

Linker script and memory map

LOAD spm/zephyr/CMakeFiles/spm_zephyr_final.dir/misc/empty_file.c.obj
LOAD spm/zephyr/CMakeFiles/spm_zephyr_final.dir/isr_tables.c.obj
                0x00000020                _region_min_align = 0x20

.rel.plt        0x00000000        0x0
 *(SORT_BY_ALIGNMENT(.rel.plt))
                [!provide]                PROVIDE (__rel_iplt_start = .)
 *(SORT_BY_ALIGNMENT(.rel.iplt))
 .rel.iplt      0x00000000        0x0 spm/zephyr/CMakeFiles/spm_zephyr_final.dir/isr_tables.c.obj
                [!provide]                PROVIDE (__rel_iplt_end = .)

.rela.plt       0x00000000        0x0
 *(SORT_BY_ALIGNMENT(.rela.plt))
                [!provide]                PROVIDE (__rela_iplt_start = .)
 *(SORT_BY_ALIGNMENT(.rela.iplt))
                [!provide]                PROVIDE (__rela_iplt_end = .)

.rel.dyn
 *(SORT_BY_ALIGNMENT(.rel.*))

.rela.dyn
 *(SORT_BY_ALIGNMENT(.rela.*))

/DISCARD/
 *(SORT_BY_ALIGNMENT(.plt))
 *(SORT_BY_ALIGNMENT(.iplt))
 *(SORT_BY_ALIGNMENT(.got.plt))
 *(SORT_BY_ALIGNMENT(.igot.plt))
 *(SORT_BY_ALIGNMENT(.got))
 *(SORT_BY_ALIGNMENT(.igot))
 *(SORT_BY_ALIGNMENT(.irq_info))
 *(SORT_BY_ALIGNMENT(.intList))
                0x00000000                _image_rom_start = 0x0

text            0x00000000      0x144
                0x00000000                . = 0x0
                0x00000000                _vector_start = .
 *(SORT_BY_ALIGNMENT(.exc_vector_table))
 *(SORT_BY_ALIGNMENT(.exc_vector_table.*))
 .exc_vector_table._vector_table_section
                0x00000000       0x40 spm/zephyr/arch/arm/core/cortex_m/libspm_arch__arm__core__cortex_m.a(vector_table.S.obj)
                0x00000000                _vector_table
 *(SORT_BY_ALIGNMENT(.gnu.linkonce.irq_vector_table))
 .gnu.linkonce.irq_vector_table
                0x00000040      0x104 spm/zephyr/CMakeFiles/spm_zephyr_final.dir/isr_tables.c.obj
                0x00000040                _irq_vector_table
 *(SORT_BY_ALIGNMENT(.vectors))
 *(SORT_BY_ALIGNMENT(.openocd_dbg))
 *(SORT_BY_ALIGNMENT(.openocd_dbg.*))
 *(SORT_BY_ALIGNMENT(.kinetis_flash_config))
 *(SORT_BY_ALIGNMENT(.kinetis_flash_config.*))
                0x00000144                _vector_end = .

_TEXT_SECTION_NAME_2
                0x00000144     0x372e
                0x00000144                _image_text_start = .
 *(SORT_BY_ALIGNMENT(.text))
 .text          0x00000144       0xa0 c:/gnuarmemb/7 2018-q2-update/bin/../lib/gcc/arm-none-eabi/7.3.1/thumb/v8-m.main/fpv5-sp/hard\libgcc.a(_aeabi_ldivmod.o)
                0x00000144                __aeabi_ldivmod
 .text          0x000001e4      0x2e0 c:/gnuarmemb/7 2018-q2-update/bin/../lib/gcc/arm-none-eabi/7.3.1/thumb/v8-m.main/fpv5-sp/hard\libgcc.a(_udivmoddi4.o)
                0x000001e4                __udivmoddi4
 .text          0x000004c4        0x4 c:/gnuarmemb/7 2018-q2-update/bin/../lib/gcc/arm-none-eabi/7.3.1/thumb/v8-m.main/fpv5-sp/hard\libgcc.a(_dvmd_tls.o)
                0x000004c4                __aeabi_idiv0
                0x000004c4                __aeabi_ldiv0
 .text          0x000004c8       0x5c c:/gnuarmemb/7 2018-q2-update/bin/../lib/gcc/arm-none-eabi/7.3.1/thumb/v8-m.main/fpv5-sp/hard\libgcc.a(cmse_nonsecure_call.o)
                0x000004c8                __gnu_cmse_nonsecure_call
 *(SORT_BY_ALIGNMENT(.text.*))
 .text.tz_nonsecure_state_setup
                0x00000524       0x38 spm/zephyr/libspm_zephyr.a(arm_core_tz.c.obj)
                0x00000524                tz_nonsecure_state_setup
 .text.tz_nbanked_exception_target_state_set
                0x0000055c       0x28 spm/zephyr/libspm_zephyr.a(arm_core_tz.c.obj)
                0x0000055c                tz_nbanked_exception_target_state_set
 .text.tz_nonsecure_exception_prio_config
                0x00000584       0x28 spm/zephyr/libspm_zephyr.a(arm_core_tz.c.obj)
                0x00000584                tz_nonsecure_exception_prio_config
 .text.tz_nonsecure_system_reset_req_block
                0x000005ac       0x28 spm/zephyr/libspm_zephyr.a(arm_core_tz.c.obj)
                0x000005ac                tz_nonsecure_system_reset_req_block
 .text.tz_nonsecure_fpu_access_enable
                0x000005d4       0x14 spm/zephyr/libspm_zephyr.a(arm_core_tz.c.obj)
                0x000005d4                tz_nonsecure_fpu_access_enable
 .text.tz_sau_configure
                0x000005e8       0x28 spm/zephyr/libspm_zephyr.a(arm_core_tz.c.obj)
                0x000005e8                tz_sau_configure
 .text.char_out
                0x00000610       0x10 spm/zephyr/libspm_zephyr.a(printk.c.obj)
 .text._printk_dec_ulong
                0x00000620       0x9c spm/zephyr/libspm_zephyr.a(printk.c.obj)
 .text.__printk_hook_install
                0x000006bc        0xc spm/zephyr/libspm_zephyr.a(printk.c.obj)
                0x000006bc                __printk_hook_install
 .text.vprintk  0x000006c8       0x20 spm/zephyr/libspm_zephyr.a(printk.c.obj)
                0x000006c8                vprintk
 .text.nordicsemi_nrf91_init
                0x000006e8       0x28 spm/zephyr/libspm_zephyr.a(soc.c.obj)
 .text.SystemInit
                0x00000710      0x178 spm/zephyr/libspm_zephyr.a(system_nrf9160.c.obj)
                0x00000710                SystemInit
 .text.sys_reboot
                0x00000888       0x30 spm/zephyr/libspm_zephyr.a(reboot.c.obj)
                0x00000888                sys_reboot
 .text.console_out
                0x000008b8       0x28 spm/zephyr/libspm_zephyr.a(uart_console.c.obj)
 .text.uart_console_hook_install
                0x000008e0       0x18 spm/zephyr/libspm_zephyr.a(uart_console.c.obj)
                0x000008e0                uart_console_hook_install
 .text.uart_console_init
                0x000008f8       0x1c spm/zephyr/libspm_zephyr.a(uart_console.c.obj)
 .text.m16src_stop
                0x00000914       0x74 spm/zephyr/libspm_zephyr.a(nrf_power_clock.c.obj)
 .text.k32src_start
                0x00000988       0x68 spm/zephyr/libspm_zephyr.a(nrf_power_clock.c.obj)
 .text.m16src_start
                0x000009f0       0xc4 spm/zephyr/libspm_zephyr.a(nrf_power_clock.c.obj)
 .text.rtc1_nrf_isr
                0x00000ab4       0x4c spm/zephyr/libspm_zephyr.a(nrf_rtc_timer.c.obj)
                0x00000ab4                rtc1_nrf_isr
 .text.z_clock_driver_init
                0x00000b00       0x80 spm/zephyr/libspm_zephyr.a(nrf_rtc_timer.c.obj)
                0x00000b00                z_clock_driver_init
 .text.z_clock_set_timeout
                0x00000b80       0x70 spm/zephyr/libspm_zephyr.a(nrf_rtc_timer.c.obj)
                0x00000b80                z_clock_set_timeout
 .text.z_clock_elapsed
                0x00000bf0       0x34 spm/zephyr/libspm_zephyr.a(nrf_rtc_timer.c.obj)
                0x00000bf0                z_clock_elapsed
 .text.spm_config_peripheral.constprop.1
                0x00000c24       0x5c spm/zephyr/libspm_zephyr.a(spm.c.obj)
 .text.spm_jump
                0x00000c80       0xd8 spm/zephyr/libspm_zephyr.a(spm.c.obj)
                0x00000c80                spm_jump
 .text.spm_config
                0x00000d58      0x204 spm/zephyr/libspm_zephyr.a(spm.c.obj)
                0x00000d58                spm_config
 .text.spm_request_random_number
                0x00000f5c       0x88 spm/zephyr/libspm_zephyr.a(secure_services.c.obj)
                0x00000f5c                __acle_se_spm_request_random_number
 .text._HandlerModeExit
                0x00000fe4       0x1c spm/zephyr/arch/arm/core/libspm_arch__arm__core.a(exc_exit.S.obj)
                0x00000fe4                _IntExit
                0x00000fe4                z_ExcExit
 .text.__pendsv
                0x00001000       0x58 spm/zephyr/arch/arm/core/libspm_arch__arm__core.a(swap_helper.S.obj)
                0x00001000                __pendsv
 .text.__svc    0x00001058       0x24 spm/zephyr/arch/arm/core/libspm_arch__arm__core.a(swap_helper.S.obj)
                0x00001058                __svc
 .text.z_CpuIdleInit
                0x0000107c        0xc spm/zephyr/arch/arm/core/libspm_arch__arm__core.a(cpu_idle.S.obj)
                0x0000107c                z_CpuIdleInit
 .text.k_cpu_idle
                0x00001088        0xc spm/zephyr/arch/arm/core/libspm_arch__arm__core.a(cpu_idle.S.obj)
                0x00001088                k_cpu_idle
 .text.__fault  0x00001094       0x24 spm/zephyr/arch/arm/core/libspm_arch__arm__core.a(fault_s.S.obj)
                0x00001094                __reserved
                0x00001094                __bus_fault
                0x00001094                __debug_monitor
                0x00001094                __secure_fault
                0x00001094                __mpu_fault
                0x00001094                __hard_fault
                0x00001094                __usage_fault
 .text._isr_wrapper
                0x000010b8       0x40 spm/zephyr/arch/arm/core/libspm_arch__arm__core.a(isr_wrapper.S.obj)
                0x000010b8                _isr_wrapper
 .text.z_IntLibInit
                0x000010f8       0x18 spm/zephyr/arch/arm/core/libspm_arch__arm__core.a(irq_init.c.obj)
                0x000010f8                z_IntLibInit
 .text.__swap   0x00001110       0x34 spm/zephyr/arch/arm/core/libspm_arch__arm__core.a(swap.c.obj)
                0x00001110                __swap
 .text.MpuFault.isra.2
                0x00001144       0x90 spm/zephyr/arch/arm/core/libspm_arch__arm__core.a(fault.c.obj)
 .text.BusFault.isra.3
                0x000011d4       0xa0 spm/zephyr/arch/arm/core/libspm_arch__arm__core.a(fault.c.obj)
 .text.UsageFault.isra.4
                0x00001274       0x98 spm/zephyr/arch/arm/core/libspm_arch__arm__core.a(fault.c.obj)
 .text.SecureFault.isra.5
                0x0000130c       0x94 spm/zephyr/arch/arm/core/libspm_arch__arm__core.a(fault.c.obj)
 .text._Fault   0x000013a0      0x134 spm/zephyr/arch/arm/core/libspm_arch__arm__core.a(fault.c.obj)
                0x000013a0                _Fault
 .text.z_FaultInit
                0x000014d4       0x10 spm/zephyr/arch/arm/core/libspm_arch__arm__core.a(fault.c.obj)
                0x000014d4                z_FaultInit
 .text.z_arch_irq_enable
                0x000014e4       0x20 spm/zephyr/arch/arm/core/libspm_arch__arm__core.a(irq_manage.c.obj)
                0x000014e4                z_arch_irq_enable
 .text.z_arch_irq_disable
                0x00001504       0x28 spm/zephyr/arch/arm/core/libspm_arch__arm__core.a(irq_manage.c.obj)
                0x00001504                z_arch_irq_disable
 .text.z_irq_priority_set
                0x0000152c       0x30 spm/zephyr/arch/arm/core/libspm_arch__arm__core.a(irq_manage.c.obj)
                0x0000152c                z_irq_priority_set
 .text.z_new_thread
                0x0000155c       0x54 spm/zephyr/arch/arm/core/libspm_arch__arm__core.a(thread.c.obj)
                0x0000155c                z_new_thread
 .text.z_NanoFatalErrorHandler
                0x000015b0       0x64 spm/zephyr/arch/arm/core/libspm_arch__arm__core.a(fatal.c.obj)
                0x000015b0                z_NanoFatalErrorHandler
 .text.z_SysFatalErrorHandler
                0x00001614       0x58 spm/zephyr/arch/arm/core/libspm_arch__arm__core.a(sys_fatal_error_handler.c.obj)
                0x00001614                z_SysFatalErrorHandler
 .text.z_impl_k_thread_abort
                0x0000166c       0x4c spm/zephyr/arch/arm/core/libspm_arch__arm__core.a(thread_abort.c.obj)
                0x0000166c                z_impl_k_thread_abort
 .text._reset_section
                0x000016b8       0x30 spm/zephyr/arch/arm/core/cortex_m/libspm_arch__arm__core__cortex_m.a(reset.S.obj)
                0x000016b8                __start
                0x000016b8                __reset
 .text.z_SysNmiOnReset
                0x000016e8        0x8 spm/zephyr/arch/arm/core/cortex_m/libspm_arch__arm__core__cortex_m.a(nmi_on_reset.S.obj)
                0x000016e8                z_SysNmiOnReset
 .text._PrepC   0x000016f0       0x54 spm/zephyr/arch/arm/core/cortex_m/libspm_arch__arm__core__cortex_m.a(prep_c.c.obj)
                0x000016f0                _PrepC
 .text.sys_arch_reboot
                0x00001744       0x24 spm/zephyr/arch/arm/core/cortex_m/libspm_arch__arm__core__cortex_m.a(scb.c.obj)
                0x00001744                sys_arch_reboot
 .text.z_arch_configure_static_mpu_regions
                0x00001768       0x54 spm/zephyr/arch/arm/core/cortex_m/mpu/libspm_arch__arm__core__cortex_m__mpu.a(arm_core_mpu.c.obj)
                0x00001768                z_arch_configure_static_mpu_regions
 .text.region_init
                0x000017bc       0x30 spm/zephyr/arch/arm/core/cortex_m/mpu/libspm_arch__arm__core__cortex_m__mpu.a(arm_mpu.c.obj)
 .text.mpu_configure_regions.constprop.1
                0x000017ec      0x134 spm/zephyr/arch/arm/core/cortex_m/mpu/libspm_arch__arm__core__cortex_m__mpu.a(arm_mpu.c.obj)
 .text.arm_core_mpu_enable
                0x00001920       0x14 spm/zephyr/arch/arm/core/cortex_m/mpu/libspm_arch__arm__core__cortex_m__mpu.a(arm_mpu.c.obj)
                0x00001920                arm_core_mpu_enable
 .text.arm_core_mpu_disable
                0x00001934       0x10 spm/zephyr/arch/arm/core/cortex_m/mpu/libspm_arch__arm__core__cortex_m__mpu.a(arm_mpu.c.obj)
                0x00001934                arm_core_mpu_disable
 .text.arm_mpu_init
                0x00001944       0x4c spm/zephyr/arch/arm/core/cortex_m/mpu/libspm_arch__arm__core__cortex_m__mpu.a(arm_mpu.c.obj)
 .text.arm_core_mpu_configure_static_mpu_regions
                0x00001990       0x14 spm/zephyr/arch/arm/core/cortex_m/mpu/libspm_arch__arm__core__cortex_m__mpu.a(arm_mpu.c.obj)
                0x00001990                arm_core_mpu_configure_static_mpu_regions
 .text.arm_core_mpu_mark_areas_for_dynamic_regions
                0x000019a4       0xa4 spm/zephyr/arch/arm/core/cortex_m/mpu/libspm_arch__arm__core__cortex_m__mpu.a(arm_mpu.c.obj)
                0x000019a4                arm_core_mpu_mark_areas_for_dynamic_regions
 .text.arm_core_mpu_configure_dynamic_mpu_regions
                0x00001a48       0x40 spm/zephyr/arch/arm/core/cortex_m/mpu/libspm_arch__arm__core__cortex_m__mpu.a(arm_mpu.c.obj)
                0x00001a48                arm_core_mpu_configure_dynamic_mpu_regions
 .text.__stdout_hook_install
                0x00001a88        0xc spm/zephyr/lib/libc/minimal/libspm_lib__libc__minimal.a(stdout_console.c.obj)
                0x00001a88                __stdout_hook_install
 .text.uarte_nrfx_configure
                0x00001a94      0x160 spm/zephyr/drivers/serial/libspm_drivers__serial.a(uart_nrfx_uarte.c.obj)
 .text.uarte_0_init
                0x00001bf4       0x6c spm/zephyr/drivers/serial/libspm_drivers__serial.a(uart_nrfx_uarte.c.obj)
 .text.mbedtls_calloc
                0x00001c60        0xc spm/zephyr/modules/nrfxlib/nrf_security/src/mbedtls/libspm_mbedcrypto_vanilla.a(platform.c.obj)
                0x00001c60                mbedtls_calloc
 .text.mbedtls_free
                0x00001c6c        0xc spm/zephyr/modules/nrfxlib/nrf_security/src/mbedtls/libspm_mbedcrypto_vanilla.a(platform.c.obj)
                0x00001c6c                mbedtls_free
 .text.mbedtls_platform_zeroize
                0x00001c78       0x10 spm/zephyr/modules/nrfxlib/nrf_security/src/mbedtls/libspm_mbedcrypto_vanilla.a(platform_util.c.obj)
                0x00001c78                mbedtls_platform_zeroize
 .text.z_sys_device_do_config_level
                0x00001c88       0x2c spm/zephyr/kernel/libspm_kernel.a(device.c.obj)
                0x00001c88                z_sys_device_do_config_level
 .text.z_impl_device_get_binding
                0x00001cb4       0x4c spm/zephyr/kernel/libspm_kernel.a(device.c.obj)
                0x00001cb4                z_impl_device_get_binding
 .text.idle     0x00001d00       0x34 spm/zephyr/kernel/libspm_kernel.a(idle.c.obj)
                0x00001d00                idle
 .text.z_bss_zero
                0x00001d34       0x14 spm/zephyr/kernel/libspm_kernel.a(init.c.obj)
                0x00001d34                z_bss_zero
 .text.z_data_copy
                0x00001d48       0x34 spm/zephyr/kernel/libspm_kernel.a(init.c.obj)
                0x00001d48                z_data_copy
 .text.bg_thread_main
                0x00001d7c       0x30 spm/zephyr/kernel/libspm_kernel.a(init.c.obj)
 .text.z_cstart
                0x00001dac      0x148 spm/zephyr/kernel/libspm_kernel.a(init.c.obj)
                0x00001dac                z_cstart
 .text.resched  0x00001ef4       0x24 spm/zephyr/kernel/libspm_kernel.a(sched.c.obj)
 .text.reset_time_slice
                0x00001f18       0x24 spm/zephyr/kernel/libspm_kernel.a(sched.c.obj)
 .text.k_sched_time_slice_set
                0x00001f3c       0x5c spm/zephyr/kernel/libspm_kernel.a(sched.c.obj)
                0x00001f3c                k_sched_time_slice_set
 .text.k_sched_lock
                0x00001f98       0x28 spm/zephyr/kernel/libspm_kernel.a(sched.c.obj)
                0x00001f98                k_sched_lock
 .text.z_priq_dumb_remove
                0x00001fc0       0x2c spm/zephyr/kernel/libspm_kernel.a(sched.c.obj)
                0x00001fc0                z_priq_dumb_remove
 .text.update_cache
                0x00001fec       0x3c spm/zephyr/kernel/libspm_kernel.a(sched.c.obj)
 .text.k_sched_unlock
                0x00002028       0x38 spm/zephyr/kernel/libspm_kernel.a(sched.c.obj)
                0x00002028                k_sched_unlock
 .text.z_add_thread_to_ready_q
                0x00002060       0x70 spm/zephyr/kernel/libspm_kernel.a(sched.c.obj)
                0x00002060                z_add_thread_to_ready_q
 .text.z_move_thread_to_end_of_prio_q
                0x000020d0       0x80 spm/zephyr/kernel/libspm_kernel.a(sched.c.obj)
                0x000020d0                z_move_thread_to_end_of_prio_q
 .text.z_time_slice
                0x00002150       0x68 spm/zephyr/kernel/libspm_kernel.a(sched.c.obj)
                0x00002150                z_time_slice
 .text.z_remove_thread_from_ready_q
                0x000021b8       0x4c spm/zephyr/kernel/libspm_kernel.a(sched.c.obj)
                0x000021b8                z_remove_thread_from_ready_q
 .text.z_sched_init
                0x00002204       0x18 spm/zephyr/kernel/libspm_kernel.a(sched.c.obj)
                0x00002204                z_sched_init
 .text.z_impl_k_current_get
                0x0000221c        0xc spm/zephyr/kernel/libspm_kernel.a(sched.c.obj)
                0x0000221c                z_impl_k_current_get
 .text.k_is_in_isr
                0x00002228       0x20 spm/zephyr/kernel/libspm_kernel.a(thread.c.obj)
                0x00002228                k_is_in_isr
 .text.z_is_thread_essential
                0x00002248       0x10 spm/zephyr/kernel/libspm_kernel.a(thread.c.obj)
                0x00002248                z_is_thread_essential
 .text.z_impl_k_thread_start
                0x00002258       0x48 spm/zephyr/kernel/libspm_kernel.a(thread.c.obj)
                0x00002258                z_impl_k_thread_start
 .text.z_setup_new_thread
                0x000022a0       0x34 spm/zephyr/kernel/libspm_kernel.a(thread.c.obj)
                0x000022a0                z_setup_new_thread
 .text.z_init_static_threads
                0x000022d4       0xb8 spm/zephyr/kernel/libspm_kernel.a(thread.c.obj)
                0x000022d4                z_init_static_threads
 .text.elapsed  0x0000238c       0x14 spm/zephyr/kernel/libspm_kernel.a(timeout.c.obj)
 .text.remove_timeout
                0x000023a0       0x2c spm/zephyr/kernel/libspm_kernel.a(timeout.c.obj)
 .text.next_timeout
                0x000023cc       0x50 spm/zephyr/kernel/libspm_kernel.a(timeout.c.obj)
 .text.z_add_timeout
                0x0000241c       0x88 spm/zephyr/kernel/libspm_kernel.a(timeout.c.obj)
                0x0000241c                z_add_timeout
 .text.z_clock_announce
                0x000024a4       0xac spm/zephyr/kernel/libspm_kernel.a(timeout.c.obj)
                0x000024a4                z_clock_announce
 .text.init_static_pools
                0x00002550       0x28 spm/zephyr/kernel/libspm_kernel.a(mempool.c.obj)
                0x00002550                init_static_pools
 .text.mbedtls_hardware_poll
                0x00002578      0x100 C:/nrfconnect/ncs/nrfxlib/crypto/nrf_cc310_mbedcrypto/lib/cortex-m33/hard-float/no-interrupts/libnrf_cc310_mbedcrypto_0.8.1.a(trng_api.c.obj)
                0x00002578                mbedtls_hardware_poll
 .text.RNG_PLAT_SetUserRngParameters
                0x00002678       0x7c C:/nrfconnect/ncs/nrfxlib/crypto/nrf_cc310_mbedcrypto/lib/cortex-m33/hard-float/no-interrupts/libnrf_cc310_mbedcrypto_0.8.1.a(cc_rng_plat.c.obj)
                0x00002678                RNG_PLAT_SetUserRngParameters
 .text.CC_PalAbort
                0x000026f4       0x24 C:/nrfconnect/ncs/nrfxlib/crypto/nrf_cc310_mbedcrypto/lib/cortex-m33/hard-float/no-interrupts/libnrf_cc310_mbedcrypto_0.8.1.a(cc_pal_abort_plat.c.obj)
                0x000026f4                CC_PalAbort
 .text.CC_PalMemCopyPlat
                0x00002718        0x4 C:/nrfconnect/ncs/nrfxlib/crypto/nrf_cc310_mbedcrypto/lib/cortex-m33/hard-float/no-interrupts/libnrf_cc310_mbedcrypto_0.8.1.a(cc_pal_mem.c.obj)
                0x00002718                CC_PalMemCopyPlat
 .text.CC_PalMemSetZeroPlat
                0x0000271c        0x8 C:/nrfconnect/ncs/nrfxlib/crypto/nrf_cc310_mbedcrypto/lib/cortex-m33/hard-float/no-interrupts/libnrf_cc310_mbedcrypto_0.8.1.a(cc_pal_mem.c.obj)
                0x0000271c                CC_PalMemSetZeroPlat
 .text.CC_PalTrngParamGet
                0x00002724      0x10c C:/nrfconnect/ncs/nrfxlib/crypto/nrf_cc310_mbedcrypto/lib/cortex-m33/hard-float/no-interrupts/libnrf_cc310_mbedcrypto_0.8.1.a(cc_pal_trng.c.obj)
                0x00002724                CC_PalTrngParamGet
 .text.LLF_RND_AdaptiveProportionTest
                0x00002830       0x7c C:/nrfconnect/ncs/nrfxlib/crypto/nrf_cc310_mbedcrypto/lib/cortex-m33/hard-float/no-interrupts/libnrf_cc310_mbedcrypto_0.8.1.a(llf_rnd_trng90b.c.obj)
                0x00002830                LLF_RND_AdaptiveProportionTest
 .text.getTrngSource
                0x000028ac      0x4b4 C:/nrfconnect/ncs/nrfxlib/crypto/nrf_cc310_mbedcrypto/lib/cortex-m33/hard-float/no-interrupts/libnrf_cc310_mbedcrypto_0.8.1.a(llf_rnd_trng90b.c.obj)
 .text.LLF_RND_GetTrngSource
                0x00002d60       0x88 C:/nrfconnect/ncs/nrfxlib/crypto/nrf_cc310_mbedcrypto/lib/cortex-m33/hard-float/no-interrupts/libnrf_cc310_mbedcrypto_0.8.1.a(llf_rnd_trng90b.c.obj)
                0x00002d60                LLF_RND_GetTrngSource
 .text.CC_PalMutexLock
                0x00002de8        0x4 C:/nrfconnect/ncs/nrfxlib/crypto/nrf_cc310_mbedcrypto/lib/cortex-m33/hard-float/no-interrupts/libnrf_cc310_mbedcrypto_0.8.1.a(cc_pal_mutex.c.obj)
                0x00002de8                CC_PalMutexLock
 .text.CC_PalMutexUnlock
                0x00002dec        0x4 C:/nrfconnect/ncs/nrfxlib/crypto/nrf_cc310_mbedcrypto/lib/cortex-m33/hard-float/no-interrupts/libnrf_cc310_mbedcrypto_0.8.1.a(cc_pal_mutex.c.obj)
                0x00002dec                CC_PalMutexUnlock
 .text.CC_PalPowerSaveModeSelect
                0x00002df0       0x70 C:/nrfconnect/ncs/nrfxlib/crypto/nrf_cc310_mbedcrypto/lib/cortex-m33/hard-float/no-interrupts/libnrf_cc310_mbedcrypto_0.8.1.a(cc_pal_pm.c.obj)
                0x00002df0                CC_PalPowerSaveModeSelect
 .text.CC_HalClearInterruptBit
                0x00002e60       0x1c C:/nrfconnect/ncs/nrfxlib/crypto/nrf_cc310_mbedcrypto/lib/cortex-m33/hard-float/no-interrupts/libnrf_cc310_mbedcrypto_0.8.1.a(cc_hal.c.obj)
                0x00002e60                CC_HalClearInterruptBit
 .text.CC_HalMaskInterrupt
                0x00002e7c        0xc C:/nrfconnect/ncs/nrfxlib/crypto/nrf_cc310_mbedcrypto/lib/cortex-m33/hard-float/no-interrupts/libnrf_cc310_mbedcrypto_0.8.1.a(cc_hal.c.obj)
                0x00002e7c                CC_HalMaskInterrupt
 .text.CC_HalWaitInterruptRND
                0x00002e88        0xc C:/nrfconnect/ncs/nrfxlib/crypto/nrf_cc310_mbedcrypto/lib/cortex-m33/hard-float/no-interrupts/libnrf_cc310_mbedcrypto_0.8.1.a(cc_hal.c.obj)
                0x00002e88                CC_HalWaitInterruptRND
 .text.LLF_RND_WaitRngInterrupt
                0x00002e94       0x20 C:/nrfconnect/ncs/nrfxlib/crypto/nrf_cc310_mbedcrypto/lib/cortex-m33/hard-float/no-interrupts/libnrf_cc310_mbedcrypto_0.8.1.a(llf_rnd.c.obj)
                0x00002e94                LLF_RND_WaitRngInterrupt
 .text.LLF_RND_GetRoscSampleCnt
                0x00002eb4       0x3c C:/nrfconnect/ncs/nrfxlib/crypto/nrf_cc310_mbedcrypto/lib/cortex-m33/hard-float/no-interrupts/libnrf_cc310_mbedcrypto_0.8.1.a(llf_rnd.c.obj)
                0x00002eb4                LLF_RND_GetRoscSampleCnt
 .text.LLF_RND_GetFastestRosc
                0x00002ef0       0x20 C:/nrfconnect/ncs/nrfxlib/crypto/nrf_cc310_mbedcrypto/lib/cortex-m33/hard-float/no-interrupts/libnrf_cc310_mbedcrypto_0.8.1.a(llf_rnd.c.obj)
                0x00002ef0                LLF_RND_GetFastestRosc
 .text.LLF_RND_TurnOffTrng
                0x00002f10       0x1c C:/nrfconnect/ncs/nrfxlib/crypto/nrf_cc310_mbedcrypto/lib/cortex-m33/hard-float/no-interrupts/libnrf_cc310_mbedcrypto_0.8.1.a(llf_rnd.c.obj)
                0x00002f10                LLF_RND_TurnOffTrng
 .text.CC_PalWaitInterruptRND
                0x00002f2c       0x30 C:/nrfconnect/ncs/nrfxlib/crypto/nrf_cc310_mbedcrypto/lib/cortex-m33/hard-float/no-interrupts/libnrf_cc310_mbedcrypto_0.8.1.a(cc_pal_interrupt_ctrl.c.obj)
                0x00002f2c                CC_PalWaitInterruptRND
 .text.main     0x00002f5c        0xe spm/spm_app/libspm_app.a(main.c.obj)
                0x00002f5c                main
 .text.arm_cmse_mpu_region_get
                0x00002f6a       0x12 spm/zephyr/libspm_zephyr.a(arm_core_cmse.c.obj)
                0x00002f6a                arm_cmse_mpu_region_get
 .text.get_bit_ptr
                0x00002f7c       0x2c spm/zephyr/libspm_zephyr.a(mempool.c.obj)
 .text.set_free_bit
                0x00002fa8       0x1c spm/zephyr/libspm_zephyr.a(mempool.c.obj)
 .text.z_sys_mem_pool_base_init
                0x00002fc4       0x96 spm/zephyr/libspm_zephyr.a(mempool.c.obj)
                0x00002fc4                z_sys_mem_pool_base_init
 .text.z_thread_entry
                0x0000305a       0x14 spm/zephyr/libspm_zephyr.a(thread_entry.c.obj)
                0x0000305a                z_thread_entry
 .text.z_arch_printk_char_out
                0x0000306e        0x4 spm/zephyr/libspm_zephyr.a(printk.c.obj)
                0x0000306e                z_arch_printk_char_out
 .text.print_err
                0x00003072       0x1c spm/zephyr/libspm_zephyr.a(printk.c.obj)
 .text.z_vprintk
                0x0000308e      0x2b8 spm/zephyr/libspm_zephyr.a(printk.c.obj)
                0x0000308e                z_vprintk
 .text.printk   0x00003346       0x1a spm/zephyr/libspm_zephyr.a(printk.c.obj)
                0x00003346                printk
 .text._ConfigAbsSyms
                0x00003360        0x2 spm/zephyr/libspm_zephyr.a(configs.c.obj)
                0x00003360                _ConfigAbsSyms
 .text.z_platform_init
                0x00003362        0x4 spm/zephyr/libspm_zephyr.a(soc.c.obj)
                0x00003362                z_platform_init
 .text.nrf_power_clock_isr
                0x00003366       0x6e spm/zephyr/libspm_zephyr.a(nrf_power_clock.c.obj)
                0x00003366                nrf_power_clock_isr
 .text.clock_control_init
                0x000033d4       0x16 spm/zephyr/libspm_zephyr.a(nrf_power_clock.c.obj)
 .text.z_clock_isr
                0x000033ea        0x2 spm/zephyr/libspm_zephyr.a(sys_clock_init.c.obj)
                0x000033ea                z_clock_isr
 .text.z_clock_idle_exit
                0x000033ec        0x2 spm/zephyr/libspm_zephyr.a(sys_clock_init.c.obj)
                0x000033ec                z_clock_idle_exit
 .text.sys_clock_disable
                0x000033ee        0x2 spm/zephyr/libspm_zephyr.a(sys_clock_init.c.obj)
                0x000033ee                sys_clock_disable
 .text.spm_request_system_reboot
                0x000033f0       0x74 spm/zephyr/libspm_zephyr.a(secure_services.c.obj)
                0x000033f0                __acle_se_spm_request_system_reboot
 .text.z_irq_spurious
                0x00003464        0x4 spm/zephyr/arch/arm/core/libspm_arch__arm__core.a(irq_manage.c.obj)
                0x00003464                z_irq_spurious
 .text.irq_target_state_set
                0x00003468       0x52 spm/zephyr/arch/arm/core/libspm_arch__arm__core.a(irq_manage.c.obj)
                0x00003468                irq_target_state_set
 .text.z_do_kernel_oops
                0x000034ba        0x8 spm/zephyr/arch/arm/core/libspm_arch__arm__core.a(fatal.c.obj)
                0x000034ba                z_do_kernel_oops
 .text.__nmi    0x000034c2        0xe spm/zephyr/arch/arm/core/cortex_m/libspm_arch__arm__core__cortex_m.a(nmi.c.obj)
                0x000034c2                __nmi
 .text.z_arch_configure_dynamic_mpu_regions
                0x000034d0       0x10 spm/zephyr/arch/arm/core/cortex_m/mpu/libspm_arch__arm__core__cortex_m__mpu.a(arm_core_mpu.c.obj)
                0x000034d0                z_arch_configure_dynamic_mpu_regions
 .text.mpu_configure_region
                0x000034e0       0x44 spm/zephyr/arch/arm/core/cortex_m/mpu/libspm_arch__arm__core__cortex_m__mpu.a(arm_mpu.c.obj)
 .text.strcmp   0x00003524       0x1a spm/zephyr/lib/libc/minimal/libspm_lib__libc__minimal.a(string.c.obj)
                0x00003524                strcmp
 .text.memmove  0x0000353e       0x2e spm/zephyr/lib/libc/minimal/libspm_lib__libc__minimal.a(string.c.obj)
                0x0000353e                memmove
 .text.memcpy   0x0000356c       0x5a spm/zephyr/lib/libc/minimal/libspm_lib__libc__minimal.a(string.c.obj)
                0x0000356c                memcpy
 .text.memset   0x000035c6       0x42 spm/zephyr/lib/libc/minimal/libspm_lib__libc__minimal.a(string.c.obj)
                0x000035c6                memset
 .text._stdout_hook_default
                0x00003608        0x6 spm/zephyr/lib/libc/minimal/libspm_lib__libc__minimal.a(stdout_console.c.obj)
 .text.uarte_nrfx_config_get
                0x0000360e       0x10 spm/zephyr/drivers/serial/libspm_drivers__serial.a(uart_nrfx_uarte.c.obj)
 .text.uarte_nrfx_err_check
                0x0000361e       0x16 spm/zephyr/drivers/serial/libspm_drivers__serial.a(uart_nrfx_uarte.c.obj)
 .text.uarte_nrfx_poll_in
                0x00003634       0x24 spm/zephyr/drivers/serial/libspm_drivers__serial.a(uart_nrfx_uarte.c.obj)
 .text.uarte_nrfx_poll_out
                0x00003658       0x2e spm/zephyr/drivers/serial/libspm_drivers__serial.a(uart_nrfx_uarte.c.obj)
 .text.platform_calloc_uninit
                0x00003686        0x4 spm/zephyr/modules/nrfxlib/nrf_security/src/mbedtls/libspm_mbedcrypto_vanilla.a(platform.c.obj)
 .text.platform_free_uninit
                0x0000368a        0x2 spm/zephyr/modules/nrfxlib/nrf_security/src/mbedtls/libspm_mbedcrypto_vanilla.a(platform.c.obj)
 .text.z_sys_power_save_idle_exit
                0x0000368c        0x4 spm/zephyr/kernel/libspm_kernel.a(idle.c.obj)
                0x0000368c                z_sys_power_save_idle_exit
 .text.z_is_thread_ready
                0x00003690       0x12 spm/zephyr/kernel/libspm_kernel.a(sched.c.obj)
 .text.z_unpend_thread_no_timeout
                0x000036a2       0x32 spm/zephyr/kernel/libspm_kernel.a(sched.c.obj)
                0x000036a2                z_unpend_thread_no_timeout
 .text.z_reschedule
                0x000036d4       0x1c spm/zephyr/kernel/libspm_kernel.a(sched.c.obj)
                0x000036d4                z_reschedule
 .text.z_reschedule_irqlock
                0x000036f0       0x1e spm/zephyr/kernel/libspm_kernel.a(sched.c.obj)
                0x000036f0                z_reschedule_irqlock
 .text.z_reschedule_unlocked
                0x0000370e       0x14 spm/zephyr/kernel/libspm_kernel.a(sched.c.obj)
 .text.z_priq_dumb_best
                0x00003722        0xc spm/zephyr/kernel/libspm_kernel.a(sched.c.obj)
                0x00003722                z_priq_dumb_best
 .text.z_thread_timeout
                0x0000372e       0x62 spm/zephyr/kernel/libspm_kernel.a(sched.c.obj)
                0x0000372e                z_thread_timeout
 .text.z_is_thread_ready
                0x00003790       0x12 spm/zephyr/kernel/libspm_kernel.a(thread.c.obj)
 .text.z_thread_single_abort
                0x000037a2       0x3e spm/zephyr/kernel/libspm_kernel.a(thread.c.obj)
                0x000037a2                z_thread_single_abort
 .text.z_init_thread_base
                0x000037e0       0x10 spm/zephyr/kernel/libspm_kernel.a(thread.c.obj)
                0x000037e0                z_init_thread_base
 .text.z_abort_timeout
                0x000037f0       0x2c spm/zephyr/kernel/libspm_kernel.a(timeout.c.obj)
                0x000037f0                z_abort_timeout
 .text.z_get_next_timeout_expiry
                0x0000381c       0x20 spm/zephyr/kernel/libspm_kernel.a(timeout.c.obj)
                0x0000381c                z_get_next_timeout_expiry
 .text.z_set_timeout_expiry
                0x0000383c       0x34 spm/zephyr/kernel/libspm_kernel.a(timeout.c.obj)
                0x0000383c                z_set_timeout_expiry
 .text._OffsetAbsSyms
                0x00003870        0x2 spm/zephyr/CMakeFiles/spm_offsets.dir/arch/arm/core/offsets/offsets.c.obj
                0x00003870                _OffsetAbsSyms
 *(SORT_BY_ALIGNMENT(.gnu.linkonce.t.*))
 *(SORT_BY_ALIGNMENT(.glue_7t))
 .glue_7t       0x00003872        0x0 linker stubs
 *(SORT_BY_ALIGNMENT(.glue_7))
 .glue_7        0x00003872        0x0 linker stubs
 *(SORT_BY_ALIGNMENT(.vfp11_veneer))
 .vfp11_veneer  0x00003872        0x0 linker stubs
 *(SORT_BY_ALIGNMENT(.v4_bx))
 .v4_bx         0x00003872        0x0 linker stubs
                0x00003872                _image_text_end = .

.ARM.exidx      0x00003874        0x8
                0x00003874                __exidx_start = .
 *(SORT_BY_ALIGNMENT(.ARM.exidx*) SORT_BY_ALIGNMENT(gnu.linkonce.armexidx.*))
 .ARM.exidx     0x00003874        0x8 c:/gnuarmemb/7 2018-q2-update/bin/../lib/gcc/arm-none-eabi/7.3.1/thumb/v8-m.main/fpv5-sp/hard\libgcc.a(_udivmoddi4.o)
                0x0000387c                __exidx_end = .
                0x0000387c                _image_rodata_start = .

sw_isr_table    0x0000387c      0x208
 *(SORT_BY_ALIGNMENT(.gnu.linkonce.sw_isr_table))
 .gnu.linkonce.sw_isr_table
                0x0000387c      0x208 spm/zephyr/CMakeFiles/spm_zephyr_final.dir/isr_tables.c.obj
                0x0000387c                _sw_isr_table

app_shmem_regions
                0x00003a84        0x0
                0x00003a84                __app_shmem_regions_start = .
 *(SORT_BY_NAME(SORT_BY_ALIGNMENT(.app_regions.*)))
                0x00003a84                __app_shmem_regions_end = .

devconfig       0x00003a84       0x60
                0x00003a84                __devconfig_start = .
 *(SORT_BY_ALIGNMENT(.devconfig.*))
 .devconfig.init
                0x00003a84        0xc spm/zephyr/libspm_zephyr.a(soc.c.obj)
 .devconfig.init
                0x00003a90        0xc spm/zephyr/libspm_zephyr.a(uart_console.c.obj)
 .devconfig.init
                0x00003a9c       0x18 spm/zephyr/libspm_zephyr.a(nrf_power_clock.c.obj)
 .devconfig.init
                0x00003ab4        0xc spm/zephyr/libspm_zephyr.a(sys_clock_init.c.obj)
 .devconfig.init
                0x00003ac0        0xc spm/zephyr/arch/arm/core/cortex_m/mpu/libspm_arch__arm__core__cortex_m__mpu.a(arm_mpu.c.obj)
 .devconfig.init
                0x00003acc        0xc spm/zephyr/drivers/serial/libspm_drivers__serial.a(uart_nrfx_uarte.c.obj)
 .devconfig.init
                0x00003ad8        0xc spm/zephyr/kernel/libspm_kernel.a(mempool.c.obj)
 *(SORT_BY_NAME(SORT_BY_ALIGNMENT(.devconfig*)))
                0x00003ae4                __devconfig_end = .

net_l2          0x00003ae4        0x0
                0x00003ae4                __net_l2_start = .
 *(SORT_BY_ALIGNMENT(.net_l2.init))
 *(SORT_BY_NAME(SORT_BY_ALIGNMENT(.net_l2.init*)))
                0x00003ae4                __net_l2_end = .

_bt_channels_area
                0x00003ae4        0x0
                0x00003ae4                _bt_channels_start = .
 *(SORT_BY_NAME(SORT_BY_ALIGNMENT(._bt_channels.static.*)))
                0x00003ae4                _bt_channels_end = .

_bt_services_area
                0x00003ae4        0x0
                0x00003ae4                _bt_services_start = .
 *(SORT_BY_NAME(SORT_BY_ALIGNMENT(._bt_services.static.*)))
                0x00003ae4                _bt_services_end = .

log_const_sections
                0x00003ae4        0x0
                0x00003ae4                __log_const_start = .
 *(SORT_BY_NAME(SORT_BY_ALIGNMENT(.log_const_*)))
                0x00003ae4                __log_const_end = .

log_backends_sections
                0x00003ae4        0x0
                0x00003ae4                __log_backends_start = .
 *(SORT_BY_ALIGNMENT(.log_backends))
                0x00003ae4                __log_backends_end = .

shell_root_cmds_sections
                0x00003ae4        0x0
                0x00003ae4                __shell_root_cmds_start = .
 *(SORT_BY_NAME(SORT_BY_ALIGNMENT(.shell_root_cmd_*)))
                0x00003ae4                __shell_root_cmds_end = .

font_entry_sections
                0x00003ae4        0x0
                0x00003ae4                __font_entry_start = .
 *(SORT_BY_NAME(SORT_BY_ALIGNMENT(.font_entry.*)))
                0x00003ae4                __font_entry_end = .

rodata          0x00003ae4      0xb20
 *(SORT_BY_ALIGNMENT(.rodata))
 *(SORT_BY_ALIGNMENT(.rodata.*))
 .rodata.mpu_config
                0x00003ae4        0x8 spm/zephyr/libspm_zephyr.a(mpu_regions.c.obj)
                0x00003ae4                mpu_config
 .rodata.mpu_regions
                0x00003aec       0x20 spm/zephyr/libspm_zephyr.a(mpu_regions.c.obj)
 .rodata._k32src_clock_control_api
                0x00003b0c        0xc spm/zephyr/libspm_zephyr.a(nrf_power_clock.c.obj)
 .rodata._m16src_clock_control_api
                0x00003b18        0xc spm/zephyr/libspm_zephyr.a(nrf_power_clock.c.obj)
 .rodata.flash_perm.11122
                0x00003b24       0x80 spm/zephyr/libspm_zephyr.a(spm.c.obj)
 .rodata.periph.11153
                0x00003ba4       0xb0 spm/zephyr/libspm_zephyr.a(spm.c.obj)
 .rodata.sram_perm.11130
                0x00003c54       0x80 spm/zephyr/libspm_zephyr.a(spm.c.obj)
 .rodata.uart_nrfx_uarte_driver_api
                0x00003cd4       0x14 spm/zephyr/drivers/serial/libspm_drivers__serial.a(uart_nrfx_uarte.c.obj)
 .rodata.uarte_0z_config
                0x00003ce8        0x8 spm/zephyr/drivers/serial/libspm_drivers__serial.a(uart_nrfx_uarte.c.obj)
 .rodata.config_levels.10747
                0x00003cf0       0x14 spm/zephyr/kernel/libspm_kernel.a(device.c.obj)
 .rodata._k_neg_eagain
                0x00003d04        0x4 spm/zephyr/kernel/libspm_kernel.a(errno.c.obj)
                0x00003d04                _k_neg_eagain
 .rodata._idle_thread
                0x00003d08        0x4 spm/zephyr/kernel/libspm_kernel.a(init.c.obj)
                0x00003d08                _idle_thread
 .rodata.LLF_RND_GetTrngSource.str1.4
                0x00003d0c       0x70 C:/nrfconnect/ncs/nrfxlib/crypto/nrf_cc310_mbedcrypto/lib/cortex-m33/hard-float/no-interrupts/libnrf_cc310_mbedcrypto_0.8.1.a(llf_rnd_trng90b.c.obj)
                                 0x6f (size before relaxing)
 .rodata.str1.1
                0x00003d7c        0x0 spm/zephyr/libspm_zephyr.a(soc.c.obj)
                                  0x1 (size before relaxing)
 .rodata.str1.1
                0x00003d7c        0xf spm/zephyr/libspm_zephyr.a(mpu_regions.c.obj)
 .rodata.sys_reboot.str1.1
                0x00003d8b       0x29 spm/zephyr/libspm_zephyr.a(reboot.c.obj)
 .rodata.str1.1
                0x00003db4        0x1 spm/zephyr/libspm_zephyr.a(uart_console.c.obj)
 .rodata.uart_console_init.str1.1
                0x00003db4        0x7 spm/zephyr/libspm_zephyr.a(uart_console.c.obj)
 .rodata.str1.1
                0x00003dbb       0x14 spm/zephyr/libspm_zephyr.a(nrf_power_clock.c.obj)
 .rodata.str1.1
                0x00003dcf        0xa spm/zephyr/libspm_zephyr.a(sys_clock_init.c.obj)
 .rodata.z_clock_driver_init.str1.1
                0x00003dd9        0xa spm/zephyr/libspm_zephyr.a(nrf_rtc_timer.c.obj)
 .rodata.spm_config.str1.1
                0x00003dd9      0x113 spm/zephyr/libspm_zephyr.a(spm.c.obj)
                                0x120 (size before relaxing)
 .rodata.spm_jump.str1.1
                0x00003eec       0x75 spm/zephyr/libspm_zephyr.a(spm.c.obj)
 .rodata.str1.1
                0x00003f61       0xd2 spm/zephyr/libspm_zephyr.a(spm.c.obj)
 .rodata.BusFault.isra.3.str1.1
                0x00004033       0x8e spm/zephyr/arch/arm/core/libspm_arch__arm__core.a(fault.c.obj)
 .rodata.MpuFault.isra.2.str1.1
                0x000040c1       0xdf spm/zephyr/arch/arm/core/libspm_arch__arm__core.a(fault.c.obj)
 .rodata.SecureFault.isra.5.str1.1
                0x000041a0       0xe0 spm/zephyr/arch/arm/core/libspm_arch__arm__core.a(fault.c.obj)
 .rodata.UsageFault.isra.4.str1.1
                0x00004280       0xff spm/zephyr/arch/arm/core/libspm_arch__arm__core.a(fault.c.obj)
 .rodata._Fault.str1.1
                0x0000437f      0x118 spm/zephyr/arch/arm/core/libspm_arch__arm__core.a(fault.c.obj)
 .rodata.z_NanoFatalErrorHandler.str1.1
                0x00004497       0xda spm/zephyr/arch/arm/core/libspm_arch__arm__core.a(fatal.c.obj)
 .rodata.z_SysFatalErrorHandler.str1.1
                0x00004571       0x5a spm/zephyr/arch/arm/core/libspm_arch__arm__core.a(sys_fatal_error_handler.c.obj)
 .rodata.str1.1
                0x000045cb        0x1 spm/zephyr/arch/arm/core/cortex_m/mpu/libspm_arch__arm__core__cortex_m__mpu.a(arm_mpu.c.obj)
 .rodata.str1.1
                0x000045cb        0x7 spm/zephyr/drivers/serial/libspm_drivers__serial.a(uart_nrfx_uarte.c.obj)
 .rodata.bg_thread_main.str1.1
                0x000045cb       0x2d spm/zephyr/kernel/libspm_kernel.a(init.c.obj)
 .rodata.z_cstart.str1.1
                0x000045f8        0xa spm/zephyr/kernel/libspm_kernel.a(init.c.obj)
 .rodata.str1.1
                0x00004602        0x1 spm/zephyr/kernel/libspm_kernel.a(mempool.c.obj)
 *(SORT_BY_ALIGNMENT(.gnu.linkonce.r.*))
                0x00004604                . = ALIGN (0x4)
 *fill*         0x00004602        0x2 
                0x00004604                _ext_abis_start = .
 *(SORT_BY_ALIGNMENT(.ext_abis))
                0x00000000                _ext_abis_size = ABSOLUTE (((. - _ext_abis_start) / 0x4))
                0x00004604                . = ALIGN (0x4)
                0x00004604                _image_rodata_end = .
                0x00004620                . = ALIGN (_region_min_align)
                0x00004620                _image_rom_end = .
                0x20000000                . = 0x20000000
                0x20000000                . = ALIGN (_region_min_align)
                0x20000000                _image_ram_start = .

.ramfunc        0x20000000        0x0 load address 0x00004604
                0x20000000                . = ALIGN (_region_min_align)
                0x20000000                _ramfunc_ram_start = .
 *(SORT_BY_ALIGNMENT(.ramfunc))
 *(SORT_BY_ALIGNMENT(.ramfunc.*))
                0x20000000                . = ALIGN (_region_min_align)
                0x20000000                _ramfunc_ram_end = .
                0x00000000                _ramfunc_ram_size = (_ramfunc_ram_end - _ramfunc_ram_start)
                0x00004604                _ramfunc_rom_start = LOADADDR (.ramfunc)

bss             0x20000000     0x192c
                0x20000000                . = ALIGN (0x4)
                0x20000000                __bss_start = .
                0x20000000                __kernel_ram_start = .
 *(SORT_BY_ALIGNMENT(.bss))
 *(SORT_BY_ALIGNMENT(.bss.*))
 .bss.curr_tick
                0x20000000        0x8 spm/zephyr/kernel/libspm_kernel.a(timeout.c.obj)
 .bss.uart_console_dev
                0x20000008        0x4 spm/zephyr/libspm_zephyr.a(uart_console.c.obj)
 .bss.last_count
                0x2000000c        0x4 spm/zephyr/libspm_zephyr.a(nrf_rtc_timer.c.obj)
 .bss.rng_workbuf
                0x20000010     0x17e0 spm/zephyr/libspm_zephyr.a(secure_services.c.obj)
 .bss.dyn_reg_info
                0x200017f0       0x14 spm/zephyr/arch/arm/core/cortex_m/mpu/libspm_arch__arm__core__cortex_m__mpu.a(arm_mpu.c.obj)
 .bss._idle_thread_s
                0x20001804       0x6c spm/zephyr/kernel/libspm_kernel.a(init.c.obj)
 .bss._main_thread_s
                0x20001870       0x6c spm/zephyr/kernel/libspm_kernel.a(init.c.obj)
 .bss._kernel   0x200018dc       0x30 spm/zephyr/kernel/libspm_kernel.a(sched.c.obj)
                0x200018dc                _kernel
 .bss.pending_current
                0x2000190c        0x4 spm/zephyr/kernel/libspm_kernel.a(sched.c.obj)
 .bss.slice_max_prio
                0x20001910        0x4 spm/zephyr/kernel/libspm_kernel.a(sched.c.obj)
 .bss.slice_time
                0x20001914        0x4 spm/zephyr/kernel/libspm_kernel.a(sched.c.obj)
 .bss.announce_remaining
                0x20001918        0x4 spm/zephyr/kernel/libspm_kernel.a(timeout.c.obj)
 .bss.k32src_initialized
                0x2000191c        0x1 spm/zephyr/libspm_zephyr.a(nrf_power_clock.c.obj)
 .bss.m16src_grd
                0x2000191d        0x1 spm/zephyr/libspm_zephyr.a(nrf_power_clock.c.obj)
 .bss.m16src_ref
                0x2000191e        0x1 spm/zephyr/libspm_zephyr.a(nrf_power_clock.c.obj)
 .bss.static_regions_num
                0x2000191f        0x1 spm/zephyr/arch/arm/core/cortex_m/mpu/libspm_arch__arm__core__cortex_m__mpu.a(arm_mpu.c.obj)
 .bss.lock      0x20001920        0x0 spm/zephyr/kernel/libspm_kernel.a(thread.c.obj)
 .bss.can_wait_forever
                0x20001920        0x1 spm/zephyr/kernel/libspm_kernel.a(timeout.c.obj)
 *(SORT_BY_ALIGNMENT(COMMON))
 *fill*         0x20001921        0x3 
 COMMON         0x20001924        0x4 C:/nrfconnect/ncs/nrfxlib/crypto/nrf_cc310_mbedcrypto/lib/cortex-m33/hard-float/no-interrupts/libnrf_cc310_mbedcrypto_0.8.1.a(cc_lib.c.obj)
                0x20001924                pCCRndCryptoMutex
 COMMON         0x20001928        0x4 C:/nrfconnect/ncs/nrfxlib/crypto/nrf_cc310_mbedcrypto/lib/cortex-m33/hard-float/no-interrupts/libnrf_cc310_mbedcrypto_0.8.1.a(cc_pal_pm.c.obj)
                0x20001928                m_power_save_count
 *(SORT_BY_ALIGNMENT(.kernel_bss.*))
                0x2000192c                __bss_end = ALIGN (0x4)

noinit          0x20001930      0xd40
 *(SORT_BY_ALIGNMENT(.noinit))
 *(SORT_BY_ALIGNMENT(.noinit.*))
 .noinit."C:/nrfconnect/ncs/zephyr/kernel/init.c".1
                0x20001930      0x400 spm/zephyr/kernel/libspm_kernel.a(init.c.obj)
                0x20001930                _main_stack
 .noinit."C:/nrfconnect/ncs/zephyr/kernel/init.c".2
                0x20001d30      0x140 spm/zephyr/kernel/libspm_kernel.a(init.c.obj)
                0x20001d30                _idle_stack
 .noinit."C:/nrfconnect/ncs/zephyr/kernel/init.c".3
                0x20001e70      0x800 spm/zephyr/kernel/libspm_kernel.a(init.c.obj)
                0x20001e70                _interrupt_stack
 *(SORT_BY_ALIGNMENT(.kernel_noinit.*))

datas           0x20002670       0x2c load address 0x00004604
                0x20002670                __data_ram_start = .
 *(SORT_BY_ALIGNMENT(.data))
 *(SORT_BY_ALIGNMENT(.data.*))
 .data._char_out
                0x20002670        0x4 spm/zephyr/libspm_zephyr.a(printk.c.obj)
                0x20002670                _char_out
 .data.SystemCoreClock
                0x20002674        0x4 spm/zephyr/libspm_zephyr.a(system_nrf9160.c.obj)
                0x20002674                SystemCoreClock
 .data._stdout_hook
                0x20002678        0x4 spm/zephyr/lib/libc/minimal/libspm_lib__libc__minimal.a(stdout_console.c.obj)
 .data.uarte_0_data
                0x2000267c        0xc spm/zephyr/drivers/serial/libspm_drivers__serial.a(uart_nrfx_uarte.c.obj)
 .data.mbedtls_calloc_func
                0x20002688        0x4 spm/zephyr/modules/nrfxlib/nrf_security/src/mbedtls/libspm_mbedcrypto_vanilla.a(platform.c.obj)
 .data.mbedtls_free_func
                0x2000268c        0x4 spm/zephyr/modules/nrfxlib/nrf_security/src/mbedtls/libspm_mbedcrypto_vanilla.a(platform.c.obj)
 .data.memset_func
                0x20002690        0x4 spm/zephyr/modules/nrfxlib/nrf_security/src/mbedtls/libspm_mbedcrypto_vanilla.a(platform_util.c.obj)
 .data.timeout_list
                0x20002694        0x8 spm/zephyr/kernel/libspm_kernel.a(timeout.c.obj)
 *(SORT_BY_ALIGNMENT(.kernel.*))
                0x00004604                __data_rom_start = LOADADDR (datas)

initlevel       0x2000269c       0x60 load address 0x00004630
                0x2000269c                __device_init_start = .
                0x2000269c                __device_PRE_KERNEL_1_start = .
 *(SORT_BY_NAME(SORT_BY_ALIGNMENT(.init_PRE_KERNEL_1[0-9])))
 .init_PRE_KERNEL_10
                0x2000269c        0xc spm/zephyr/libspm_zephyr.a(soc.c.obj)
 *(SORT_BY_NAME(SORT_BY_ALIGNMENT(.init_PRE_KERNEL_1[1-9][0-9])))
 .init_PRE_KERNEL_130
                0x200026a8        0xc spm/zephyr/kernel/libspm_kernel.a(mempool.c.obj)
 .init_PRE_KERNEL_140
                0x200026b4        0xc spm/zephyr/arch/arm/core/cortex_m/mpu/libspm_arch__arm__core__cortex_m__mpu.a(arm_mpu.c.obj)
 .init_PRE_KERNEL_150
                0x200026c0       0x18 spm/zephyr/libspm_zephyr.a(nrf_power_clock.c.obj)
 .init_PRE_KERNEL_150
                0x200026d8        0xc spm/zephyr/drivers/serial/libspm_drivers__serial.a(uart_nrfx_uarte.c.obj)
 .init_PRE_KERNEL_160
                0x200026e4        0xc spm/zephyr/libspm_zephyr.a(uart_console.c.obj)
                0x200026f0                __device_PRE_KERNEL_2_start = .
 *(SORT_BY_NAME(SORT_BY_ALIGNMENT(.init_PRE_KERNEL_2[0-9])))
 .init_PRE_KERNEL_20
                0x200026f0        0xc spm/zephyr/libspm_zephyr.a(sys_clock_init.c.obj)
 *(SORT_BY_NAME(SORT_BY_ALIGNMENT(.init_PRE_KERNEL_2[1-9][0-9])))
                0x200026fc                __device_POST_KERNEL_start = .
 *(SORT_BY_NAME(SORT_BY_ALIGNMENT(.init_POST_KERNEL[0-9])))
 *(SORT_BY_NAME(SORT_BY_ALIGNMENT(.init_POST_KERNEL[1-9][0-9])))
                0x200026fc                __device_APPLICATION_start = .
 *(SORT_BY_NAME(SORT_BY_ALIGNMENT(.init_APPLICATION[0-9])))
 *(SORT_BY_NAME(SORT_BY_ALIGNMENT(.init_APPLICATION[1-9][0-9])))
                0x200026fc                __device_init_end = .

initlevel_error
                0x2000269c        0x0
 *(SORT_BY_NAME(SORT_BY_ALIGNMENT(.init_[_A-Z0-9]*)))
                0x00000001                ASSERT ((SIZEOF (initlevel_error) == 0x0), Undefined initialization levels used.)

initshell       0x200026fc        0x0 load address 0x00004690
                0x200026fc                __shell_module_start = .
 *(SORT_BY_ALIGNMENT(.shell_module_*))
                0x200026fc                __shell_module_end = .
                0x200026fc                __shell_cmd_start = .
 *(SORT_BY_ALIGNMENT(.shell_cmd_*))
                0x200026fc                __shell_cmd_end = .

log_dynamic_sections
                0x200026fc        0x0 load address 0x00004690
                0x200026fc                __log_dynamic_start = .
 *(SORT_BY_NAME(SORT_BY_ALIGNMENT(.log_dynamic_*)))
                0x200026fc                __log_dynamic_end = .

_static_thread_area
                0x200026fc        0x0 load address 0x00004690
                0x200026fc                _static_thread_data_list_start = .
 *(SORT_BY_NAME(SORT_BY_ALIGNMENT(._static_thread_data.static.*)))
                0x200026fc                _static_thread_data_list_end = .

_k_timer_area   0x200026fc        0x0 load address 0x00004690
                0x200026fc                _k_timer_list_start = .
 *(SORT_BY_ALIGNMENT(._k_timer.static.*))
                0x200026fc                _k_timer_list_end = .

_k_mem_slab_area
                0x200026fc        0x0 load address 0x00004690
                0x200026fc                _k_mem_slab_list_start = .
 *(SORT_BY_ALIGNMENT(._k_mem_slab.static.*))
                0x200026fc                _k_mem_slab_list_end = .

_k_mem_pool_area
                0x200026fc        0x0 load address 0x00004690
                0x200026fc                _k_mem_pool_list_start = .
 *(SORT_BY_ALIGNMENT(._k_mem_pool.static.*))
                0x200026fc                _k_mem_pool_list_end = .

_k_sem_area     0x200026fc        0x0 load address 0x00004690
                0x200026fc                _k_sem_list_start = .
 *(SORT_BY_ALIGNMENT(._k_sem.static.*))
                0x200026fc                _k_sem_list_end = .

_k_mutex_area   0x200026fc       0x14 load address 0x00004690
                0x200026fc                _k_mutex_list_start = .
 *(SORT_BY_ALIGNMENT(._k_mutex.static.*))
 ._k_mutex.static.fdtable_lock
                0x200026fc       0x14 spm/zephyr/libspm_zephyr.a(fdtable.c.obj)
                0x20002710                _k_mutex_list_end = .

_k_queue_area   0x20002710        0x0 load address 0x000046a4
                0x20002710                _k_queue_list_start = .
 *(SORT_BY_ALIGNMENT(._k_queue.static.*))
                0x20002710                _k_queue_list_end = .

_k_stack_area   0x20002710        0x0 load address 0x000046a4
                0x20002710                _k_stack_list_start = .
 *(SORT_BY_ALIGNMENT(._k_stack.static.*))
                0x20002710                _k_stack_list_end = .

_k_msgq_area    0x20002710        0x0 load address 0x000046a4
                0x20002710                _k_msgq_list_start = .
 *(SORT_BY_ALIGNMENT(._k_msgq.static.*))
                0x20002710                _k_msgq_list_end = .

_k_mbox_area    0x20002710        0x0 load address 0x000046a4
                0x20002710                _k_mbox_list_start = .
 *(SORT_BY_ALIGNMENT(._k_mbox.static.*))
                0x20002710                _k_mbox_list_end = .

_k_pipe_area    0x20002710        0x0 load address 0x000046a4
                0x20002710                _k_pipe_list_start = .
 *(SORT_BY_ALIGNMENT(._k_pipe.static.*))
                0x20002710                _k_pipe_list_end = .

_net_buf_pool_area
                0x20002710        0x0 load address 0x000046a4
                0x20002710                _net_buf_pool_list = .
 *(SORT_BY_NAME(SORT_BY_ALIGNMENT(._net_buf_pool.static.*)))

net_if          0x20002710        0x0 load address 0x000046a4
                0x20002710                __net_if_start = .
 *(SORT_BY_ALIGNMENT(.net_if.*))
 *(SORT_BY_NAME(SORT_BY_ALIGNMENT(.net_if.*)))
                0x20002710                __net_if_end = .

net_if_dev      0x20002710        0x0 load address 0x000046a4
                0x20002710                __net_if_dev_start = .
 *(SORT_BY_ALIGNMENT(.net_if_dev.*))
 *(SORT_BY_NAME(SORT_BY_ALIGNMENT(.net_if_dev.*)))
                0x20002710                __net_if_dev_end = .

net_l2_data     0x20002710        0x0 load address 0x000046a4
                0x20002710                __net_l2_data_start = .
 *(SORT_BY_ALIGNMENT(.net_l2.data))
 *(SORT_BY_NAME(SORT_BY_ALIGNMENT(.net_l2.data*)))
                0x20002710                __net_l2_data_end = .

priv_stacks_noinit
 *(SORT_BY_ALIGNMENT(.priv_stacks.noinit))
                0x20002710                __data_ram_end = .
                0x20002710                _image_ram_end = .
                0x20002710                _end = .
                0x20010000                __kernel_ram_end = 0x20010000
                0x00010000                __kernel_ram_size = (__kernel_ram_end - __kernel_ram_start)
                0x00000001                ASSERT (((((_image_rom_start + _flash_used) - 0x1) / 0x8000) < 0x1), SPM and app are sharing an SPU region. Cannot partition flash correctly into secure and non-secure. Adjust partitions sizes so they are placed in separate regions.)

.stab
 *(SORT_BY_ALIGNMENT(.stab))

.stabstr
 *(SORT_BY_ALIGNMENT(.stabstr))

.stab.excl
 *(SORT_BY_ALIGNMENT(.stab.excl))

.stab.exclstr
 *(SORT_BY_ALIGNMENT(.stab.exclstr))

.stab.index
 *(SORT_BY_ALIGNMENT(.stab.index))

.stab.indexstr
 *(SORT_BY_ALIGNMENT(.stab.indexstr))

.gnu.build.attributes
 *(SORT_BY_ALIGNMENT(.gnu.build.attributes) SORT_BY_ALIGNMENT(.gnu.build.attributes.*))

.comment        0x00000000       0x7f
 *(SORT_BY_ALIGNMENT(.comment))
 .comment       0x00000000       0x7f spm/zephyr/CMakeFiles/spm_zephyr_final.dir/isr_tables.c.obj
                                 0x80 (size before relaxing)
 .comment       0x0000007f       0x80 spm/spm_app/libspm_app.a(main.c.obj)
 .comment       0x0000007f       0x80 spm/zephyr/libspm_zephyr.a(isr_tables.c.obj)
 .comment       0x0000007f       0x80 spm/zephyr/libspm_zephyr.a(arm_core_cmse.c.obj)
 .comment       0x0000007f       0x80 spm/zephyr/libspm_zephyr.a(arm_core_tz.c.obj)
 .comment       0x0000007f       0x80 spm/zephyr/libspm_zephyr.a(fdtable.c.obj)
 .comment       0x0000007f       0x80 spm/zephyr/libspm_zephyr.a(mempool.c.obj)
 .comment       0x0000007f       0x80 spm/zephyr/libspm_zephyr.a(thread_entry.c.obj)
 .comment       0x0000007f       0x80 spm/zephyr/libspm_zephyr.a(printk.c.obj)
 .comment       0x0000007f       0x80 spm/zephyr/libspm_zephyr.a(configs.c.obj)
 .comment       0x0000007f       0x80 spm/zephyr/libspm_zephyr.a(soc.c.obj)
 .comment       0x0000007f       0x80 spm/zephyr/libspm_zephyr.a(mpu_regions.c.obj)
 .comment       0x0000007f       0x80 spm/zephyr/libspm_zephyr.a(system_nrf9160.c.obj)
 .comment       0x0000007f       0x80 spm/zephyr/libspm_zephyr.a(uart_console.c.obj)
 .comment       0x0000007f       0x80 spm/zephyr/libspm_zephyr.a(nrf_power_clock.c.obj)
 .comment       0x0000007f       0x80 spm/zephyr/libspm_zephyr.a(sys_clock_init.c.obj)
 .comment       0x0000007f       0x80 spm/zephyr/libspm_zephyr.a(nrf_rtc_timer.c.obj)
 .comment       0x0000007f       0x80 spm/zephyr/libspm_zephyr.a(spm.c.obj)
 .comment       0x0000007f       0x80 spm/zephyr/arch/arm/core/libspm_arch__arm__core.a(irq_init.c.obj)
 .comment       0x0000007f       0x80 spm/zephyr/arch/arm/core/libspm_arch__arm__core.a(swap.c.obj)
 .comment       0x0000007f       0x80 spm/zephyr/arch/arm/core/libspm_arch__arm__core.a(fault.c.obj)
 .comment       0x0000007f       0x80 spm/zephyr/arch/arm/core/libspm_arch__arm__core.a(irq_manage.c.obj)
 .comment       0x0000007f       0x80 spm/zephyr/arch/arm/core/libspm_arch__arm__core.a(thread.c.obj)
 .comment       0x0000007f       0x80 spm/zephyr/arch/arm/core/libspm_arch__arm__core.a(fatal.c.obj)
 .comment       0x0000007f       0x80 spm/zephyr/arch/arm/core/libspm_arch__arm__core.a(sys_fatal_error_handler.c.obj)
 .comment       0x0000007f       0x80 spm/zephyr/arch/arm/core/libspm_arch__arm__core.a(thread_abort.c.obj)
 .comment       0x0000007f       0x80 spm/zephyr/arch/arm/core/cortex_m/libspm_arch__arm__core__cortex_m.a(prep_c.c.obj)
 .comment       0x0000007f       0x80 spm/zephyr/arch/arm/core/cortex_m/libspm_arch__arm__core__cortex_m.a(nmi.c.obj)
 .comment       0x0000007f       0x80 spm/zephyr/arch/arm/core/cortex_m/mpu/libspm_arch__arm__core__cortex_m__mpu.a(arm_core_mpu.c.obj)
 .comment       0x0000007f       0x80 spm/zephyr/arch/arm/core/cortex_m/mpu/libspm_arch__arm__core__cortex_m__mpu.a(arm_mpu.c.obj)
 .comment       0x0000007f       0x80 spm/zephyr/lib/libc/minimal/libspm_lib__libc__minimal.a(string.c.obj)
 .comment       0x0000007f       0x80 spm/zephyr/lib/libc/minimal/libspm_lib__libc__minimal.a(stdout_console.c.obj)
 .comment       0x0000007f       0x80 spm/zephyr/drivers/serial/libspm_drivers__serial.a(uart_nrfx_uarte.c.obj)
 .comment       0x0000007f       0x80 spm/zephyr/kernel/libspm_kernel.a(device.c.obj)
 .comment       0x0000007f       0x80 spm/zephyr/kernel/libspm_kernel.a(errno.c.obj)
 .comment       0x0000007f       0x80 spm/zephyr/kernel/libspm_kernel.a(idle.c.obj)
 .comment       0x0000007f       0x80 spm/zephyr/kernel/libspm_kernel.a(init.c.obj)
 .comment       0x0000007f       0x80 spm/zephyr/kernel/libspm_kernel.a(sched.c.obj)
 .comment       0x0000007f       0x80 spm/zephyr/kernel/libspm_kernel.a(thread.c.obj)
 .comment       0x0000007f       0x80 spm/zephyr/kernel/libspm_kernel.a(timeout.c.obj)
 .comment       0x0000007f       0x80 spm/zephyr/kernel/libspm_kernel.a(mempool.c.obj)
 .comment       0x0000007f       0x80 spm/zephyr/CMakeFiles/spm_offsets.dir/arch/arm/core/offsets/offsets.c.obj

.debug
 *(SORT_BY_ALIGNMENT(.debug))

.line
 *(SORT_BY_ALIGNMENT(.line))

.debug_srcinfo
 *(SORT_BY_ALIGNMENT(.debug_srcinfo))

.debug_sfnames
 *(SORT_BY_ALIGNMENT(.debug_sfnames))

.debug_aranges  0x00000000      0xcb0
 *(SORT_BY_ALIGNMENT(.debug_aranges))
 .debug_aranges
                0x00000000       0x20 spm/zephyr/arch/arm/core/libspm_arch__arm__core.a(exc_exit.S.obj)
 .debug_aranges
                0x00000020       0x28 spm/zephyr/arch/arm/core/libspm_arch__arm__core.a(swap_helper.S.obj)
 .debug_aranges
                0x00000048       0x40 spm/zephyr/arch/arm/core/libspm_arch__arm__core.a(cpu_idle.S.obj)
 .debug_aranges
                0x00000088       0x20 spm/zephyr/arch/arm/core/libspm_arch__arm__core.a(fault_s.S.obj)
 .debug_aranges
                0x000000a8       0x20 spm/zephyr/arch/arm/core/libspm_arch__arm__core.a(isr_wrapper.S.obj)
 .debug_aranges
                0x000000c8       0x20 spm/zephyr/arch/arm/core/cortex_m/libspm_arch__arm__core__cortex_m.a(reset.S.obj)
 .debug_aranges
                0x000000e8       0x20 spm/zephyr/arch/arm/core/cortex_m/libspm_arch__arm__core__cortex_m.a(nmi_on_reset.S.obj)
 .debug_aranges
                0x00000108       0x18 spm/zephyr/CMakeFiles/spm_zephyr_final.dir/isr_tables.c.obj
 .debug_aranges
                0x00000120       0x20 spm/spm_app/libspm_app.a(main.c.obj)
 .debug_aranges
                0x00000140       0x18 spm/zephyr/libspm_zephyr.a(isr_tables.c.obj)
 .debug_aranges
                0x00000158       0x80 spm/zephyr/libspm_zephyr.a(arm_core_cmse.c.obj)
 .debug_aranges
                0x000001d8       0x60 spm/zephyr/libspm_zephyr.a(arm_core_tz.c.obj)
 .debug_aranges
                0x00000238       0x50 spm/zephyr/libspm_zephyr.a(fdtable.c.obj)
 .debug_aranges
                0x00000288       0x68 spm/zephyr/libspm_zephyr.a(mempool.c.obj)
 .debug_aranges
                0x000002f0       0x20 spm/zephyr/libspm_zephyr.a(thread_entry.c.obj)
 .debug_aranges
                0x00000310       0x80 spm/zephyr/libspm_zephyr.a(printk.c.obj)
 .debug_aranges
                0x00000390       0x20 spm/zephyr/libspm_zephyr.a(configs.c.obj)
 .debug_aranges
                0x000003b0       0x30 spm/zephyr/libspm_zephyr.a(soc.c.obj)
 .debug_aranges
                0x000003e0       0x18 spm/zephyr/libspm_zephyr.a(mpu_regions.c.obj)
 .debug_aranges
                0x000003f8       0x28 spm/zephyr/libspm_zephyr.a(system_nrf9160.c.obj)
 .debug_aranges
                0x00000420       0x30 spm/zephyr/libspm_zephyr.a(uart_console.c.obj)
 .debug_aranges
                0x00000450       0x40 spm/zephyr/libspm_zephyr.a(nrf_power_clock.c.obj)
 .debug_aranges
                0x00000490       0x40 spm/zephyr/libspm_zephyr.a(sys_clock_init.c.obj)
 .debug_aranges
                0x000004d0       0x40 spm/zephyr/libspm_zephyr.a(nrf_rtc_timer.c.obj)
 .debug_aranges
                0x00000510       0x30 spm/zephyr/libspm_zephyr.a(spm.c.obj)
 .debug_aranges
                0x00000540       0x20 spm/zephyr/arch/arm/core/libspm_arch__arm__core.a(irq_init.c.obj)
 .debug_aranges
                0x00000560       0x20 spm/zephyr/arch/arm/core/libspm_arch__arm__core.a(swap.c.obj)
 .debug_aranges
                0x00000580       0x48 spm/zephyr/arch/arm/core/libspm_arch__arm__core.a(fault.c.obj)
 .debug_aranges
                0x000005c8       0x60 spm/zephyr/arch/arm/core/libspm_arch__arm__core.a(irq_manage.c.obj)
 .debug_aranges
                0x00000628       0x20 spm/zephyr/arch/arm/core/libspm_arch__arm__core.a(thread.c.obj)
 .debug_aranges
                0x00000648       0x30 spm/zephyr/arch/arm/core/libspm_arch__arm__core.a(fatal.c.obj)
 .debug_aranges
                0x00000678       0x20 spm/zephyr/arch/arm/core/libspm_arch__arm__core.a(sys_fatal_error_handler.c.obj)
 .debug_aranges
                0x00000698       0x20 spm/zephyr/arch/arm/core/libspm_arch__arm__core.a(thread_abort.c.obj)
 .debug_aranges
                0x000006b8       0x20 spm/zephyr/arch/arm/core/cortex_m/libspm_arch__arm__core__cortex_m.a(prep_c.c.obj)
 .debug_aranges
                0x000006d8       0x20 spm/zephyr/arch/arm/core/cortex_m/libspm_arch__arm__core__cortex_m.a(nmi.c.obj)
 .debug_aranges
                0x000006f8       0x28 spm/zephyr/arch/arm/core/cortex_m/mpu/libspm_arch__arm__core__cortex_m__mpu.a(arm_core_mpu.c.obj)
 .debug_aranges
                0x00000720       0x60 spm/zephyr/arch/arm/core/cortex_m/mpu/libspm_arch__arm__core__cortex_m__mpu.a(arm_mpu.c.obj)
 .debug_aranges
                0x00000780       0x88 spm/zephyr/lib/libc/minimal/libspm_lib__libc__minimal.a(string.c.obj)
 .debug_aranges
                0x00000808       0x58 spm/zephyr/lib/libc/minimal/libspm_lib__libc__minimal.a(stdout_console.c.obj)
 .debug_aranges
                0x00000860       0x48 spm/zephyr/drivers/serial/libspm_drivers__serial.a(uart_nrfx_uarte.c.obj)
 .debug_aranges
                0x000008a8       0x30 spm/zephyr/kernel/libspm_kernel.a(device.c.obj)
 .debug_aranges
                0x000008d8       0x20 spm/zephyr/kernel/libspm_kernel.a(errno.c.obj)
 .debug_aranges
                0x000008f8       0x28 spm/zephyr/kernel/libspm_kernel.a(idle.c.obj)
 .debug_aranges
                0x00000920       0x50 spm/zephyr/kernel/libspm_kernel.a(init.c.obj)
 .debug_aranges
                0x00000970      0x188 spm/zephyr/kernel/libspm_kernel.a(sched.c.obj)
 .debug_aranges
                0x00000af8       0xb8 spm/zephyr/kernel/libspm_kernel.a(thread.c.obj)
 .debug_aranges
                0x00000bb0       0x90 spm/zephyr/kernel/libspm_kernel.a(timeout.c.obj)
 .debug_aranges
                0x00000c40       0x50 spm/zephyr/kernel/libspm_kernel.a(mempool.c.obj)
 .debug_aranges
                0x00000c90       0x20 spm/zephyr/CMakeFiles/spm_offsets.dir/arch/arm/core/offsets/offsets.c.obj

.debug_pubnames
 *(SORT_BY_ALIGNMENT(.debug_pubnames))

.debug_info     0x00000000    0x29ea1
 *(SORT_BY_ALIGNMENT(.debug_info) SORT_BY_ALIGNMENT(.gnu.linkonce.wi.*))
 .debug_info    0x00000000      0x1df spm/zephyr/CMakeFiles/spm_zephyr_final.dir/isr_tables.c.obj
 .debug_info    0x000001df       0x64 spm/spm_app/libspm_app.a(main.c.obj)
 .debug_info    0x00000243      0x215 spm/zephyr/libspm_zephyr.a(isr_tables.c.obj)
 .debug_info    0x00000458     0x1128 spm/zephyr/libspm_zephyr.a(arm_core_cmse.c.obj)
 .debug_info    0x00001580      0x9de spm/zephyr/libspm_zephyr.a(arm_core_tz.c.obj)
 .debug_info    0x00001f5e      0xc83 spm/zephyr/libspm_zephyr.a(fdtable.c.obj)
 .debug_info    0x00002be1     0x199c spm/zephyr/libspm_zephyr.a(mempool.c.obj)
 .debug_info    0x0000457d      0x7f2 spm/zephyr/libspm_zephyr.a(thread_entry.c.obj)
 .debug_info    0x00004d6f     0x115e spm/zephyr/libspm_zephyr.a(printk.c.obj)
 .debug_info    0x00005ecd       0x37 spm/zephyr/libspm_zephyr.a(configs.c.obj)
 .debug_info    0x00005f04      0xcca spm/zephyr/libspm_zephyr.a(soc.c.obj)
 .debug_info    0x00006bce      0x196 spm/zephyr/libspm_zephyr.a(mpu_regions.c.obj)
 .debug_info    0x00006d64      0xe8d spm/zephyr/libspm_zephyr.a(system_nrf9160.c.obj)
 .debug_info    0x00007bf1      0xb45 spm/zephyr/libspm_zephyr.a(uart_console.c.obj)
 .debug_info    0x00008736     0x15ae spm/zephyr/libspm_zephyr.a(nrf_power_clock.c.obj)
 .debug_info    0x00009ce4      0x911 spm/zephyr/libspm_zephyr.a(sys_clock_init.c.obj)
 .debug_info    0x0000a5f5     0x17dc spm/zephyr/libspm_zephyr.a(nrf_rtc_timer.c.obj)
 .debug_info    0x0000bdd1     0x3ba9 spm/zephyr/libspm_zephyr.a(spm.c.obj)
 .debug_info    0x0000f97a       0x26 spm/zephyr/arch/arm/core/libspm_arch__arm__core.a(exc_exit.S.obj)
 .debug_info    0x0000f9a0       0x22 spm/zephyr/arch/arm/core/libspm_arch__arm__core.a(swap_helper.S.obj)
 .debug_info    0x0000f9c2       0x22 spm/zephyr/arch/arm/core/libspm_arch__arm__core.a(cpu_idle.S.obj)
 .debug_info    0x0000f9e4       0x26 spm/zephyr/arch/arm/core/libspm_arch__arm__core.a(fault_s.S.obj)
 .debug_info    0x0000fa0a       0x26 spm/zephyr/arch/arm/core/libspm_arch__arm__core.a(isr_wrapper.S.obj)
 .debug_info    0x0000fa30      0xcf8 spm/zephyr/arch/arm/core/libspm_arch__arm__core.a(irq_init.c.obj)
 .debug_info    0x00010728      0xc04 spm/zephyr/arch/arm/core/libspm_arch__arm__core.a(swap.c.obj)
 .debug_info    0x0001132c     0x19f9 spm/zephyr/arch/arm/core/libspm_arch__arm__core.a(fault.c.obj)
 .debug_info    0x00012d25     0x110c spm/zephyr/arch/arm/core/libspm_arch__arm__core.a(irq_manage.c.obj)
 .debug_info    0x00013e31      0xb2a spm/zephyr/arch/arm/core/libspm_arch__arm__core.a(thread.c.obj)
 .debug_info    0x0001495b     0x103f spm/zephyr/arch/arm/core/libspm_arch__arm__core.a(fatal.c.obj)
 .debug_info    0x0001599a      0xa71 spm/zephyr/arch/arm/core/libspm_arch__arm__core.a(sys_fatal_error_handler.c.obj)
 .debug_info    0x0001640b      0xcca spm/zephyr/arch/arm/core/libspm_arch__arm__core.a(thread_abort.c.obj)
 .debug_info    0x000170d5       0x26 spm/zephyr/arch/arm/core/cortex_m/libspm_arch__arm__core__cortex_m.a(reset.S.obj)
 .debug_info    0x000170fb       0x26 spm/zephyr/arch/arm/core/cortex_m/libspm_arch__arm__core__cortex_m.a(nmi_on_reset.S.obj)
 .debug_info    0x00017121      0xd63 spm/zephyr/arch/arm/core/cortex_m/libspm_arch__arm__core__cortex_m.a(prep_c.c.obj)
 .debug_info    0x00017e84      0x711 spm/zephyr/arch/arm/core/cortex_m/libspm_arch__arm__core__cortex_m.a(nmi.c.obj)
 .debug_info    0x00018595      0xb5b spm/zephyr/arch/arm/core/cortex_m/mpu/libspm_arch__arm__core__cortex_m__mpu.a(arm_core_mpu.c.obj)
 .debug_info    0x000190f0     0x1a40 spm/zephyr/arch/arm/core/cortex_m/mpu/libspm_arch__arm__core__cortex_m__mpu.a(arm_mpu.c.obj)
 .debug_info    0x0001ab30      0x54d spm/zephyr/lib/libc/minimal/libspm_lib__libc__minimal.a(string.c.obj)
 .debug_info    0x0001b07d      0x5a5 spm/zephyr/lib/libc/minimal/libspm_lib__libc__minimal.a(stdout_console.c.obj)
 .debug_info    0x0001b622     0x2220 spm/zephyr/drivers/serial/libspm_drivers__serial.a(uart_nrfx_uarte.c.obj)
 .debug_info    0x0001d842      0x8e8 spm/zephyr/kernel/libspm_kernel.a(device.c.obj)
 .debug_info    0x0001e12a      0x8c1 spm/zephyr/kernel/libspm_kernel.a(errno.c.obj)
 .debug_info    0x0001e9eb      0xa36 spm/zephyr/kernel/libspm_kernel.a(idle.c.obj)
 .debug_info    0x0001f421     0x1ee3 spm/zephyr/kernel/libspm_kernel.a(init.c.obj)
 .debug_info    0x00021304     0x3e25 spm/zephyr/kernel/libspm_kernel.a(sched.c.obj)
 .debug_info    0x00025129     0x1c62 spm/zephyr/kernel/libspm_kernel.a(thread.c.obj)
 .debug_info    0x00026d8b     0x1805 spm/zephyr/kernel/libspm_kernel.a(timeout.c.obj)
 .debug_info    0x00028590     0x10d8 spm/zephyr/kernel/libspm_kernel.a(mempool.c.obj)
 .debug_info    0x00029668      0x839 spm/zephyr/CMakeFiles/spm_offsets.dir/arch/arm/core/offsets/offsets.c.obj

.debug_abbrev   0x00000000     0x77e3
 *(SORT_BY_ALIGNMENT(.debug_abbrev))
 .debug_abbrev  0x00000000       0xfa spm/zephyr/CMakeFiles/spm_zephyr_final.dir/isr_tables.c.obj
 .debug_abbrev  0x000000fa       0x58 spm/spm_app/libspm_app.a(main.c.obj)
 .debug_abbrev  0x00000152       0xfa spm/zephyr/libspm_zephyr.a(isr_tables.c.obj)
 .debug_abbrev  0x0000024c      0x292 spm/zephyr/libspm_zephyr.a(arm_core_cmse.c.obj)
 .debug_abbrev  0x000004de      0x283 spm/zephyr/libspm_zephyr.a(arm_core_tz.c.obj)
 .debug_abbrev  0x00000761      0x354 spm/zephyr/libspm_zephyr.a(fdtable.c.obj)
 .debug_abbrev  0x00000ab5      0x4df spm/zephyr/libspm_zephyr.a(mempool.c.obj)
 .debug_abbrev  0x00000f94      0x233 spm/zephyr/libspm_zephyr.a(thread_entry.c.obj)
 .debug_abbrev  0x000011c7      0x490 spm/zephyr/libspm_zephyr.a(printk.c.obj)
 .debug_abbrev  0x00001657       0x2c spm/zephyr/libspm_zephyr.a(configs.c.obj)
 .debug_abbrev  0x00001683      0x30d spm/zephyr/libspm_zephyr.a(soc.c.obj)
 .debug_abbrev  0x00001990       0xcd spm/zephyr/libspm_zephyr.a(mpu_regions.c.obj)
 .debug_abbrev  0x00001a5d      0x1f3 spm/zephyr/libspm_zephyr.a(system_nrf9160.c.obj)
 .debug_abbrev  0x00001c50      0x33f spm/zephyr/libspm_zephyr.a(uart_console.c.obj)
 .debug_abbrev  0x00001f8f      0x3eb spm/zephyr/libspm_zephyr.a(nrf_power_clock.c.obj)
 .debug_abbrev  0x0000237a      0x23e spm/zephyr/libspm_zephyr.a(sys_clock_init.c.obj)
 .debug_abbrev  0x000025b8      0x3f8 spm/zephyr/libspm_zephyr.a(nrf_rtc_timer.c.obj)
 .debug_abbrev  0x000029b0      0x401 spm/zephyr/libspm_zephyr.a(spm.c.obj)
 .debug_abbrev  0x00002db1       0x14 spm/zephyr/arch/arm/core/libspm_arch__arm__core.a(exc_exit.S.obj)
 .debug_abbrev  0x00002dc5       0x12 spm/zephyr/arch/arm/core/libspm_arch__arm__core.a(swap_helper.S.obj)
 .debug_abbrev  0x00002dd7       0x12 spm/zephyr/arch/arm/core/libspm_arch__arm__core.a(cpu_idle.S.obj)
 .debug_abbrev  0x00002de9       0x14 spm/zephyr/arch/arm/core/libspm_arch__arm__core.a(fault_s.S.obj)
 .debug_abbrev  0x00002dfd       0x14 spm/zephyr/arch/arm/core/libspm_arch__arm__core.a(isr_wrapper.S.obj)
 .debug_abbrev  0x00002e11      0x240 spm/zephyr/arch/arm/core/libspm_arch__arm__core.a(irq_init.c.obj)
 .debug_abbrev  0x00003051      0x224 spm/zephyr/arch/arm/core/libspm_arch__arm__core.a(swap.c.obj)
 .debug_abbrev  0x00003275      0x3ee spm/zephyr/arch/arm/core/libspm_arch__arm__core.a(fault.c.obj)
 .debug_abbrev  0x00003663      0x34c spm/zephyr/arch/arm/core/libspm_arch__arm__core.a(irq_manage.c.obj)
 .debug_abbrev  0x000039af      0x28f spm/zephyr/arch/arm/core/libspm_arch__arm__core.a(thread.c.obj)
 .debug_abbrev  0x00003c3e      0x2e5 spm/zephyr/arch/arm/core/libspm_arch__arm__core.a(fatal.c.obj)
 .debug_abbrev  0x00003f23      0x270 spm/zephyr/arch/arm/core/libspm_arch__arm__core.a(sys_fatal_error_handler.c.obj)
 .debug_abbrev  0x00004193      0x288 spm/zephyr/arch/arm/core/libspm_arch__arm__core.a(thread_abort.c.obj)
 .debug_abbrev  0x0000441b       0x14 spm/zephyr/arch/arm/core/cortex_m/libspm_arch__arm__core__cortex_m.a(reset.S.obj)
 .debug_abbrev  0x0000442f       0x14 spm/zephyr/arch/arm/core/cortex_m/libspm_arch__arm__core__cortex_m.a(nmi_on_reset.S.obj)
 .debug_abbrev  0x00004443      0x263 spm/zephyr/arch/arm/core/cortex_m/libspm_arch__arm__core__cortex_m.a(prep_c.c.obj)
 .debug_abbrev  0x000046a6      0x1b4 spm/zephyr/arch/arm/core/cortex_m/libspm_arch__arm__core__cortex_m.a(nmi.c.obj)
 .debug_abbrev  0x0000485a      0x1f3 spm/zephyr/arch/arm/core/cortex_m/mpu/libspm_arch__arm__core__cortex_m__mpu.a(arm_core_mpu.c.obj)
 .debug_abbrev  0x00004a4d      0x4a6 spm/zephyr/arch/arm/core/cortex_m/mpu/libspm_arch__arm__core__cortex_m__mpu.a(arm_mpu.c.obj)
 .debug_abbrev  0x00004ef3      0x18d spm/zephyr/lib/libc/minimal/libspm_lib__libc__minimal.a(string.c.obj)
 .debug_abbrev  0x00005080      0x23d spm/zephyr/lib/libc/minimal/libspm_lib__libc__minimal.a(stdout_console.c.obj)
 .debug_abbrev  0x000052bd      0x3d5 spm/zephyr/drivers/serial/libspm_drivers__serial.a(uart_nrfx_uarte.c.obj)
 .debug_abbrev  0x00005692      0x285 spm/zephyr/kernel/libspm_kernel.a(device.c.obj)
 .debug_abbrev  0x00005917      0x1d4 spm/zephyr/kernel/libspm_kernel.a(errno.c.obj)
 .debug_abbrev  0x00005aeb      0x2c7 spm/zephyr/kernel/libspm_kernel.a(idle.c.obj)
 .debug_abbrev  0x00005db2      0x552 spm/zephyr/kernel/libspm_kernel.a(init.c.obj)
 .debug_abbrev  0x00006304      0x625 spm/zephyr/kernel/libspm_kernel.a(sched.c.obj)
 .debug_abbrev  0x00006929      0x530 spm/zephyr/kernel/libspm_kernel.a(thread.c.obj)
 .debug_abbrev  0x00006e59      0x443 spm/zephyr/kernel/libspm_kernel.a(timeout.c.obj)
 .debug_abbrev  0x0000729c      0x3a2 spm/zephyr/kernel/libspm_kernel.a(mempool.c.obj)
 .debug_abbrev  0x0000763e      0x1a5 spm/zephyr/CMakeFiles/spm_offsets.dir/arch/arm/core/offsets/offsets.c.obj

.debug_line     0x00000000     0xb793
 *(SORT_BY_ALIGNMENT(.debug_line) SORT_BY_ALIGNMENT(.debug_line.*) SORT_BY_ALIGNMENT(.debug_line_end))
 .debug_line    0x00000000      0x1b4 spm/zephyr/CMakeFiles/spm_zephyr_final.dir/isr_tables.c.obj
 .debug_line    0x000001b4       0x81 spm/spm_app/libspm_app.a(main.c.obj)
 .debug_line    0x00000235      0x1ce spm/zephyr/libspm_zephyr.a(isr_tables.c.obj)
 .debug_line    0x00000403      0x4b7 spm/zephyr/libspm_zephyr.a(arm_core_cmse.c.obj)
 .debug_line    0x000008ba      0x341 spm/zephyr/libspm_zephyr.a(arm_core_tz.c.obj)
 .debug_line    0x00000bfb      0x471 spm/zephyr/libspm_zephyr.a(fdtable.c.obj)
 .debug_line    0x0000106c      0x73a spm/zephyr/libspm_zephyr.a(mempool.c.obj)
 .debug_line    0x000017a6      0x322 spm/zephyr/libspm_zephyr.a(thread_entry.c.obj)
 .debug_line    0x00001ac8      0x55a spm/zephyr/libspm_zephyr.a(printk.c.obj)
 .debug_line    0x00002022      0x2cb spm/zephyr/libspm_zephyr.a(configs.c.obj)
 .debug_line    0x000022ed      0x434 spm/zephyr/libspm_zephyr.a(soc.c.obj)
 .debug_line    0x00002721      0x1a9 spm/zephyr/libspm_zephyr.a(mpu_regions.c.obj)
 .debug_line    0x000028ca      0x1ea spm/zephyr/libspm_zephyr.a(system_nrf9160.c.obj)
 .debug_line    0x00002ab4      0x39c spm/zephyr/libspm_zephyr.a(uart_console.c.obj)
 .debug_line    0x00002e50      0x521 spm/zephyr/libspm_zephyr.a(nrf_power_clock.c.obj)
 .debug_line    0x00003371      0x340 spm/zephyr/libspm_zephyr.a(sys_clock_init.c.obj)
 .debug_line    0x000036b1      0x5b8 spm/zephyr/libspm_zephyr.a(nrf_rtc_timer.c.obj)
 .debug_line    0x00003c69      0x46a spm/zephyr/libspm_zephyr.a(spm.c.obj)
 .debug_line    0x000040d3       0x72 spm/zephyr/arch/arm/core/libspm_arch__arm__core.a(exc_exit.S.obj)
 .debug_line    0x00004145       0xbb spm/zephyr/arch/arm/core/libspm_arch__arm__core.a(swap_helper.S.obj)
 .debug_line    0x00004200       0xb7 spm/zephyr/arch/arm/core/libspm_arch__arm__core.a(cpu_idle.S.obj)
 .debug_line    0x000042b7       0x71 spm/zephyr/arch/arm/core/libspm_arch__arm__core.a(fault_s.S.obj)
 .debug_line    0x00004328       0x89 spm/zephyr/arch/arm/core/libspm_arch__arm__core.a(isr_wrapper.S.obj)
 .debug_line    0x000043b1      0x327 spm/zephyr/arch/arm/core/libspm_arch__arm__core.a(irq_init.c.obj)
 .debug_line    0x000046d8      0x3be spm/zephyr/arch/arm/core/libspm_arch__arm__core.a(swap.c.obj)
 .debug_line    0x00004a96      0x578 spm/zephyr/arch/arm/core/libspm_arch__arm__core.a(fault.c.obj)
 .debug_line    0x0000500e      0x47d spm/zephyr/arch/arm/core/libspm_arch__arm__core.a(irq_manage.c.obj)
 .debug_line    0x0000548b      0x3e0 spm/zephyr/arch/arm/core/libspm_arch__arm__core.a(thread.c.obj)
 .debug_line    0x0000586b      0x499 spm/zephyr/arch/arm/core/libspm_arch__arm__core.a(fatal.c.obj)
 .debug_line    0x00005d04      0x41a spm/zephyr/arch/arm/core/libspm_arch__arm__core.a(sys_fatal_error_handler.c.obj)
 .debug_line    0x0000611e      0x3e7 spm/zephyr/arch/arm/core/libspm_arch__arm__core.a(thread_abort.c.obj)
 .debug_line    0x00006505       0x78 spm/zephyr/arch/arm/core/cortex_m/libspm_arch__arm__core__cortex_m.a(reset.S.obj)
 .debug_line    0x0000657d       0x6f spm/zephyr/arch/arm/core/cortex_m/libspm_arch__arm__core__cortex_m.a(nmi_on_reset.S.obj)
 .debug_line    0x000065ec      0x3ae spm/zephyr/arch/arm/core/cortex_m/libspm_arch__arm__core__cortex_m.a(prep_c.c.obj)
 .debug_line    0x0000699a      0x331 spm/zephyr/arch/arm/core/cortex_m/libspm_arch__arm__core__cortex_m.a(nmi.c.obj)
 .debug_line    0x00006ccb      0x3df spm/zephyr/arch/arm/core/cortex_m/mpu/libspm_arch__arm__core__cortex_m__mpu.a(arm_core_mpu.c.obj)
 .debug_line    0x000070aa      0x6c0 spm/zephyr/arch/arm/core/cortex_m/mpu/libspm_arch__arm__core__cortex_m__mpu.a(arm_mpu.c.obj)
 .debug_line    0x0000776a      0x22e spm/zephyr/lib/libc/minimal/libspm_lib__libc__minimal.a(string.c.obj)
 .debug_line    0x00007998      0x209 spm/zephyr/lib/libc/minimal/libspm_lib__libc__minimal.a(stdout_console.c.obj)
 .debug_line    0x00007ba1      0x5b0 spm/zephyr/drivers/serial/libspm_drivers__serial.a(uart_nrfx_uarte.c.obj)
 .debug_line    0x00008151      0x363 spm/zephyr/kernel/libspm_kernel.a(device.c.obj)
 .debug_line    0x000084b4      0x35f spm/zephyr/kernel/libspm_kernel.a(errno.c.obj)
 .debug_line    0x00008813      0x447 spm/zephyr/kernel/libspm_kernel.a(idle.c.obj)
 .debug_line    0x00008c5a      0x6a1 spm/zephyr/kernel/libspm_kernel.a(init.c.obj)
 .debug_line    0x000092fb      0xdf2 spm/zephyr/kernel/libspm_kernel.a(sched.c.obj)
 .debug_line    0x0000a0ed      0x6f7 spm/zephyr/kernel/libspm_kernel.a(thread.c.obj)
 .debug_line    0x0000a7e4      0x701 spm/zephyr/kernel/libspm_kernel.a(timeout.c.obj)
 .debug_line    0x0000aee5      0x4f3 spm/zephyr/kernel/libspm_kernel.a(mempool.c.obj)
 .debug_line    0x0000b3d8      0x3bb spm/zephyr/CMakeFiles/spm_offsets.dir/arch/arm/core/offsets/offsets.c.obj

.debug_frame    0x00000000     0x1a98
 *(SORT_BY_ALIGNMENT(.debug_frame))
 .debug_frame   0x00000000       0x2c spm/spm_app/libspm_app.a(main.c.obj)
 .debug_frame   0x0000002c      0x100 spm/zephyr/libspm_zephyr.a(arm_core_cmse.c.obj)
 .debug_frame   0x0000012c       0xa0 spm/zephyr/libspm_zephyr.a(arm_core_tz.c.obj)
 .debug_frame   0x000001cc       0xb4 spm/zephyr/libspm_zephyr.a(fdtable.c.obj)
 .debug_frame   0x00000280      0x158 spm/zephyr/libspm_zephyr.a(mempool.c.obj)
 .debug_frame   0x000003d8       0x28 spm/zephyr/libspm_zephyr.a(thread_entry.c.obj)
 .debug_frame   0x00000400      0x1ac spm/zephyr/libspm_zephyr.a(printk.c.obj)
 .debug_frame   0x000005ac       0x20 spm/zephyr/libspm_zephyr.a(configs.c.obj)
 .debug_frame   0x000005cc       0x40 spm/zephyr/libspm_zephyr.a(soc.c.obj)
 .debug_frame   0x0000060c       0x30 spm/zephyr/libspm_zephyr.a(system_nrf9160.c.obj)
 .debug_frame   0x0000063c       0x60 spm/zephyr/libspm_zephyr.a(uart_console.c.obj)
 .debug_frame   0x0000069c       0x94 spm/zephyr/libspm_zephyr.a(nrf_power_clock.c.obj)
 .debug_frame   0x00000730       0x70 spm/zephyr/libspm_zephyr.a(sys_clock_init.c.obj)
 .debug_frame   0x000007a0       0x84 spm/zephyr/libspm_zephyr.a(nrf_rtc_timer.c.obj)
 .debug_frame   0x00000824       0x78 spm/zephyr/libspm_zephyr.a(spm.c.obj)
 .debug_frame   0x0000089c       0x20 spm/zephyr/arch/arm/core/libspm_arch__arm__core.a(irq_init.c.obj)
 .debug_frame   0x000008bc       0x20 spm/zephyr/arch/arm/core/libspm_arch__arm__core.a(swap.c.obj)
 .debug_frame   0x000008dc       0xb0 spm/zephyr/arch/arm/core/libspm_arch__arm__core.a(fault.c.obj)
 .debug_frame   0x0000098c       0xa8 spm/zephyr/arch/arm/core/libspm_arch__arm__core.a(irq_manage.c.obj)
 .debug_frame   0x00000a34       0x30 spm/zephyr/arch/arm/core/libspm_arch__arm__core.a(thread.c.obj)
 .debug_frame   0x00000a64       0x60 spm/zephyr/arch/arm/core/libspm_arch__arm__core.a(fatal.c.obj)
 .debug_frame   0x00000ac4       0x2c spm/zephyr/arch/arm/core/libspm_arch__arm__core.a(sys_fatal_error_handler.c.obj)
 .debug_frame   0x00000af0       0x34 spm/zephyr/arch/arm/core/libspm_arch__arm__core.a(thread_abort.c.obj)
 .debug_frame   0x00000b24       0x28 spm/zephyr/arch/arm/core/cortex_m/libspm_arch__arm__core__cortex_m.a(prep_c.c.obj)
 .debug_frame   0x00000b4c       0x2c spm/zephyr/arch/arm/core/cortex_m/libspm_arch__arm__core__cortex_m.a(nmi.c.obj)
 .debug_frame   0x00000b78       0x48 spm/zephyr/arch/arm/core/cortex_m/mpu/libspm_arch__arm__core__cortex_m__mpu.a(arm_core_mpu.c.obj)
 .debug_frame   0x00000bc0      0x124 spm/zephyr/arch/arm/core/cortex_m/mpu/libspm_arch__arm__core__cortex_m__mpu.a(arm_mpu.c.obj)
 .debug_frame   0x00000ce4      0x160 spm/zephyr/lib/libc/minimal/libspm_lib__libc__minimal.a(string.c.obj)
 .debug_frame   0x00000e44       0xb8 spm/zephyr/lib/libc/minimal/libspm_lib__libc__minimal.a(stdout_console.c.obj)
 .debug_frame   0x00000efc       0x90 spm/zephyr/drivers/serial/libspm_drivers__serial.a(uart_nrfx_uarte.c.obj)
 .debug_frame   0x00000f8c       0x68 spm/zephyr/kernel/libspm_kernel.a(device.c.obj)
 .debug_frame   0x00000ff4       0x20 spm/zephyr/kernel/libspm_kernel.a(errno.c.obj)
 .debug_frame   0x00001014       0x38 spm/zephyr/kernel/libspm_kernel.a(idle.c.obj)
 .debug_frame   0x0000104c       0xb0 spm/zephyr/kernel/libspm_kernel.a(init.c.obj)
 .debug_frame   0x000010fc      0x4bc spm/zephyr/kernel/libspm_kernel.a(sched.c.obj)
 .debug_frame   0x000015b8      0x1fc spm/zephyr/kernel/libspm_kernel.a(thread.c.obj)
 .debug_frame   0x000017b4      0x178 spm/zephyr/kernel/libspm_kernel.a(timeout.c.obj)
 .debug_frame   0x0000192c       0xd4 spm/zephyr/kernel/libspm_kernel.a(mempool.c.obj)
 .debug_frame   0x00001a00       0x20 spm/zephyr/CMakeFiles/spm_offsets.dir/arch/arm/core/offsets/offsets.c.obj
 .debug_frame   0x00001a20       0x44 c:/gnuarmemb/7 2018-q2-update/bin/../lib/gcc/arm-none-eabi/7.3.1/thumb/v8-m.main/fpv5-sp/hard\libgcc.a(_aeabi_ldivmod.o)
 .debug_frame   0x00001a64       0x34 c:/gnuarmemb/7 2018-q2-update/bin/../lib/gcc/arm-none-eabi/7.3.1/thumb/v8-m.main/fpv5-sp/hard\libgcc.a(_udivmoddi4.o)

.debug_str      0x00000000     0x65ac
 *(SORT_BY_ALIGNMENT(.debug_str))
 .debug_str     0x00000000      0x2d5 spm/zephyr/CMakeFiles/spm_zephyr_final.dir/isr_tables.c.obj
                                0x32d (size before relaxing)
 .debug_str     0x000002d5       0x49 spm/spm_app/libspm_app.a(main.c.obj)
                                0x1fb (size before relaxing)
 .debug_str     0x0000031e       0x56 spm/zephyr/libspm_zephyr.a(isr_tables.c.obj)
                                0x372 (size before relaxing)
 .debug_str     0x00000374      0x54c spm/zephyr/libspm_zephyr.a(arm_core_cmse.c.obj)
                                0x956 (size before relaxing)
 .debug_str     0x000008c0      0x496 spm/zephyr/libspm_zephyr.a(arm_core_tz.c.obj)
                                0x7c9 (size before relaxing)
 .debug_str     0x00000d56      0x27b spm/zephyr/libspm_zephyr.a(fdtable.c.obj)
                                0x8bb (size before relaxing)
 .debug_str     0x00000fd1      0x2c2 spm/zephyr/libspm_zephyr.a(mempool.c.obj)
                                0x978 (size before relaxing)
 .debug_str     0x00001293       0x82 spm/zephyr/libspm_zephyr.a(thread_entry.c.obj)
                                0x677 (size before relaxing)
 .debug_str     0x00001315      0x22b spm/zephyr/libspm_zephyr.a(printk.c.obj)
                                0x9b7 (size before relaxing)
 .debug_str     0x00001540       0x33 spm/zephyr/libspm_zephyr.a(configs.c.obj)
                                0x1e0 (size before relaxing)
 .debug_str     0x00001573      0x24f spm/zephyr/libspm_zephyr.a(soc.c.obj)
                                0x965 (size before relaxing)
 .debug_str     0x000017c2       0x40 spm/zephyr/libspm_zephyr.a(mpu_regions.c.obj)
                                0x324 (size before relaxing)
 .debug_str     0x00001802      0x358 spm/zephyr/libspm_zephyr.a(system_nrf9160.c.obj)
                                0x7e2 (size before relaxing)
 .debug_str     0x00001b5a      0x13f spm/zephyr/libspm_zephyr.a(uart_console.c.obj)
                                0x8f1 (size before relaxing)
 .debug_str     0x00001c99      0x796 spm/zephyr/libspm_zephyr.a(nrf_power_clock.c.obj)
                               0x1054 (size before relaxing)
 .debug_str     0x0000242f      0x10c spm/zephyr/libspm_zephyr.a(sys_clock_init.c.obj)
                                0x846 (size before relaxing)
 .debug_str     0x0000253b      0x3cf spm/zephyr/libspm_zephyr.a(nrf_rtc_timer.c.obj)
                                0xf49 (size before relaxing)
 .debug_str     0x0000290a      0xe03 spm/zephyr/libspm_zephyr.a(spm.c.obj)
                               0x1b43 (size before relaxing)
 .debug_str     0x0000370d       0x40 spm/zephyr/arch/arm/core/libspm_arch__arm__core.a(exc_exit.S.obj)
                                 0x8a (size before relaxing)
 .debug_str     0x0000374d       0x35 spm/zephyr/arch/arm/core/libspm_arch__arm__core.a(swap_helper.S.obj)
                                 0x8d (size before relaxing)
 .debug_str     0x00003782       0x32 spm/zephyr/arch/arm/core/libspm_arch__arm__core.a(cpu_idle.S.obj)
                                 0x8a (size before relaxing)
 .debug_str     0x000037b4       0x31 spm/zephyr/arch/arm/core/libspm_arch__arm__core.a(fault_s.S.obj)
                                 0x89 (size before relaxing)
 .debug_str     0x000037e5       0x35 spm/zephyr/arch/arm/core/libspm_arch__arm__core.a(isr_wrapper.S.obj)
                                 0x8d (size before relaxing)
 .debug_str     0x0000381a       0x5b spm/zephyr/arch/arm/core/libspm_arch__arm__core.a(irq_init.c.obj)
                                0xa30 (size before relaxing)
 .debug_str     0x00003875       0x43 spm/zephyr/arch/arm/core/libspm_arch__arm__core.a(swap.c.obj)
                                0x820 (size before relaxing)
 .debug_str     0x000038b8      0x34d spm/zephyr/arch/arm/core/libspm_arch__arm__core.a(fault.c.obj)
                                0xbfd (size before relaxing)
 .debug_str     0x00003c05      0x126 spm/zephyr/arch/arm/core/libspm_arch__arm__core.a(irq_manage.c.obj)
                                0xc34 (size before relaxing)
 .debug_str     0x00003d2b       0xf2 spm/zephyr/arch/arm/core/libspm_arch__arm__core.a(thread.c.obj)
                                0x7ad (size before relaxing)
 .debug_str     0x00003e1d       0x8e spm/zephyr/arch/arm/core/libspm_arch__arm__core.a(fatal.c.obj)
                                0x9f5 (size before relaxing)
 .debug_str     0x00003eab       0x7a spm/zephyr/arch/arm/core/libspm_arch__arm__core.a(sys_fatal_error_handler.c.obj)
                                0x76d (size before relaxing)
 .debug_str     0x00003f25       0x70 spm/zephyr/arch/arm/core/libspm_arch__arm__core.a(thread_abort.c.obj)
                                0x870 (size before relaxing)
 .debug_str     0x00003f95       0x38 spm/zephyr/arch/arm/core/cortex_m/libspm_arch__arm__core__cortex_m.a(reset.S.obj)
                                 0x90 (size before relaxing)
 .debug_str     0x00003fcd       0x3f spm/zephyr/arch/arm/core/cortex_m/libspm_arch__arm__core__cortex_m.a(nmi_on_reset.S.obj)
                                 0x97 (size before relaxing)
 .debug_str     0x0000400c       0xbb spm/zephyr/arch/arm/core/cortex_m/libspm_arch__arm__core__cortex_m.a(prep_c.c.obj)
                                0xa2d (size before relaxing)
 .debug_str     0x000040c7       0x56 spm/zephyr/arch/arm/core/cortex_m/libspm_arch__arm__core__cortex_m.a(nmi.c.obj)
                                0x628 (size before relaxing)
 .debug_str     0x0000411d      0x18c spm/zephyr/arch/arm/core/cortex_m/mpu/libspm_arch__arm__core__cortex_m__mpu.a(arm_core_mpu.c.obj)
                                0xa90 (size before relaxing)
 .debug_str     0x000042a9      0x3ce spm/zephyr/arch/arm/core/cortex_m/mpu/libspm_arch__arm__core__cortex_m__mpu.a(arm_mpu.c.obj)
                                0xfbf (size before relaxing)
 .debug_str     0x00004677       0xdb spm/zephyr/lib/libc/minimal/libspm_lib__libc__minimal.a(string.c.obj)
                                0x2bb (size before relaxing)
 .debug_str     0x00004752       0xb2 spm/zephyr/lib/libc/minimal/libspm_lib__libc__minimal.a(stdout_console.c.obj)
                                0x32f (size before relaxing)
 .debug_str     0x00004804      0xbdd spm/zephyr/drivers/serial/libspm_drivers__serial.a(uart_nrfx_uarte.c.obj)
                               0x1776 (size before relaxing)
 .debug_str     0x000053e1      0x134 spm/zephyr/kernel/libspm_kernel.a(device.c.obj)
                                0x776 (size before relaxing)
 .debug_str     0x00005515       0x28 spm/zephyr/kernel/libspm_kernel.a(errno.c.obj)
                                0x7cd (size before relaxing)
 .debug_str     0x0000553d       0xb8 spm/zephyr/kernel/libspm_kernel.a(idle.c.obj)
                                0x88e (size before relaxing)
 .debug_str     0x000055f5      0x2ae spm/zephyr/kernel/libspm_kernel.a(init.c.obj)
                               0x1449 (size before relaxing)
 .debug_str     0x000058a3      0x750 spm/zephyr/kernel/libspm_kernel.a(sched.c.obj)
                               0x1269 (size before relaxing)
 .debug_str     0x00005ff3      0x2c1 spm/zephyr/kernel/libspm_kernel.a(thread.c.obj)
                                0xf58 (size before relaxing)
 .debug_str     0x000062b4      0x12e spm/zephyr/kernel/libspm_kernel.a(timeout.c.obj)
                                0xab0 (size before relaxing)
 .debug_str     0x000063e2      0x182 spm/zephyr/kernel/libspm_kernel.a(mempool.c.obj)
                                0xab7 (size before relaxing)
 .debug_str     0x00006564       0x48 spm/zephyr/CMakeFiles/spm_offsets.dir/arch/arm/core/offsets/offsets.c.obj
                                0x6bf (size before relaxing)

.debug_loc      0x00000000     0x918e
 *(SORT_BY_ALIGNMENT(.debug_loc))
 .debug_loc     0x00000000      0x968 spm/zephyr/libspm_zephyr.a(arm_core_cmse.c.obj)
 .debug_loc     0x00000968      0x193 spm/zephyr/libspm_zephyr.a(arm_core_tz.c.obj)
 .debug_loc     0x00000afb      0x25f spm/zephyr/libspm_zephyr.a(fdtable.c.obj)
 .debug_loc     0x00000d5a      0xd63 spm/zephyr/libspm_zephyr.a(mempool.c.obj)
 .debug_loc     0x00001abd       0x97 spm/zephyr/libspm_zephyr.a(thread_entry.c.obj)
 .debug_loc     0x00001b54      0xc68 spm/zephyr/libspm_zephyr.a(printk.c.obj)
 .debug_loc     0x000027bc       0xc5 spm/zephyr/libspm_zephyr.a(soc.c.obj)
 .debug_loc     0x00002881       0x1f spm/zephyr/libspm_zephyr.a(system_nrf9160.c.obj)
 .debug_loc     0x000028a0       0xd7 spm/zephyr/libspm_zephyr.a(uart_console.c.obj)
 .debug_loc     0x00002977      0x3f5 spm/zephyr/libspm_zephyr.a(nrf_power_clock.c.obj)
 .debug_loc     0x00002d6c       0x42 spm/zephyr/libspm_zephyr.a(sys_clock_init.c.obj)
 .debug_loc     0x00002dae      0x5da spm/zephyr/libspm_zephyr.a(nrf_rtc_timer.c.obj)
 .debug_loc     0x00003388      0x1d3 spm/zephyr/libspm_zephyr.a(spm.c.obj)
 .debug_loc     0x0000355b       0x5e spm/zephyr/arch/arm/core/libspm_arch__arm__core.a(irq_init.c.obj)
 .debug_loc     0x000035b9       0x35 spm/zephyr/arch/arm/core/libspm_arch__arm__core.a(swap.c.obj)
 .debug_loc     0x000035ee      0x313 spm/zephyr/arch/arm/core/libspm_arch__arm__core.a(fault.c.obj)
 .debug_loc     0x00003901      0x27b spm/zephyr/arch/arm/core/libspm_arch__arm__core.a(irq_manage.c.obj)