Archive member included to satisfy reference by file (symbol)

app/libapp.a(main.c.obj)      (--whole-archive)
app/libapp.a(orientation_detector.c.obj)
                              (--whole-archive)
zephyr/libzephyr.a(isr_tables.c.obj)
                              (--whole-archive)
zephyr/libzephyr.a(sw_isr_common.c.obj)
                              (--whole-archive)
zephyr/libzephyr.a(arm_core_cmse.c.obj)
                              (--whole-archive)
zephyr/libzephyr.a(crc32_sw.c.obj)
                              (--whole-archive)
zephyr/libzephyr.a(crc16_sw.c.obj)
                              (--whole-archive)
zephyr/libzephyr.a(crc8_sw.c.obj)
                              (--whole-archive)
zephyr/libzephyr.a(crc7_sw.c.obj)
                              (--whole-archive)
zephyr/libzephyr.a(fdtable.c.obj)
                              (--whole-archive)
zephyr/libzephyr.a(mempool.c.obj)
                              (--whole-archive)
zephyr/libzephyr.a(rb.c.obj)  (--whole-archive)
zephyr/libzephyr.a(thread_entry.c.obj)
                              (--whole-archive)
zephyr/libzephyr.a(work_q.c.obj)
                              (--whole-archive)
zephyr/libzephyr.a(printk.c.obj)
                              (--whole-archive)
zephyr/libzephyr.a(assert.c.obj)
                              (--whole-archive)
zephyr/libzephyr.a(configs.c.obj)
                              (--whole-archive)
zephyr/libzephyr.a(soc.c.obj)
                              (--whole-archive)
zephyr/libzephyr.a(mpu_regions.c.obj)
                              (--whole-archive)
zephyr/libzephyr.a(system_nrf9160.c.obj)
                              (--whole-archive)
zephyr/libzephyr.a(nrfx_glue.c.obj)
                              (--whole-archive)
zephyr/libzephyr.a(nrfx_nvmc.c.obj)
                              (--whole-archive)
zephyr/libzephyr.a(line_fifo.c.obj)
                              (--whole-archive)
zephyr/libzephyr.a(tty.c.obj)
                              (--whole-archive)
zephyr/libzephyr.a(getchar.c.obj)
                              (--whole-archive)
zephyr/libzephyr.a(nvs.c.obj)
                              (--whole-archive)
zephyr/libzephyr.a(addr_utils.c.obj)
                              (--whole-archive)
zephyr/libzephyr.a(socket_offload.c.obj)
                              (--whole-archive)
zephyr/libzephyr.a(rand32_timer.c.obj)
                              (--whole-archive)
zephyr/libzephyr.a(power.c.obj)
                              (--whole-archive)
zephyr/libzephyr.a(reboot.c.obj)
                              (--whole-archive)
zephyr/libzephyr.a(policy_residency.c.obj)
                              (--whole-archive)
zephyr/libzephyr.a(uart_console.c.obj)
                              (--whole-archive)
zephyr/libzephyr.a(nrf_power_clock.c.obj)
                              (--whole-archive)
zephyr/libzephyr.a(sys_clock_init.c.obj)
                              (--whole-archive)
zephyr/libzephyr.a(nrf_rtc_timer.c.obj)
                              (--whole-archive)
zephyr/libzephyr.a(secure_services_ns.c.obj)
                              (--whole-archive)
zephyr/arch/arm/core/libarch__arm__core.a(exc_exit.S.obj)
                              (--whole-archive)
zephyr/arch/arm/core/libarch__arm__core.a(swap_helper.S.obj)
                              (--whole-archive)
zephyr/arch/arm/core/libarch__arm__core.a(cpu_idle.S.obj)
                              (--whole-archive)
zephyr/arch/arm/core/libarch__arm__core.a(fault_s.S.obj)
                              (--whole-archive)
zephyr/arch/arm/core/libarch__arm__core.a(isr_wrapper.S.obj)
                              (--whole-archive)
zephyr/arch/arm/core/libarch__arm__core.a(irq_init.c.obj)
                              (--whole-archive)
zephyr/arch/arm/core/libarch__arm__core.a(swap.c.obj)
                              (--whole-archive)
zephyr/arch/arm/core/libarch__arm__core.a(fault.c.obj)
                              (--whole-archive)
zephyr/arch/arm/core/libarch__arm__core.a(irq_manage.c.obj)
                              (--whole-archive)
zephyr/arch/arm/core/libarch__arm__core.a(thread.c.obj)
                              (--whole-archive)
zephyr/arch/arm/core/libarch__arm__core.a(fatal.c.obj)
                              (--whole-archive)
zephyr/arch/arm/core/libarch__arm__core.a(sys_fatal_error_handler.c.obj)
                              (--whole-archive)
zephyr/arch/arm/core/libarch__arm__core.a(thread_abort.c.obj)
                              (--whole-archive)
zephyr/arch/arm/core/cortex_m/libarch__arm__core__cortex_m.a(vector_table.S.obj)
                              (--whole-archive)
zephyr/arch/arm/core/cortex_m/libarch__arm__core__cortex_m.a(reset.S.obj)
                              (--whole-archive)
zephyr/arch/arm/core/cortex_m/libarch__arm__core__cortex_m.a(nmi_on_reset.S.obj)
                              (--whole-archive)
zephyr/arch/arm/core/cortex_m/libarch__arm__core__cortex_m.a(prep_c.c.obj)
[...]
Memory Configuration

Name             Origin             Length             Attributes
FLASH            0x0000c000         0x000f4000         xr
SRAM             0x20020000         0x00020000         xw
IDT_LIST         0x20040000         0x00000800         xw
*default*        0x00000000         0xffffffff

Linker script and memory map

LOAD zephyr/CMakeFiles/zephyr_final.dir/misc/empty_file.c.obj
LOAD zephyr/CMakeFiles/zephyr_final.dir/isr_tables.c.obj
                0x00000020                _region_min_align = 0x20

.rel.plt        0x0000c000        0x0
 *(SORT_BY_ALIGNMENT(.rel.plt))
                [!provide]                PROVIDE (__rel_iplt_start = .)
 *(SORT_BY_ALIGNMENT(.rel.iplt))
 .rel.iplt      0x0000c000        0x0 zephyr/CMakeFiles/zephyr_final.dir/isr_tables.c.obj
                [!provide]                PROVIDE (__rel_iplt_end = .)

.rela.plt       0x00000000        0x0
 *(SORT_BY_ALIGNMENT(.rela.plt))
                [!provide]                PROVIDE (__rela_iplt_start = .)
 *(SORT_BY_ALIGNMENT(.rela.iplt))
                [!provide]                PROVIDE (__rela_iplt_end = .)

.rel.dyn
 *(SORT_BY_ALIGNMENT(.rel.*))

.rela.dyn
 *(SORT_BY_ALIGNMENT(.rela.*))

/DISCARD/
 *(SORT_BY_ALIGNMENT(.plt))
 *(SORT_BY_ALIGNMENT(.iplt))
 *(SORT_BY_ALIGNMENT(.got.plt))
 *(SORT_BY_ALIGNMENT(.igot.plt))
 *(SORT_BY_ALIGNMENT(.got))
 *(SORT_BY_ALIGNMENT(.igot))
 *(SORT_BY_ALIGNMENT(.irq_info))
 *(SORT_BY_ALIGNMENT(.intList))
                0x0000c000                _image_rom_start = 0xc000

text            0x0000c000      0x144
                0x00000000                . = 0x0
                0x00000000                _vector_start = .
 *(SORT_BY_ALIGNMENT(.exc_vector_table))
 *(SORT_BY_ALIGNMENT(.exc_vector_table.*))
 .exc_vector_table._vector_table_section
                0x0000c000       0x40 zephyr/arch/arm/core/cortex_m/libarch__arm__core__cortex_m.a(vector_table.S.obj)
                0x0000c000                _vector_table
 *(SORT_BY_ALIGNMENT(.gnu.linkonce.irq_vector_table))
 .gnu.linkonce.irq_vector_table
                0x0000c040      0x104 zephyr/CMakeFiles/zephyr_final.dir/isr_tables.c.obj
                0x0000c040                _irq_vector_table
 *(SORT_BY_ALIGNMENT(.vectors))
 *(SORT_BY_ALIGNMENT(.openocd_dbg))
 *(SORT_BY_ALIGNMENT(.openocd_dbg.*))
 *(SORT_BY_ALIGNMENT(.kinetis_flash_config))
 *(SORT_BY_ALIGNMENT(.kinetis_flash_config.*))
                0x0000c144                _vector_end = .

_TEXT_SECTION_NAME_2
                0x0000c148    0x24920
                0x0000c148                _image_text_start = .
 *(SORT_BY_ALIGNMENT(.text))
 .text          0x0000c148      0x378 c:/gnuarmemb/7 2018-q2-update/bin/../lib/gcc/arm-none-eabi/7.3.1/thumb/v8-m.main/fpv5-sp/hard\libgcc.a(_arm_addsubdf3.o)
                0x0000c148                __aeabi_drsub
                0x0000c150                __aeabi_dsub
                0x0000c150                __subdf3
                0x0000c154                __aeabi_dadd
                0x0000c154                __adddf3
                0x0000c3cc                __floatunsidf
                0x0000c3cc                __aeabi_ui2d
                0x0000c3ec                __floatsidf
                0x0000c3ec                __aeabi_i2d
                0x0000c410                __aeabi_f2d
                0x0000c410                __extendsfdf2
                0x0000c454                __floatundidf
                0x0000c454                __aeabi_ul2d
                0x0000c464                __floatdidf
                0x0000c464                __aeabi_l2d
 .text          0x0000c4c0      0x424 c:/gnuarmemb/7 2018-q2-update/bin/../lib/gcc/arm-none-eabi/7.3.1/thumb/v8-m.main/fpv5-sp/hard\libgcc.a(_arm_muldivdf3.o)
                0x0000c4c0                __aeabi_dmul
                0x0000c4c0                __muldf3
                0x0000c714                __divdf3
                0x0000c714                __aeabi_ddiv
 .text          0x0000c8e4      0x110 c:/gnuarmemb/7 2018-q2-update/bin/../lib/gcc/arm-none-eabi/7.3.1/thumb/v8-m.main/fpv5-sp/hard\libgcc.a(_arm_cmpdf2.o)
                0x0000c8e4                __gtdf2
                0x0000c8e4                __gedf2
                0x0000c8ec                __ltdf2
                0x0000c8ec                __ledf2
                0x0000c8f4                __nedf2
                0x0000c8f4                __eqdf2
                0x0000c8f4                __cmpdf2
                0x0000c970                __aeabi_cdrcmple
                0x0000c980                __aeabi_cdcmpeq
                0x0000c980                __aeabi_cdcmple
                0x0000c990                __aeabi_dcmpeq
                0x0000c9a4                __aeabi_dcmplt
                0x0000c9b8                __aeabi_dcmple
                0x0000c9cc                __aeabi_dcmpge
                0x0000c9e0                __aeabi_dcmpgt
 .text          0x0000c9f4       0x50 c:/gnuarmemb/7 2018-q2-update/bin/../lib/gcc/arm-none-eabi/7.3.1/thumb/v8-m.main/fpv5-sp/hard\libgcc.a(_arm_fixdfsi.o)
                0x0000c9f4                __aeabi_d2iz
                0x0000c9f4                __fixdfsi
 .text          0x0000ca44       0xa0 c:/gnuarmemb/7 2018-q2-update/bin/../lib/gcc/arm-none-eabi/7.3.1/thumb/v8-m.main/fpv5-sp/hard\libgcc.a(_aeabi_ldivmod.o)
                0x0000ca44                __aeabi_ldivmod
 .text          0x0000cae4       0x30 c:/gnuarmemb/7 2018-q2-update/bin/../lib/gcc/arm-none-eabi/7.3.1/thumb/v8-m.main/fpv5-sp/hard\libgcc.a(_aeabi_uldivmod.o)
                0x0000cae4                __aeabi_uldivmod
 .text          0x0000cb14      0x2e0 c:/gnuarmemb/7 2018-q2-update/bin/../lib/gcc/arm-none-eabi/7.3.1/thumb/v8-m.main/fpv5-sp/hard\libgcc.a(_udivmoddi4.o)
                0x0000cb14                __udivmoddi4
 .text          0x0000cdf4        0x4 c:/gnuarmemb/7 2018-q2-update/bin/../lib/gcc/arm-none-eabi/7.3.1/thumb/v8-m.main/fpv5-sp/hard\libgcc.a(_dvmd_tls.o)
                0x0000cdf4                __aeabi_idiv0
                0x0000cdf4                __aeabi_ldiv0
 .text          0x0000cdf8      0x6a8 C:/nrfconnect/ncs/nrfxlib/crypto/nrf_oberon/lib/cortex-m33/hard-float/liboberon_3.0.0.a(ocrypto_bigint256.s.obj)
                0x0000cdf8                ocrypto_bigint_add128
                0x0000ce1e                ocrypto_bigint_sub128
                0x0000ce44                ocrypto_bigint_add256
                0x0000ce84                ocrypto_bigint_sub256
                0x0000cec4                ocrypto_bigint_cadd256
                0x0000cf20                ocrypto_bigint_csub256
                0x0000cf9a                ocrypto_bigint_cswap256
                0x0000cfb0                ocrypto_bigint_mul128
                0x0000d098                ocrypto_bigint_sqr256
                0x0000d09a                ocrypto_bigint_mul256
 .text          0x0000d4a0       0x5c C:/nrfconnect/ncs/nrfxlib/crypto/nrf_oberon/lib/cortex-m33/hard-float/liboberon_3.0.0.a(ocrypto_constant_time.s.obj)
                0x0000d4a0                ocrypto_constant_time_equal
                0x0000d4c6                ocrypto_constant_time_is_zero
                0x0000d4e0                ocrypto_constant_time_copy
                0x0000d4ee                ocrypto_constant_time_fill_zero
 .text          0x0000d4fc      0x6dc C:/nrfconnect/ncs/nrfxlib/crypto/nrf_oberon/lib/cortex-m33/hard-float/liboberon_3.0.0.a(ocrypto_mod_p256_base.s.obj)
                0x0000d4fc                ocrypto_mod_p256_add
                0x0000d57a                ocrypto_mod_p256_sub
                0x0000d5d4                ocrypto_mod_p256_square
                0x0000d5d6                ocrypto_mod_p256_mul
 .text          0x0000dbd8       0xec C:/gnuarmemb/7 2018-q2-update/arm-none-eabi/lib/thumb/v8-m.main/fpv5-sp/hard\libc.a(lib_a-memcpy.o)
                0x0000dbd8                memcpy
 .text          0x0000dcc4      0x1bc C:/gnuarmemb/7 2018-q2-update/arm-none-eabi/lib/thumb/v8-m.main/fpv5-sp/hard\libc.a(lib_a-strcmp.o)
                0x0000dcc4                strcmp
 .text          0x0000de80       0x2c c:/gnuarmemb/7 2018-q2-update/bin/../lib/gcc/arm-none-eabi/7.3.1/thumb/v8-m.main/fpv5-sp/hard\libgcc.a(_arm_unorddf2.o)
                0x0000de80                __unorddf2
                0x0000de80                __aeabi_dcmpun
 *(SORT_BY_ALIGNMENT(.text.*))
 *fill*         0x0000deac        0x4 
 .text.env_data_send
                0x0000deb0       0xdc app/libapp.a(main.c.obj)
 *fill*         0x0000df8c        0x4 
 .text.orientation_detector_poll
                0x0000df90       0xc0 app/libapp.a(orientation_detector.c.obj)
                0x0000df90                orientation_detector_poll
 .text.print_number
                0x0000e050      0x190 zephyr/modules/nrf/ext/cjson/lib..__nrf__ext__cjson.a(cJSON.c.obj)
 .text.gps_sim_sample_fetch
                0x0000e1e0      0x1e8 zephyr/modules/nrf/drivers/gps_sim/lib..__nrf__drivers__gps_sim.a(gps_sim.c.obj)
 .text.double_to_sensor_value
                0x0000e3c8       0x38 zephyr/modules/nrf/drivers/sensor/sensor_sim/lib..__nrf__drivers__sensor__sensor_sim.a(sensor_sim.c.obj)
 .text.sensor_sim_sample_fetch
                0x0000e400      0x194 zephyr/modules/nrf/drivers/sensor/sensor_sim/lib..__nrf__drivers__sensor__sensor_sim.a(sensor_sim.c.obj)
 *fill*         0x0000e594        0x4 
 .text._svfprintf_r
                0x0000e598     0x19dc C:/gnuarmemb/7 2018-q2-update/arm-none-eabi/lib/thumb/v8-m.main/fpv5-sp/hard\libc.a(lib_a-svfprintf.o)
                0x0000e598                _svfprintf_r
 *fill*         0x0000ff74        0x4 
 .text._dtoa_r  0x0000ff78      0xec8 C:/gnuarmemb/7 2018-q2-update/arm-none-eabi/lib/thumb/v8-m.main/fpv5-sp/hard\libc.a(lib_a-dtoa.o)
                0x0000ff78                _dtoa_r
 .text.cos      0x00010e40       0xc0 C:/gnuarmemb/7 2018-q2-update/arm-none-eabi/lib/thumb/v8-m.main/fpv5-sp/hard\libm.a(lib_a-s_cos.o)
                0x00010e40                cos
 .text.floor    0x00010f00      0x110 C:/gnuarmemb/7 2018-q2-update/arm-none-eabi/lib/thumb/v8-m.main/fpv5-sp/hard\libm.a(lib_a-s_floor.o)
                0x00010f00                floor
 .text.sin      0x00011010       0xc0 C:/gnuarmemb/7 2018-q2-update/arm-none-eabi/lib/thumb/v8-m.main/fpv5-sp/hard\libm.a(lib_a-s_sin.o)
                0x00011010                sin
 .text.__ieee754_rem_pio2
                0x000110d0      0x454 C:/gnuarmemb/7 2018-q2-update/arm-none-eabi/lib/thumb/v8-m.main/fpv5-sp/hard\libm.a(lib_a-e_rem_pio2.o)
                0x000110d0                __ieee754_rem_pio2
 *fill*         0x00011524        0x4 
 .text.__kernel_cos
                0x00011528      0x284 C:/gnuarmemb/7 2018-q2-update/arm-none-eabi/lib/thumb/v8-m.main/fpv5-sp/hard\libm.a(lib_a-k_cos.o)
                0x00011528                __kernel_cos
 *fill*         0x000117ac        0x4 
 .text.__kernel_rem_pio2
                0x000117b0      0x83c C:/gnuarmemb/7 2018-q2-update/arm-none-eabi/lib/thumb/v8-m.main/fpv5-sp/hard\libm.a(lib_a-k_rem_pio2.o)
                0x000117b0                __kernel_rem_pio2
 *fill*         0x00011fec        0x4 
 .text.__kernel_sin
                0x00011ff0      0x194 C:/gnuarmemb/7 2018-q2-update/arm-none-eabi/lib/thumb/v8-m.main/fpv5-sp/hard\libm.a(lib_a-k_sin.o)
                0x00011ff0                __kernel_sin
 *fill*         0x00012184        0x4 
 .text.scalbn   0x00012188      0x110 C:/gnuarmemb/7 2018-q2-update/arm-none-eabi/lib/thumb/v8-m.main/fpv5-sp/hard\libm.a(lib_a-s_scalbn.o)
                0x00012188                scalbn
 .text.k_work_submit
                0x00012298       0x28 app/libapp.a(main.c.obj)
 .text.modem_rsrp_handler
                0x000122c0       0x14 app/libapp.a(main.c.obj)
 .text.flip_send
                0x000122d4       0x7c app/libapp.a(main.c.obj)
 .text.leds_update
                0x00012350       0x5c app/libapp.a(main.c.obj)
 .text.accelerometer_calibrate
                0x000123ac       0x40 app/libapp.a(main.c.obj)
 .text.button_handler
                0x000123ec      0x110 app/libapp.a(main.c.obj)
 .text.gps_trigger_handler
                0x000124fc       0x60 app/libapp.a(main.c.obj)
 .text.error_handler
                0x0001255c       0x28 app/libapp.a(main.c.obj)
                0x0001255c                error_handler
 .text.sensor_data_send
                0x00012584       0x44 app/libapp.a(main.c.obj)
 .text.modem_rsrp_data_send
                0x000125c8       0x70 app/libapp.a(main.c.obj)
 .text.device_status_send
                0x00012638       0x48 app/libapp.a(main.c.obj)
 .text.send_flip_data_work_fn
                0x00012680        0xc app/libapp.a(main.c.obj)
 .text.send_button_data_work_fn
                0x0001268c        0xc app/libapp.a(main.c.obj)
 .text.send_gps_data_work_fn
                0x00012698       0x14 app/libapp.a(main.c.obj)
 .text.cloud_connect
                0x000126ac       0x58 app/libapp.a(main.c.obj)
 .text.sensors_attach
                0x00012704       0x38 app/libapp.a(main.c.obj)
                0x00012704                sensors_attach
 .text.sensor_attached
                0x0001273c      0x1e4 app/libapp.a(main.c.obj)
                0x0001273c                sensor_attached
 .text.cloud_event_handler
                0x00012920      0x188 app/libapp.a(main.c.obj)
 .text.main     0x00012aa8      0x1d4 app/libapp.a(main.c.obj)
                0x00012aa8                main
 .text.orientation_detector_calibrate
                0x00012c7c       0x24 app/libapp.a(orientation_detector.c.obj)
                0x00012c7c                orientation_detector_calibrate
 .text.orientation_detector_init
                0x00012ca0        0xc app/libapp.a(orientation_detector.c.obj)
                0x00012ca0                orientation_detector_init
 .text.z_sys_mem_pool_block_free
                0x00012cac      0x1a8 zephyr/libzephyr.a(mempool.c.obj)
                0x00012cac                z_sys_mem_pool_block_free
 .text.char_out
                0x00012e54       0x10 zephyr/libzephyr.a(printk.c.obj)
 .text._printk_dec_ulong
                0x00012e64       0x9c zephyr/libzephyr.a(printk.c.obj)
 .text.__printk_hook_install
                0x00012f00        0xc zephyr/libzephyr.a(printk.c.obj)
                0x00012f00                __printk_hook_install
 .text.vprintk  0x00012f0c       0x20 zephyr/libzephyr.a(printk.c.obj)
                0x00012f0c                vprintk
 .text.nordicsemi_nrf91_init
                0x00012f2c       0x28 zephyr/libzephyr.a(soc.c.obj)
 .text.SystemInit
                0x00012f54       0x2c zephyr/libzephyr.a(system_nrf9160.c.obj)
                0x00012f54                SystemInit
 .text.nvmc_word_write
                0x00012f80       0x18 zephyr/libzephyr.a(nrfx_nvmc.c.obj)
 .text.partial_word_create
                0x00012f98       0x48 zephyr/libzephyr.a(nrfx_nvmc.c.obj)
 .text.nrfx_nvmc_page_erase
                0x00012fe0       0x58 zephyr/libzephyr.a(nrfx_nvmc.c.obj)
                0x00012fe0                nrfx_nvmc_page_erase
 .text.nrfx_nvmc_word_write
                0x00013038       0x4c zephyr/libzephyr.a(nrfx_nvmc.c.obj)
                0x00013038                nrfx_nvmc_word_write
 .text.nrfx_nvmc_bytes_write
                0x00013084       0xa4 zephyr/libzephyr.a(nrfx_nvmc.c.obj)
                0x00013084                nrfx_nvmc_bytes_write
 .text.socket_offload_register
                0x00013128       0x4c zephyr/libzephyr.a(socket_offload.c.obj)
                0x00013128                socket_offload_register
 .text.sys_reboot
                0x00013174       0x30 zephyr/libzephyr.a(reboot.c.obj)
                0x00013174                sys_reboot
 .text.console_out
                0x000131a4       0x34 zephyr/libzephyr.a(uart_console.c.obj)
 .text.uart_console_hook_install
                0x000131d8       0x18 zephyr/libzephyr.a(uart_console.c.obj)
                0x000131d8                uart_console_hook_install
 .text.uart_console_init
                0x000131f0       0x1c zephyr/libzephyr.a(uart_console.c.obj)
 .text.m16src_stop
                0x0001320c       0x74 zephyr/libzephyr.a(nrf_power_clock.c.obj)
 .text.k32src_start
                0x00013280       0x68 zephyr/libzephyr.a(nrf_power_clock.c.obj)
 .text.nrf_power_clock_isr
                0x000132e8       0x94 zephyr/libzephyr.a(nrf_power_clock.c.obj)
                0x000132e8                nrf_power_clock_isr
 .text.m16src_start
                0x0001337c       0xf4 zephyr/libzephyr.a(nrf_power_clock.c.obj)
 .text.z_clock_isr
                0x00013470       0x28 zephyr/libzephyr.a(sys_clock_init.c.obj)
                0x00013470                z_clock_isr
 .text.rtc1_nrf_isr
                0x00013498       0xb8 zephyr/libzephyr.a(nrf_rtc_timer.c.obj)
                0x00013498                rtc1_nrf_isr
 .text.z_clock_driver_init
                0x00013550       0x80 zephyr/libzephyr.a(nrf_rtc_timer.c.obj)
                0x00013550                z_clock_driver_init
 .text.z_clock_set_timeout
                0x000135d0       0xd4 zephyr/libzephyr.a(nrf_rtc_timer.c.obj)
                0x000135d0                z_clock_set_timeout
 .text.z_clock_elapsed
                0x000136a4       0x9c zephyr/libzephyr.a(nrf_rtc_timer.c.obj)
                0x000136a4                z_clock_elapsed
 .text.z_timer_cycle_get_32
                0x00013740       0xa0 zephyr/libzephyr.a(nrf_rtc_timer.c.obj)
                0x00013740                z_timer_cycle_get_32
 .text._HandlerModeExit
                0x000137e0       0x1c zephyr/arch/arm/core/libarch__arm__core.a(exc_exit.S.obj)
                0x000137e0                _IntExit
                0x000137e0                z_ExcExit
 .text.__pendsv
                0x000137fc       0xc8 zephyr/arch/arm/core/libarch__arm__core.a(swap_helper.S.obj)
                0x000137fc                __pendsv
 .text.__svc    0x000138c4       0x24 zephyr/arch/arm/core/libarch__arm__core.a(swap_helper.S.obj)
                0x000138c4                __svc
 .text.z_CpuIdleInit
                0x000138e8        0xc zephyr/arch/arm/core/libarch__arm__core.a(cpu_idle.S.obj)
                0x000138e8                z_CpuIdleInit
 .text.k_cpu_idle
                0x000138f4        0xc zephyr/arch/arm/core/libarch__arm__core.a(cpu_idle.S.obj)
                0x000138f4                k_cpu_idle
 .text.__fault  0x00013900       0x24 zephyr/arch/arm/core/libarch__arm__core.a(fault_s.S.obj)
                0x00013900                __reserved
                0x00013900                __bus_fault
                0x00013900                __debug_monitor
                0x00013900                __mpu_fault
                0x00013900                __hard_fault
                0x00013900                __usage_fault
 .text._isr_wrapper
                0x00013924       0x40 zephyr/arch/arm/core/libarch__arm__core.a(isr_wrapper.S.obj)
                0x00013924                _isr_wrapper
 .text.z_IntLibInit
                0x00013964       0x18 zephyr/arch/arm/core/libarch__arm__core.a(irq_init.c.obj)
                0x00013964                z_IntLibInit
 .text.__swap   0x0001397c       0x34 zephyr/arch/arm/core/libarch__arm__core.a(swap.c.obj)
                0x0001397c                __swap
 .text.BusFault.isra.2
                0x000139b0       0xa0 zephyr/arch/arm/core/libarch__arm__core.a(fault.c.obj)
 .text.UsageFault.isra.3
                0x00013a50       0x9c zephyr/arch/arm/core/libarch__arm__core.a(fault.c.obj)
 .text.MpuFault.isra.6
                0x00013aec       0xc4 zephyr/arch/arm/core/libarch__arm__core.a(fault.c.obj)
 .text._Fault   0x00013bb0       0xe8 zephyr/arch/arm/core/libarch__arm__core.a(fault.c.obj)
                0x00013bb0                _Fault
 .text.z_FaultInit
                0x00013c98       0x18 zephyr/arch/arm/core/libarch__arm__core.a(fault.c.obj)
                0x00013c98                z_FaultInit
 .text.z_arch_irq_enable
                0x00013cb0       0x20 zephyr/arch/arm/core/libarch__arm__core.a(irq_manage.c.obj)
                0x00013cb0                z_arch_irq_enable
 .text.z_arch_irq_disable
                0x00013cd0       0x28 zephyr/arch/arm/core/libarch__arm__core.a(irq_manage.c.obj)
                0x00013cd0                z_arch_irq_disable
 .text.z_irq_priority_set
                0x00013cf8       0x64 zephyr/arch/arm/core/libarch__arm__core.a(irq_manage.c.obj)
                0x00013cf8                z_irq_priority_set
 .text._arch_isr_direct_pm
                0x00013d5c       0x1c zephyr/arch/arm/core/libarch__arm__core.a(irq_manage.c.obj)
                0x00013d5c                _arch_isr_direct_pm
 .text.z_new_thread
                0x00013d78       0xa4 zephyr/arch/arm/core/libarch__arm__core.a(thread.c.obj)
                0x00013d78                z_new_thread
 .text.z_NanoFatalErrorHandler
                0x00013e1c       0x6c zephyr/arch/arm/core/libarch__arm__core.a(fatal.c.obj)
                0x00013e1c                z_NanoFatalErrorHandler
 .text.z_SysFatalErrorHandler
                0x00013e88       0x58 zephyr/arch/arm/core/libarch__arm__core.a(sys_fatal_error_handler.c.obj)
                0x00013e88                z_SysFatalErrorHandler
 .text.z_impl_k_thread_abort
                0x00013ee0       0x7c zephyr/arch/arm/core/libarch__arm__core.a(thread_abort.c.obj)
                0x00013ee0                z_impl_k_thread_abort
 .text._reset_section
                0x00013f5c       0x30 zephyr/arch/arm/core/cortex_m/libarch__arm__core__cortex_m.a(reset.S.obj)
                0x00013f5c                __start
                0x00013f5c                __reset
 .text.z_SysNmiOnReset
                0x00013f8c        0x8 zephyr/arch/arm/core/cortex_m/libarch__arm__core__cortex_m.a(nmi_on_reset.S.obj)
                0x00013f8c                z_SysNmiOnReset
 .text._PrepC   0x00013f94       0x50 zephyr/arch/arm/core/cortex_m/libarch__arm__core__cortex_m.a(prep_c.c.obj)
                0x00013f94                _PrepC
 .text.z_arch_configure_static_mpu_regions
                0x00013fe4       0x54 zephyr/arch/arm/core/cortex_m/mpu/libarch__arm__core__cortex_m__mpu.a(arm_core_mpu.c.obj)
                0x00013fe4                z_arch_configure_static_mpu_regions
 .text.region_init
                0x00014038       0x30 zephyr/arch/arm/core/cortex_m/mpu/libarch__arm__core__cortex_m__mpu.a(arm_mpu.c.obj)
 .text.mpu_configure_regions.constprop.2
                0x00014068      0x134 zephyr/arch/arm/core/cortex_m/mpu/libarch__arm__core__cortex_m__mpu.a(arm_mpu.c.obj)
 .text.arm_core_mpu_enable
                0x0001419c       0x14 zephyr/arch/arm/core/cortex_m/mpu/libarch__arm__core__cortex_m__mpu.a(arm_mpu.c.obj)
                0x0001419c                arm_core_mpu_enable
 .text.arm_core_mpu_disable
                0x000141b0       0x10 zephyr/arch/arm/core/cortex_m/mpu/libarch__arm__core__cortex_m__mpu.a(arm_mpu.c.obj)
                0x000141b0                arm_core_mpu_disable
 .text.arm_mpu_init
                0x000141c0       0xb0 zephyr/arch/arm/core/cortex_m/mpu/libarch__arm__core__cortex_m__mpu.a(arm_mpu.c.obj)
 .text.arm_core_mpu_configure_static_mpu_regions
                0x00014270       0x48 zephyr/arch/arm/core/cortex_m/mpu/libarch__arm__core__cortex_m__mpu.a(arm_mpu.c.obj)
                0x00014270                arm_core_mpu_configure_static_mpu_regions
 .text.arm_core_mpu_mark_areas_for_dynamic_regions
                0x000142b8       0xd8 zephyr/arch/arm/core/cortex_m/mpu/libarch__arm__core__cortex_m__mpu.a(arm_mpu.c.obj)
                0x000142b8                arm_core_mpu_mark_areas_for_dynamic_regions
 .text.arm_core_mpu_configure_dynamic_mpu_regions
                0x00014390       0x74 zephyr/arch/arm/core/cortex_m/mpu/libarch__arm__core__cortex_m__mpu.a(arm_mpu.c.obj)
                0x00014390                arm_core_mpu_configure_dynamic_mpu_regions
 .text.__stdout_hook_install
                0x00014404        0xc zephyr/lib/libc/newlib/liblib__libc__newlib.a(libc-hooks.c.obj)
                0x00014404                __stdout_hook_install
 .text.z_impl_zephyr_read_stdin
                0x00014410       0x28 zephyr/lib/libc/newlib/liblib__libc__newlib.a(libc-hooks.c.obj)
                0x00014410                z_impl_zephyr_read_stdin
 .text.z_impl_zephyr_write_stdout
                0x00014438       0x38 zephyr/lib/libc/newlib/liblib__libc__newlib.a(libc-hooks.c.obj)
                0x00014438                z_impl_zephyr_write_stdout
 .text._exit    0x00014470       0x10 zephyr/lib/libc/newlib/liblib__libc__newlib.a(libc-hooks.c.obj)
                0x00014470                _exit
 .text._sbrk    0x00014480       0x28 zephyr/lib/libc/newlib/liblib__libc__newlib.a(libc-hooks.c.obj)
                0x00014480                sbrk
                0x00014480                _sbrk
 .text.net_buf_id
                0x000144a8       0x20 zephyr/subsys/net/libsubsys__net.a(buf.c.obj)
                0x000144a8                net_buf_id
 .text.fixed_data_alloc
                0x000144c8       0x30 zephyr/subsys/net/libsubsys__net.a(buf.c.obj)
 .text.net_context_init
                0x000144f8       0x10 zephyr/subsys/net/ip/libsubsys__net__ip.a(net_context.c.obj)
                0x000144f8                net_context_init
 .text.net_if_flag_is_set
                0x00014508       0x3c zephyr/subsys/net/ip/libsubsys__net__ip.a(net_if.c.obj)
 .text.net_if_flag_set.constprop.25
                0x00014544       0x40 zephyr/subsys/net/ip/libsubsys__net__ip.a(net_if.c.obj)
 .text.net_if_up
                0x00014584       0x5c zephyr/subsys/net/ip/libsubsys__net__ip.a(net_if.c.obj)
                0x00014584                net_if_up
 .text.net_if_init
                0x000145e0       0x34 zephyr/subsys/net/ip/libsubsys__net__ip.a(net_if.c.obj)
                0x000145e0                net_if_init
 .text.net_if_post_init
                0x00014614       0x30 zephyr/subsys/net/ip/libsubsys__net__ip.a(net_if.c.obj)
                0x00014614                net_if_post_init
 .text.net_tc_tx_init
                0x00014644       0x34 zephyr/subsys/net/ip/libsubsys__net__ip.a(net_tc.c.obj)
                0x00014644                net_tc_tx_init
 .text.net_tc_rx_init
                0x00014678       0x34 zephyr/subsys/net/ip/libsubsys__net__ip.a(net_tc.c.obj)
                0x00014678                net_tc_rx_init
 .text.gpio_nrfx_manage_callback
                0x000146ac       0xac zephyr/drivers/gpio/libdrivers__gpio.a(gpio_nrfx.c.obj)
 .text.nrf_gpio_pin_port_decode.isra.6.part.7
                0x00014758       0x1c zephyr/drivers/gpio/libdrivers__gpio.a(gpio_nrfx.c.obj)
 .text.nrf_gpio_cfg_sense_set
                0x00014774       0x30 zephyr/drivers/gpio/libdrivers__gpio.a(gpio_nrfx.c.obj)
 .text.gpiote_pin_int_cfg
                0x000147a4      0x13c zephyr/drivers/gpio/libdrivers__gpio.a(gpio_nrfx.c.obj)
 .text.gpio_nrfx_init
                0x000148e0       0x30 zephyr/drivers/gpio/libdrivers__gpio.a(gpio_nrfx.c.obj)
 .text.gpio_nrfx_config
                0x00014910      0x130 zephyr/drivers/gpio/libdrivers__gpio.a(gpio_nrfx.c.obj)
 .text.gpiote_event_handler
                0x00014a40      0x170 zephyr/drivers/gpio/libdrivers__gpio.a(gpio_nrfx.c.obj)
 .text.flash_nrf_write_protection
                0x00014bb0        0xc zephyr/drivers/flash/libdrivers__flash.a(soc_flash_nrf.c.obj)
 .text.flash_nrf_pages_layout
                0x00014bbc       0x10 zephyr/drivers/flash/libdrivers__flash.a(soc_flash_nrf.c.obj)
 .text.nrf_flash_init
                0x00014bcc       0x30 zephyr/drivers/flash/libdrivers__flash.a(soc_flash_nrf.c.obj)
 .text.flash_nrf_erase
                0x00014bfc       0x70 zephyr/drivers/flash/libdrivers__flash.a(soc_flash_nrf.c.obj)
 .text.flash_nrf_write
                0x00014c6c       0xb4 zephyr/drivers/flash/libdrivers__flash.a(soc_flash_nrf.c.obj)
 .text.uarte_nrfx_configure
                0x00014d20      0x160 zephyr/drivers/serial/libdrivers__serial.a(uart_nrfx_uarte.c.obj)
 .text.uarte_0_init
                0x00014e80       0x90 zephyr/drivers/serial/libdrivers__serial.a(uart_nrfx_uarte.c.obj)
 .text.parse_string
                0x00014f10      0x1b0 zephyr/modules/nrf/ext/cjson/lib..__nrf__ext__cjson.a(cJSON.c.obj)
 .text.cJSON_New_Item
                0x000150c0       0x20 zephyr/modules/nrf/ext/cjson/lib..__nrf__ext__cjson.a(cJSON.c.obj)
 .text.parse_value
                0x000150e0      0x1f4 zephyr/modules/nrf/ext/cjson/lib..__nrf__ext__cjson.a(cJSON.c.obj)
 .text.ensure   0x000152d4       0x70 zephyr/modules/nrf/ext/cjson/lib..__nrf__ext__cjson.a(cJSON.c.obj)
 .text.cJSON_strdup
                0x00015344       0x28 zephyr/modules/nrf/ext/cjson/lib..__nrf__ext__cjson.a(cJSON.c.obj)
 .text.print_string_ptr
                0x0001536c      0x17c zephyr/modules/nrf/ext/cjson/lib..__nrf__ext__cjson.a(cJSON.c.obj)
 .text.print_array.isra.3
                0x000154e8      0x204 zephyr/modules/nrf/ext/cjson/lib..__nrf__ext__cjson.a(cJSON.c.obj)
 .text.print_value
                0x000156ec       0xbc zephyr/modules/nrf/ext/cjson/lib..__nrf__ext__cjson.a(cJSON.c.obj)
 .text.print_object.isra.2
                0x000157a8      0x3e4 zephyr/modules/nrf/ext/cjson/lib..__nrf__ext__cjson.a(cJSON.c.obj)
 .text.cJSON_InitHooks
                0x00015b8c       0x3c zephyr/modules/nrf/ext/cjson/lib..__nrf__ext__cjson.a(cJSON.c.obj)
                0x00015b8c                cJSON_InitHooks
 .text.cJSON_Delete
                0x00015bc8       0x44 zephyr/modules/nrf/ext/cjson/lib..__nrf__ext__cjson.a(cJSON.c.obj)
                0x00015bc8                cJSON_Delete
 .text.cJSON_ParseWithOpts
                0x00015c0c       0x68 zephyr/modules/nrf/ext/cjson/lib..__nrf__ext__cjson.a(cJSON.c.obj)
                0x00015c0c                cJSON_ParseWithOpts
 .text.cJSON_AddItemToObject
                0x00015c74       0x30 zephyr/modules/nrf/ext/cjson/lib..__nrf__ext__cjson.a(cJSON.c.obj)
                0x00015c74                cJSON_AddItemToObject
 .text.cJSON_Init
                0x00015ca4       0x1c zephyr/modules/nrf/ext/cjson/lib..__nrf__ext__cjson.a(cJSON_os.c.obj)
                0x00015ca4                cJSON_Init
 .text.thread_monitor_entry_get
                0x00015cc0       0x44 zephyr/modules/nrf/lib/bsdlib/lib..__nrf__lib__bsdlib.a(bsd_os.c.obj)
 .text.rpc_proxy_irq_handler
                0x00015d04       0x4c zephyr/modules/nrf/lib/bsdlib/lib..__nrf__lib__bsdlib.a(bsd_os.c.obj)
                0x00015d04                rpc_proxy_irq_handler
 .text.bsd_os_timedwait
                0x00015d50      0x124 zephyr/modules/nrf/lib/bsdlib/lib..__nrf__lib__bsdlib.a(bsd_os.c.obj)
                0x00015d50                bsd_os_timedwait
 .text.bsd_os_application_irq_set
                0x00015e74       0x10 zephyr/modules/nrf/lib/bsdlib/lib..__nrf__lib__bsdlib.a(bsd_os.c.obj)
                0x00015e74                bsd_os_application_irq_set
 .text.bsd_os_application_irq_clear
                0x00015e84       0x10 zephyr/modules/nrf/lib/bsdlib/lib..__nrf__lib__bsdlib.a(bsd_os.c.obj)
                0x00015e84                bsd_os_application_irq_clear
 .text.bsd_os_trace_irq_set
                0x00015e94       0x10 zephyr/modules/nrf/lib/bsdlib/lib..__nrf__lib__bsdlib.a(bsd_os.c.obj)
                0x00015e94                bsd_os_trace_irq_set
 .text.bsd_os_trace_irq_clear
                0x00015ea4       0x10 zephyr/modules/nrf/lib/bsdlib/lib..__nrf__lib__bsdlib.a(bsd_os.c.obj)
                0x00015ea4                bsd_os_trace_irq_clear
 .text.bsd_os_init
                0x00015eb4       0x2c zephyr/modules/nrf/lib/bsdlib/lib..__nrf__lib__bsdlib.a(bsd_os.c.obj)
                0x00015eb4                bsd_os_init
 .text.nrf91_socket_iface_init
                0x00015ee0       0x1c zephyr/modules/nrf/lib/bsdlib/lib..__nrf__lib__bsdlib.a(nrf91_sockets.c.obj)
 .text.z_to_nrf_optname
                0x00015efc       0x70 zephyr/modules/nrf/lib/bsdlib/lib..__nrf__lib__bsdlib.a(nrf91_sockets.c.obj)
 .text.dk_set_leds_state.part.1
                0x00015f6c       0x48 zephyr/modules/nrf/lib/dk_buttons_and_leds/lib..__nrf__lib__dk_buttons_and_leds.a(dk_buttons_and_leds.c.obj)
 .text.button_pressed
                0x00015fb4       0xec zephyr/modules/nrf/lib/dk_buttons_and_leds/lib..__nrf__lib__dk_buttons_and_leds.a(dk_buttons_and_leds.c.obj)
 .text.buttons_scan_fn
                0x000160a0      0x168 zephyr/modules/nrf/lib/dk_buttons_and_leds/lib..__nrf__lib__dk_buttons_and_leds.a(dk_buttons_and_leds.c.obj)
 .text.dk_leds_init
                0x00016208       0x48 zephyr/modules/nrf/lib/dk_buttons_and_leds/lib..__nrf__lib__dk_buttons_and_leds.a(dk_buttons_and_leds.c.obj)
                0x00016208                dk_leds_init
 .text.dk_read_buttons
                0x00016250       0x20 zephyr/modules/nrf/lib/dk_buttons_and_leds/lib..__nrf__lib__dk_buttons_and_leds.a(dk_buttons_and_leds.c.obj)
                0x00016250                dk_read_buttons
 .text.dk_buttons_init
                0x00016270      0x104 zephyr/modules/nrf/lib/dk_buttons_and_leds/lib..__nrf__lib__dk_buttons_and_leds.a(dk_buttons_and_leds.c.obj)
                0x00016270                dk_buttons_init
 .text.write_uart_string
                0x00016374       0x20 zephyr/modules/nrf/lib/at_host/lib..__nrf__lib__at_host.a(at_host.c.obj)
 .text.cmd_send
                0x00016394       0xa0 zephyr/modules/nrf/lib/at_host/lib..__nrf__lib__at_host.a(at_host.c.obj)
 .text.at_host_init
                0x00016434       0x74 zephyr/modules/nrf/lib/at_host/lib..__nrf__lib__at_host.a(at_host.c.obj)
 .text.isr      0x000164a8      0x110 zephyr/modules/nrf/lib/at_host/lib..__nrf__lib__at_host.a(at_host.c.obj)
 .text.at_params_get
                0x000165b8       0x44 zephyr/modules/nrf/lib/at_cmd_parser/lib..__nrf__lib__at_cmd_parser.a(at_params.c.obj)
 .text.at_param_clear
                0x000165fc       0x54 zephyr/modules/nrf/lib/at_cmd_parser/lib..__nrf__lib__at_cmd_parser.a(at_params.c.obj)
 .text.at_param_init
                0x00016650       0x38 zephyr/modules/nrf/lib/at_cmd_parser/lib..__nrf__lib__at_cmd_parser.a(at_params.c.obj)
 .text.modem_info_parse
                0x00016688       0x34 zephyr/modules/nrf/lib/modem_info/lib..__nrf__lib__modem_info.a(modem_info.c.obj)
 .text.modem_info_type_get
                0x000166bc       0x40 zephyr/modules/nrf/lib/modem_info/lib..__nrf__lib__modem_info.a(modem_info.c.obj)
                0x000166bc                modem_info_type_get
 .text.modem_info_name_get
                0x000166fc       0x30 zephyr/modules/nrf/lib/modem_info/lib..__nrf__lib__modem_info.a(modem_info.c.obj)
                0x000166fc                modem_info_name_get
 .text.modem_info_short_get
                0x0001672c       0x60 zephyr/modules/nrf/lib/modem_info/lib..__nrf__lib__modem_info.a(modem_info.c.obj)
                0x0001672c                modem_info_short_get
 .text.modem_info_rsrp_subscribe_handler
                0x0001678c       0x40 zephyr/modules/nrf/lib/modem_info/lib..__nrf__lib__modem_info.a(modem_info.c.obj)
 .text.modem_info_string_get
                0x000167cc      0x104 zephyr/modules/nrf/lib/modem_info/lib..__nrf__lib__modem_info.a(modem_info.c.obj)
                0x000167cc                modem_info_string_get
 .text.modem_info_rsrp_register
                0x000168d0       0x30 zephyr/modules/nrf/lib/modem_info/lib..__nrf__lib__modem_info.a(modem_info.c.obj)
                0x000168d0                modem_info_rsrp_register
 .text.modem_info_init
                0x00016900        0xc zephyr/modules/nrf/lib/modem_info/lib..__nrf__lib__modem_info.a(modem_info.c.obj)
                0x00016900                modem_info_init
 .text.modem_info_json_string_get
                0x0001690c       0xf0 zephyr/modules/nrf/lib/modem_info/lib..__nrf__lib__modem_info.a(modem_info_json.c.obj)
                0x0001690c                modem_info_json_string_get
 .text.connect_request_encode
                0x000169fc      0x158 zephyr/modules/nrf/subsys/net/lib/mqtt_socket/lib..__nrf__subsys__net__lib__mqtt_socket.a(mqtt_encoder.c.obj)
                0x000169fc                connect_request_encode
 .text.disconnect_encode
                0x00016b54       0x10 zephyr/modules/nrf/subsys/net/lib/mqtt_socket/lib..__nrf__subsys__net__lib__mqtt_socket.a(mqtt_encoder.c.obj)
                0x00016b54                disconnect_encode
 .text.ping_request_encode
                0x00016b64       0x10 zephyr/modules/nrf/subsys/net/lib/mqtt_socket/lib..__nrf__subsys__net__lib__mqtt_socket.a(mqtt_encoder.c.obj)
                0x00016b64                ping_request_encode
 .text.close    0x00016b74       0x58 zephyr/modules/nrf/subsys/net/lib/mqtt_socket/lib..__nrf__subsys__net__lib__mqtt_socket.a(mqtt_transport_socket_tcp.c.obj)
 .text.mqtt_client_tcp_connect
                0x00016bcc       0xd4 zephyr/modules/nrf/subsys/net/lib/mqtt_socket/lib..__nrf__subsys__net__lib__mqtt_socket.a(mqtt_transport_socket_tcp.c.obj)
                0x00016bcc                mqtt_client_tcp_connect
 .text.mqtt_client_tcp_write
                0x00016ca0       0x98 zephyr/modules/nrf/subsys/net/lib/mqtt_socket/lib..__nrf__subsys__net__lib__mqtt_socket.a(mqtt_transport_socket_tcp.c.obj)
                0x00016ca0                mqtt_client_tcp_write
 .text.mqtt_client_tcp_read
                0x00016d38       0x7c zephyr/modules/nrf/subsys/net/lib/mqtt_socket/lib..__nrf__subsys__net__lib__mqtt_socket.a(mqtt_transport_socket_tcp.c.obj)
                0x00016d38                mqtt_client_tcp_read
 .text.mqtt_transport_connect
                0x00016db4       0x10 zephyr/modules/nrf/subsys/net/lib/mqtt_socket/lib..__nrf__subsys__net__lib__mqtt_socket.a(mqtt_transport.c.obj)
                0x00016db4                mqtt_transport_connect
 .text.mqtt_transport_write
                0x00016dc4       0x18 zephyr/modules/nrf/subsys/net/lib/mqtt_socket/lib..__nrf__subsys__net__lib__mqtt_socket.a(mqtt_transport.c.obj)
                0x00016dc4                mqtt_transport_write
 .text.mqtt_transport_read
                0x00016ddc       0x18 zephyr/modules/nrf/subsys/net/lib/mqtt_socket/lib..__nrf__subsys__net__lib__mqtt_socket.a(mqtt_transport.c.obj)
                0x00016ddc                mqtt_transport_read
 .text.mqtt_transport_disconnect
                0x00016df4       0x10 zephyr/modules/nrf/subsys/net/lib/mqtt_socket/lib..__nrf__subsys__net__lib__mqtt_socket.a(mqtt_transport.c.obj)
                0x00016df4                mqtt_transport_disconnect
 .text.mqtt_mutex_unlock
                0x00016e04        0xc zephyr/modules/nrf/subsys/net/lib/mqtt_socket/lib..__nrf__subsys__net__lib__mqtt_socket.a(mqtt.c.obj)
 .text.mqtt_mutex_lock
                0x00016e10       0x10 zephyr/modules/nrf/subsys/net/lib/mqtt_socket/lib..__nrf__subsys__net__lib__mqtt_socket.a(mqtt.c.obj)
 .text.client_free
                0x00016e20       0x38 zephyr/modules/nrf/subsys/net/lib/mqtt_socket/lib..__nrf__subsys__net__lib__mqtt_socket.a(mqtt.c.obj)
 .text.disconnect_event_notify
                0x00016e58       0x44 zephyr/modules/nrf/subsys/net/lib/mqtt_socket/lib..__nrf__subsys__net__lib__mqtt_socket.a(mqtt.c.obj)
 .text.mqtt_init
                0x00016e9c       0x38 zephyr/modules/nrf/subsys/net/lib/mqtt_socket/lib..__nrf__subsys__net__lib__mqtt_socket.a(mqtt.c.obj)
                0x00016e9c                mqtt_init
 .text.mqtt_client_init
                0x00016ed4       0x54 zephyr/modules/nrf/subsys/net/lib/mqtt_socket/lib..__nrf__subsys__net__lib__mqtt_socket.a(mqtt.c.obj)
                0x00016ed4                mqtt_client_init
 .text.mqtt_connect
                0x00016f28       0xa0 zephyr/modules/nrf/subsys/net/lib/mqtt_socket/lib..__nrf__subsys__net__lib__mqtt_socket.a(mqtt.c.obj)
                0x00016f28                mqtt_connect
 .text.mqtt_live
                0x00016fc8       0x48 zephyr/modules/nrf/subsys/net/lib/mqtt_socket/lib..__nrf__subsys__net__lib__mqtt_socket.a(mqtt.c.obj)
                0x00016fc8                mqtt_live
 .text.close    0x00017010       0x58 zephyr/modules/nrf/subsys/net/lib/mqtt_socket/lib..__nrf__subsys__net__lib__mqtt_socket.a(mqtt_transport_socket_tls.c.obj)
 .text.setsockopt.constprop.2
                0x00017068       0x70 zephyr/modules/nrf/subsys/net/lib/mqtt_socket/lib..__nrf__subsys__net__lib__mqtt_socket.a(mqtt_transport_socket_tls.c.obj)
 .text.mqtt_client_tls_connect
                0x000170d8      0x140 zephyr/modules/nrf/subsys/net/lib/mqtt_socket/lib..__nrf__subsys__net__lib__mqtt_socket.a(mqtt_transport_socket_tls.c.obj)
                0x000170d8                mqtt_client_tls_connect
 .text.mqtt_client_tls_write
                0x00017218       0x98 zephyr/modules/nrf/subsys/net/lib/mqtt_socket/lib..__nrf__subsys__net__lib__mqtt_socket.a(mqtt_transport_socket_tls.c.obj)
                0x00017218                mqtt_client_tls_write
 .text.mqtt_client_tls_read
                0x000172b0       0x7c zephyr/modules/nrf/subsys/net/lib/mqtt_socket/lib..__nrf__subsys__net__lib__mqtt_socket.a(mqtt_transport_socket_tls.c.obj)
                0x000172b0                mqtt_client_tls_read
 .text.nfsm_get_current_state
                0x0001732c        0xc zephyr/modules/nrf/subsys/net/lib/nrf_cloud/lib..__nrf__subsys__net__lib__nrf_cloud.a(nrf_cloud.c.obj)
                0x0001732c                nfsm_get_current_state
 .text.nfsm_set_current_state_and_notify
                0x00017338       0x1c zephyr/modules/nrf/subsys/net/lib/nrf_cloud/lib..__nrf__subsys__net__lib__nrf_cloud.a(nrf_cloud.c.obj)
                0x00017338                nfsm_set_current_state_and_notify
 .text.nrf_cloud_init
                0x00017354       0x40 zephyr/modules/nrf/subsys/net/lib/nrf_cloud/lib..__nrf__subsys__net__lib__nrf_cloud.a(nrf_cloud.c.obj)
                0x00017354                nrf_cloud_init
 .text.nrf_cloud_connect
                0x00017394       0x18 zephyr/modules/nrf/subsys/net/lib/nrf_cloud/lib..__nrf__subsys__net__lib__nrf_cloud.a(nrf_cloud.c.obj)
                0x00017394                nrf_cloud_connect
 .text.nrf_cloud_user_associate
                0x000173ac       0x54 zephyr/modules/nrf/subsys/net/lib/nrf_cloud/lib..__nrf__subsys__net__lib__nrf_cloud.a(nrf_cloud.c.obj)
                0x000173ac                nrf_cloud_user_associate
 .text.nrf_cloud_sensor_attach
                0x00017400       0x34 zephyr/modules/nrf/subsys/net/lib/nrf_cloud/lib..__nrf__subsys__net__lib__nrf_cloud.a(nrf_cloud.c.obj)
                0x00017400                nrf_cloud_sensor_attach
 .text.nrf_cloud_sensor_data_send
                0x00017434       0x44 zephyr/modules/nrf/subsys/net/lib/nrf_cloud/lib..__nrf__subsys__net__lib__nrf_cloud.a(nrf_cloud.c.obj)
                0x00017434                nrf_cloud_sensor_data_send
 .text.nrf_cloud_sensor_data_stream
                0x00017478       0x44 zephyr/modules/nrf/subsys/net/lib/nrf_cloud/lib..__nrf__subsys__net__lib__nrf_cloud.a(nrf_cloud.c.obj)
                0x00017478                nrf_cloud_sensor_data_stream
 .text.nct_input
                0x000174bc        0xc zephyr/modules/nrf/subsys/net/lib/nrf_cloud/lib..__nrf__subsys__net__lib__nrf_cloud.a(nrf_cloud.c.obj)
                0x000174bc                nct_input
 .text.nrf_cloud_encode_ua
                0x000174c8      0x1c0 zephyr/modules/nrf/subsys/net/lib/nrf_cloud/lib..__nrf__subsys__net__lib__nrf_cloud.a(nrf_cloud_codec.c.obj)
                0x000174c8                nrf_cloud_encode_ua
 .text.nrf_cloud_encode_sensor_data
                0x00017688       0xe8 zephyr/modules/nrf/subsys/net/lib/nrf_cloud/lib..__nrf__subsys__net__lib__nrf_cloud.a(nrf_cloud_codec.c.obj)
                0x00017688                nrf_cloud_encode_sensor_data
 .text.nrf_cloud_decode_requested_state
                0x00017770      0x13c zephyr/modules/nrf/subsys/net/lib/nrf_cloud/lib..__nrf__subsys__net__lib__nrf_cloud.a(nrf_cloud_codec.c.obj)
                0x00017770                nrf_cloud_decode_requested_state
 .text.nrf_cloud_encode_state
                0x000178ac      0x258 zephyr/modules/nrf/subsys/net/lib/nrf_cloud/lib..__nrf__subsys__net__lib__nrf_cloud.a(nrf_cloud_codec.c.obj)
                0x000178ac                nrf_cloud_encode_state
 .text.nrf_cloud_decode_data_endpoint
                0x00017b04      0x158 zephyr/modules/nrf/subsys/net/lib/nrf_cloud/lib..__nrf__subsys__net__lib__nrf_cloud.a(nrf_cloud_codec.c.obj)
                0x00017b04                nrf_cloud_decode_data_endpoint
 .text.cc_connection_handler
                0x00017c5c       0x50 zephyr/modules/nrf/subsys/net/lib/nrf_cloud/lib..__nrf__subsys__net__lib__nrf_cloud.a(nrf_cloud_fsm.c.obj)
 .text.nfsm_handle_incoming_event
                0x00017cac       0x48 zephyr/modules/nrf/subsys/net/lib/nrf_cloud/lib..__nrf__subsys__net__lib__nrf_cloud.a(nrf_cloud_fsm.c.obj)
                0x00017cac                nfsm_handle_incoming_event
 .text.dc_send  0x00017cf4       0x74 zephyr/modules/nrf/subsys/net/lib/nrf_cloud/lib..__nrf__subsys__net__lib__nrf_cloud.a(nrf_cloud_transport.c.obj)
 .text.nct_mqtt_evt_handler
                0x00017d68       0xec zephyr/modules/nrf/subsys/net/lib/nrf_cloud/lib..__nrf__subsys__net__lib__nrf_cloud.a(nrf_cloud_transport.c.obj)
 .text.dc_endpoint_free
                0x00017e54       0x28 zephyr/modules/nrf/subsys/net/lib/nrf_cloud/lib..__nrf__subsys__net__lib__nrf_cloud.a(nrf_cloud_transport.c.obj)
 .text.nct_mqtt_connect
                0x00017e7c       0x58 zephyr/modules/nrf/subsys/net/lib/nrf_cloud/lib..__nrf__subsys__net__lib__nrf_cloud.a(nrf_cloud_transport.c.obj)
                0x00017e7c                nct_mqtt_connect
 .text.nct_init
                0x00017ed4      0x190 zephyr/modules/nrf/subsys/net/lib/nrf_cloud/lib..__nrf__subsys__net__lib__nrf_cloud.a(nrf_cloud_transport.c.obj)
                0x00017ed4                nct_init
 .text.nct_connect
                0x00018064       0xe8 zephyr/modules/nrf/subsys/net/lib/nrf_cloud/lib..__nrf__subsys__net__lib__nrf_cloud.a(nrf_cloud_transport.c.obj)
                0x00018064                nct_connect
 .text.nct_cc_connect
                0x0001814c       0x24 zephyr/modules/nrf/subsys/net/lib/nrf_cloud/lib..__nrf__subsys__net__lib__nrf_cloud.a(nrf_cloud_transport.c.obj)
                0x0001814c                nct_cc_connect
 .text.nct_cc_send
                0x00018170       0x60 zephyr/modules/nrf/subsys/net/lib/nrf_cloud/lib..__nrf__subsys__net__lib__nrf_cloud.a(nrf_cloud_transport.c.obj)
                0x00018170                nct_cc_send
 .text.nct_dc_endpoint_set
                0x000181d0       0x2c zephyr/modules/nrf/subsys/net/lib/nrf_cloud/lib..__nrf__subsys__net__lib__nrf_cloud.a(nrf_cloud_transport.c.obj)
                0x000181d0                nct_dc_endpoint_set
 .text.nct_dc_endpoint_get
                0x000181fc       0x20 zephyr/modules/nrf/subsys/net/lib/nrf_cloud/lib..__nrf__subsys__net__lib__nrf_cloud.a(nrf_cloud_transport.c.obj)
                0x000181fc                nct_dc_endpoint_get
 .text.nct_dc_connect
                0x0001821c       0x34 zephyr/modules/nrf/subsys/net/lib/nrf_cloud/lib..__nrf__subsys__net__lib__nrf_cloud.a(nrf_cloud_transport.c.obj)
                0x0001821c                nct_dc_connect
 .text.nct_dc_disconnect
                0x00018250       0x24 zephyr/modules/nrf/subsys/net/lib/nrf_cloud/lib..__nrf__subsys__net__lib__nrf_cloud.a(nrf_cloud_transport.c.obj)
                0x00018250                nct_dc_disconnect
 .text.nct_disconnect
                0x00018274       0x14 zephyr/modules/nrf/subsys/net/lib/nrf_cloud/lib..__nrf__subsys__net__lib__nrf_cloud.a(nrf_cloud_transport.c.obj)
                0x00018274                nct_disconnect
 .text.nct_process
                0x00018288       0x14 zephyr/modules/nrf/subsys/net/lib/nrf_cloud/lib..__nrf__subsys__net__lib__nrf_cloud.a(nrf_cloud_transport.c.obj)
                0x00018288                nct_process
 .text.close    0x0001829c       0x58 zephyr/modules/nrf/drivers/at_cmd/lib..__nrf__drivers__at_cmd.a(at_cmd.c.obj)
 .text.open_socket
                0x000182f4       0x74 zephyr/modules/nrf/drivers/at_cmd/lib..__nrf__drivers__at_cmd.a(at_cmd.c.obj)
 .text.at_write
                0x00018368       0xa0 zephyr/modules/nrf/drivers/at_cmd/lib..__nrf__drivers__at_cmd.a(at_cmd.c.obj)
 .text.at_cmd_init
                0x00018408       0x40 zephyr/modules/nrf/drivers/at_cmd/lib..__nrf__drivers__at_cmd.a(at_cmd.c.obj)
 .text.socket_thread_fn
                0x00018448      0x230 zephyr/modules/nrf/drivers/at_cmd/lib..__nrf__drivers__at_cmd.a(at_cmd.c.obj)
 .text.at_cmd_write
                0x00018678       0x44 zephyr/modules/nrf/drivers/at_cmd/lib..__nrf__drivers__at_cmd.a(at_cmd.c.obj)
                0x00018678                at_cmd_write
 .text.at_cmd_set_notification_handler
                0x000186bc       0x28 zephyr/modules/nrf/drivers/at_cmd/lib..__nrf__drivers__at_cmd.a(at_cmd.c.obj)
                0x000186bc                at_cmd_set_notification_handler
 .text.gps_sim_channel_get
                0x000186e4       0x2c zephyr/modules/nrf/drivers/gps_sim/lib..__nrf__drivers__gps_sim.a(gps_sim.c.obj)
 .text.gps_sim_trigger_set
                0x00018710       0x34 zephyr/modules/nrf/drivers/gps_sim/lib..__nrf__drivers__gps_sim.a(gps_sim.c.obj)
 .text.gps_sim_init
                0x00018744       0x48 zephyr/modules/nrf/drivers/gps_sim/lib..__nrf__drivers__gps_sim.a(gps_sim.c.obj)
 .text.gps_sim_thread
                0x0001878c       0x34 zephyr/modules/nrf/drivers/gps_sim/lib..__nrf__drivers__gps_sim.a(gps_sim.c.obj)
 .text.at_handler
                0x000187c0       0x5c zephyr/modules/nrf/drivers/lte_link_control/lib..__nrf__drivers__lte_link_control.a(lte_lc.c.obj)
                0x000187c0                at_handler
 .text.lte_lc_init_and_connect
                0x0001881c       0x74 zephyr/modules/nrf/drivers/lte_link_control/lib..__nrf__drivers__lte_link_control.a(lte_lc.c.obj)
                0x0001881c                lte_lc_init_and_connect
 .text.lte_lc_power_off
                0x00018890       0x1c zephyr/modules/nrf/drivers/lte_link_control/lib..__nrf__drivers__lte_link_control.a(lte_lc.c.obj)
                0x00018890                lte_lc_power_off
 .text.sensor_sim_channel_get
                0x000188ac       0x80 zephyr/modules/nrf/drivers/sensor/sensor_sim/lib..__nrf__drivers__sensor__sensor_sim.a(sensor_sim.c.obj)
 .text.generate_sine.constprop.0
                0x0001892c       0x3c zephyr/modules/nrf/drivers/sensor/sensor_sim/lib..__nrf__drivers__sensor__sensor_sim.a(sensor_sim.c.obj)
 .text.sensor_sim_init
                0x00018968       0x3c zephyr/modules/nrf/drivers/sensor/sensor_sim/lib..__nrf__drivers__sensor__sensor_sim.a(sensor_sim.c.obj)
 .text.dfu_client_event_handler
                0x000189a4        0xc C:/nrfconnect/ncs/nrfxlib/bsdlib/lib/cortex-m33/hard-float/libbsd_nrf9160_xxaa.a(rpc_dfu_client.c.o)
 .text.rpc_dfu_client_init
                0x000189b0        0xc C:/nrfconnect/ncs/nrfxlib/bsdlib/lib/cortex-m33/hard-float/libbsd_nrf9160_xxaa.a(rpc_dfu_client.c.o)
                0x000189b0                rpc_dfu_client_init
 .text.rpc_dfu_client_request_alloc
                0x000189bc       0x28 C:/nrfconnect/ncs/nrfxlib/bsdlib/lib/cortex-m33/hard-float/libbsd_nrf9160_xxaa.a(rpc_dfu_client.c.o)
                0x000189bc                rpc_dfu_client_request_alloc
 .text.rpc_dfu_client_request_send
                0x000189e4       0x28 C:/nrfconnect/ncs/nrfxlib/bsdlib/lib/cortex-m33/hard-float/libbsd_nrf9160_xxaa.a(rpc_dfu_client.c.o)
                0x000189e4                rpc_dfu_client_request_send
 .text.rpc_dfu_client_message_free
                0x00018a0c       0x10 C:/nrfconnect/ncs/nrfxlib/bsdlib/lib/cortex-m33/hard-float/libbsd_nrf9160_xxaa.a(rpc_dfu_client.c.o)
                0x00018a0c                rpc_dfu_client_message_free
 .text.rpc_dfu_client_data_free
                0x00018a1c       0x10 C:/nrfconnect/ncs/nrfxlib/bsdlib/lib/cortex-m33/hard-float/libbsd_nrf9160_xxaa.a(rpc_dfu_client.c.o)
                0x00018a1c                rpc_dfu_client_data_free
 .text.mem_free
                0x00018a2c       0xd8 C:/nrfconnect/ncs/nrfxlib/bsdlib/lib/cortex-m33/hard-float/libbsd_nrf9160_xxaa.a(mem_manager.c.o)
 .text.mem_alloc.constprop.5
                0x00018b04      0x1c8 C:/nrfconnect/ncs/nrfxlib/bsdlib/lib/cortex-m33/hard-float/libbsd_nrf9160_xxaa.a(mem_manager.c.o)
 .text.mem_alloc.constprop.4
                0x00018ccc      0x1c0 C:/nrfconnect/ncs/nrfxlib/bsdlib/lib/cortex-m33/hard-float/libbsd_nrf9160_xxaa.a(mem_manager.c.o)
 .text.nrf_mem_init
                0x00018e8c       0xe8 C:/nrfconnect/ncs/nrfxlib/bsdlib/lib/cortex-m33/hard-float/libbsd_nrf9160_xxaa.a(mem_manager.c.o)
                0x00018e8c                nrf_mem_init
 .text.nrf_mem_register
                0x00018f74      0x234 C:/nrfconnect/ncs/nrfxlib/bsdlib/lib/cortex-m33/hard-float/libbsd_nrf9160_xxaa.a(mem_manager.c.o)
                0x00018f74                nrf_mem_register
 .text.nrf_malloc
                0x000191a8       0x14 C:/nrfconnect/ncs/nrfxlib/bsdlib/lib/cortex-m33/hard-float/libbsd_nrf9160_xxaa.a(mem_manager.c.o)
                0x000191a8                nrf_malloc
 .text.nrf_calloc
                0x000191bc       0x28 C:/nrfconnect/ncs/nrfxlib/bsdlib/lib/cortex-m33/hard-float/libbsd_nrf9160_xxaa.a(mem_manager.c.o)
                0x000191bc                nrf_calloc
 .text.nrf_free
                0x000191e4       0x18 C:/nrfconnect/ncs/nrfxlib/bsdlib/lib/cortex-m33/hard-float/libbsd_nrf9160_xxaa.a(mem_manager.c.o)
                0x000191e4                nrf_free
 .text.nrf_shared_malloc
                0x000191fc       0x14 C:/nrfconnect/ncs/nrfxlib/bsdlib/lib/cortex-m33/hard-float/libbsd_nrf9160_xxaa.a(mem_manager.c.o)
                0x000191fc                nrf_shared_malloc
 .text.nrf_shared_free
                0x00019210       0x18 C:/nrfconnect/ncs/nrfxlib/bsdlib/lib/cortex-m33/hard-float/libbsd_nrf9160_xxaa.a(mem_manager.c.o)
                0x00019210                nrf_shared_free
 .text.mbedtls_aes_init
                0x00019228        0xc C:/nrfconnect/ncs/nrfxlib/bsdlib/lib/cortex-m33/hard-float/libbsd_nrf9160_xxaa.a(aes.c.o)
                0x00019228                mbedtls_aes_init
 .text.mbedtls_aes_free
                0x00019234        0xc C:/nrfconnect/ncs/nrfxlib/bsdlib/lib/cortex-m33/hard-float/libbsd_nrf9160_xxaa.a(aes.c.o)
                0x00019234                mbedtls_aes_free
 .text.mbedtls_aes_setkey_enc
                0x00019240      0x6ac C:/nrfconnect/ncs/nrfxlib/bsdlib/lib/cortex-m33/hard-float/libbsd_nrf9160_xxaa.a(aes.c.o)
                0x00019240                mbedtls_aes_setkey_enc
 .text.mbedtls_internal_aes_encrypt
                0x000198ec      0x46c C:/nrfconnect/ncs/nrfxlib/bsdlib/lib/cortex-m33/hard-float/libbsd_nrf9160_xxaa.a(aes.c.o)
                0x000198ec                mbedtls_internal_aes_encrypt
 .text.mbedtls_internal_aes_decrypt
                0x00019d58      0x454 C:/nrfconnect/ncs/nrfxlib/bsdlib/lib/cortex-m33/hard-float/libbsd_nrf9160_xxaa.a(aes.c.o)
                0x00019d58                mbedtls_internal_aes_decrypt
 .text.mbedtls_aes_crypt_ecb
                0x0001a1ac       0x1c C:/nrfconnect/ncs/nrfxlib/bsdlib/lib/cortex-m33/hard-float/libbsd_nrf9160_xxaa.a(aes.c.o)
                0x0001a1ac                mbedtls_aes_crypt_ecb
 .text.mbedtls_asn1_write_len.part.0
                0x0001a1c8       0xc0 C:/nrfconnect/ncs/nrfxlib/bsdlib/lib/cortex-m33/hard-float/libbsd_nrf9160_xxaa.a(asn1write.c.o)
 .text.mbedtls_asn1_write_len
                0x0001a288       0xf4 C:/nrfconnect/ncs/nrfxlib/bsdlib/lib/cortex-m33/hard-float/libbsd_nrf9160_xxaa.a(asn1write.c.o)
                0x0001a288                mbedtls_asn1_write_len
 .text.mbedtls_asn1_write_tag
                0x0001a37c       0x1c C:/nrfconnect/ncs/nrfxlib/bsdlib/lib/cortex-m33/hard-float/libbsd_nrf9160_xxaa.a(asn1write.c.o)
                0x0001a37c                mbedtls_asn1_write_tag
 .text.mbedtls_asn1_write_oid
                0x0001a398       0x90 C:/nrfconnect/ncs/nrfxlib/bsdlib/lib/cortex-m33/hard-float/libbsd_nrf9160_xxaa.a(asn1write.c.o)
                0x0001a398                mbedtls_asn1_write_oid
 .text.mbedtls_asn1_write_algorithm_identifier
                0x0001a428      0x12c C:/nrfconnect/ncs/nrfxlib/bsdlib/lib/cortex-m33/hard-float/libbsd_nrf9160_xxaa.a(asn1write.c.o)
                0x0001a428                mbedtls_asn1_write_algorithm_identifier
 .text.mbedtls_base64_encode
                0x0001a554      0x120 C:/nrfconnect/ncs/nrfxlib/bsdlib/lib/cortex-m33/hard-float/libbsd_nrf9160_xxaa.a(base64.c.o)
                0x0001a554                mbedtls_base64_encode
 .text.mpi_mul_hlp
                0x0001a674      0x5d4 C:/nrfconnect/ncs/nrfxlib/bsdlib/lib/cortex-m33/hard-float/libbsd_nrf9160_xxaa.a(bignum.c.o)
 .text.mbedtls_mpi_cmp_mpi.constprop.6
                0x0001ac48       0x84 C:/nrfconnect/ncs/nrfxlib/bsdlib/lib/cortex-m33/hard-float/libbsd_nrf9160_xxaa.a(bignum.c.o)
 .text.mbedtls_mpi_init
                0x0001accc       0x10 C:/nrfconnect/ncs/nrfxlib/bsdlib/lib/cortex-m33/hard-float/libbsd_nrf9160_xxaa.a(bignum.c.o)
                0x0001accc                mbedtls_mpi_init
 .text.mbedtls_mpi_free
                0x0001acdc       0x34 C:/nrfconnect/ncs/nrfxlib/bsdlib/lib/cortex-m33/hard-float/libbsd_nrf9160_xxaa.a(bignum.c.o)
                0x0001acdc                mbedtls_mpi_free
 .text.mbedtls_mpi_shrink
                0x0001ad10       0xc4 C:/nrfconnect/ncs/nrfxlib/bsdlib/lib/cortex-m33/hard-float/libbsd_nrf9160_xxaa.a(bignum.c.o)
                0x0001ad10                mbedtls_mpi_shrink
 .text.mbedtls_mpi_copy
                0x0001add4       0xdc C:/nrfconnect/ncs/nrfxlib/bsdlib/lib/cortex-m33/hard-float/libbsd_nrf9160_xxaa.a(bignum.c.o)
                0x0001add4                mbedtls_mpi_copy
 .text.mbedtls_mpi_sub_abs.constprop.8
                0x0001aeb0      0x180 C:/nrfconnect/ncs/nrfxlib/bsdlib/lib/cortex-m33/hard-float/libbsd_nrf9160_xxaa.a(bignum.c.o)
 .text.mbedtls_mpi_safe_cond_assign
                0x0001b030       0xbc C:/nrfconnect/ncs/nrfxlib/bsdlib/lib/cortex-m33/hard-float/libbsd_nrf9160_xxaa.a(bignum.c.o)
                0x0001b030                mbedtls_mpi_safe_cond_assign
 .text.mbedtls_mpi_lset
                0x0001b0ec       0x74 C:/nrfconnect/ncs/nrfxlib/bsdlib/lib/cortex-m33/hard-float/libbsd_nrf9160_xxaa.a(bignum.c.o)
                0x0001b0ec                mbedtls_mpi_lset
 .text.mbedtls_mpi_get_bit
                0x0001b160       0x20 C:/nrfconnect/ncs/nrfxlib/bsdlib/lib/cortex-m33/hard-float/libbsd_nrf9160_xxaa.a(bignum.c.o)
                0x0001b160                mbedtls_mpi_get_bit
 .text.mbedtls_mpi_bitlen
                0x0001b180       0x5c C:/nrfconnect/ncs/nrfxlib/bsdlib/lib/cortex-m33/hard-float/libbsd_nrf9160_xxaa.a(bignum.c.o)
                0x0001b180                mbedtls_mpi_bitlen
 .text.mbedtls_mpi_size
                0x0001b1dc       0x60 C:/nrfconnect/ncs/nrfxlib/bsdlib/lib/cortex-m33/hard-float/libbsd_nrf9160_xxaa.a(bignum.c.o)
                0x0001b1dc                mbedtls_mpi_size
 .text.mbedtls_mpi_read_binary
                0x0001b23c      0x124 C:/nrfconnect/ncs/nrfxlib/bsdlib/lib/cortex-m33/hard-float/libbsd_nrf9160_xxaa.a(bignum.c.o)
                0x0001b23c                mbedtls_mpi_read_binary
 .text.mbedtls_mpi_write_binary
                0x0001b360       0xa4 C:/nrfconnect/ncs/nrfxlib/bsdlib/lib/cortex-m33/hard-float/libbsd_nrf9160_xxaa.a(bignum.c.o)
                0x0001b360                mbedtls_mpi_write_binary
 .text.mbedtls_mpi_shift_l
                0x0001b404      0x16c C:/nrfconnect/ncs/nrfxlib/bsdlib/lib/cortex-m33/hard-float/libbsd_nrf9160_xxaa.a(bignum.c.o)
                0x0001b404                mbedtls_mpi_shift_l
 .text.mbedtls_mpi_shift_r
                0x0001b570       0xe0 C:/nrfconnect/ncs/nrfxlib/bsdlib/lib/cortex-m33/hard-float/libbsd_nrf9160_xxaa.a(bignum.c.o)
                0x0001b570                mbedtls_mpi_shift_r
 .text.mbedtls_mpi_cmp_mpi
                0x0001b650       0xd0 C:/nrfconnect/ncs/nrfxlib/bsdlib/lib/cortex-m33/hard-float/libbsd_nrf9160_xxaa.a(bignum.c.o)
                0x0001b650                mbedtls_mpi_cmp_mpi
 .text.mbedtls_mpi_cmp_int
                0x0001b720       0xa8 C:/nrfconnect/ncs/nrfxlib/bsdlib/lib/cortex-m33/hard-float/libbsd_nrf9160_xxaa.a(bignum.c.o)
                0x0001b720                mbedtls_mpi_cmp_int
 .text.mbedtls_mpi_add_abs
                0x0001b7c8      0x148 C:/nrfconnect/ncs/nrfxlib/bsdlib/lib/cortex-m33/hard-float/libbsd_nrf9160_xxaa.a(bignum.c.o)
                0x0001b7c8                mbedtls_mpi_add_abs
 .text.mbedtls_mpi_sub_abs
                0x0001b910      0x180 C:/nrfconnect/ncs/nrfxlib/bsdlib/lib/cortex-m33/hard-float/libbsd_nrf9160_xxaa.a(bignum.c.o)
                0x0001b910                mbedtls_mpi_sub_abs
 .text.mbedtls_mpi_add_mpi
                0x0001ba90       0xe8 C:/nrfconnect/ncs/nrfxlib/bsdlib/lib/cortex-m33/hard-float/libbsd_nrf9160_xxaa.a(bignum.c.o)
                0x0001ba90                mbedtls_mpi_add_mpi
 .text.mbedtls_mpi_sub_mpi
                0x0001bb78       0xe8 C:/nrfconnect/ncs/nrfxlib/bsdlib/lib/cortex-m33/hard-float/libbsd_nrf9160_xxaa.a(bignum.c.o)
                0x0001bb78                mbedtls_mpi_sub_mpi
 .text.mbedtls_mpi_sub_int
                0x0001bc60       0x98 C:/nrfconnect/ncs/nrfxlib/bsdlib/lib/cortex-m33/hard-float/libbsd_nrf9160_xxaa.a(bignum.c.o)
                0x0001bc60                mbedtls_mpi_sub_int
 .text.mbedtls_mpi_mul_mpi
                0x0001bcf8      0x1f0 C:/nrfconnect/ncs/nrfxlib/bsdlib/lib/cortex-m33/hard-float/libbsd_nrf9160_xxaa.a(bignum.c.o)
                0x0001bcf8                mbedtls_mpi_mul_mpi
 .text.mbedtls_mpi_mul_int
                0x0001bee8       0x1c C:/nrfconnect/ncs/nrfxlib/bsdlib/lib/cortex-m33/hard-float/libbsd_nrf9160_xxaa.a(bignum.c.o)
                0x0001bee8                mbedtls_mpi_mul_int
 .text.mbedtls_mpi_div_mpi
                0x0001bf04      0x784 C:/nrfconnect/ncs/nrfxlib/bsdlib/lib/cortex-m33/hard-float/libbsd_nrf9160_xxaa.a(bignum.c.o)
                0x0001bf04                mbedtls_mpi_div_mpi
 .text.mbedtls_mpi_mod_mpi
                0x0001c688      0x264 C:/nrfconnect/ncs/nrfxlib/bsdlib/lib/cortex-m33/hard-float/libbsd_nrf9160_xxaa.a(bignum.c.o)
                0x0001c688                mbedtls_mpi_mod_mpi
 .text.mbedtls_mpi_gcd
                0x0001c8ec      0x2e4 C:/nrfconnect/ncs/nrfxlib/bsdlib/lib/cortex-m33/hard-float/libbsd_nrf9160_xxaa.a(bignum.c.o)
                0x0001c8ec                mbedtls_mpi_gcd
 .text.mbedtls_mpi_fill_random
                0x0001cbd0      0x164 C:/nrfconnect/ncs/nrfxlib/bsdlib/lib/cortex-m33/hard-float/libbsd_nrf9160_xxaa.a(bignum.c.o)
                0x0001cbd0                mbedtls_mpi_fill_random
 .text.mbedtls_mpi_inv_mod
                0x0001cd34      0x47c C:/nrfconnect/ncs/nrfxlib/bsdlib/lib/cortex-m33/hard-float/libbsd_nrf9160_xxaa.a(bignum.c.o)
                0x0001cd34                mbedtls_mpi_inv_mod
 .text.block_cipher_df
                0x0001d1b0      0x248 C:/nrfconnect/ncs/nrfxlib/bsdlib/lib/cortex-m33/hard-float/libbsd_nrf9160_xxaa.a(ctr_drbg.c.o)
 .text.mbedtls_ctr_drbg_init
                0x0001d3f8        0xc C:/nrfconnect/ncs/nrfxlib/bsdlib/lib/cortex-m33/hard-float/libbsd_nrf9160_xxaa.a(ctr_drbg.c.o)
                0x0001d3f8                mbedtls_ctr_drbg_init
 .text.mbedtls_ctr_drbg_free
                0x0001d404       0x1c C:/nrfconnect/ncs/nrfxlib/bsdlib/lib/cortex-m33/hard-float/libbsd_nrf9160_xxaa.a(ctr_drbg.c.o)
                0x0001d404                mbedtls_ctr_drbg_free
 .text.mbedtls_ctr_drbg_reseed
                0x0001d420      0x1dc C:/nrfconnect/ncs/nrfxlib/bsdlib/lib/cortex-m33/hard-float/libbsd_nrf9160_xxaa.a(ctr_drbg.c.o)
                0x0001d420                mbedtls_ctr_drbg_reseed
 .text.mbedtls_ctr_drbg_seed
                0x0001d5fc       0x50 C:/nrfconnect/ncs/nrfxlib/bsdlib/lib/cortex-m33/hard-float/libbsd_nrf9160_xxaa.a(ctr_drbg.c.o)
                0x0001d5fc                mbedtls_ctr_drbg_seed
 .text.mbedtls_ctr_drbg_random
                0x0001d64c      0x468 C:/nrfconnect/ncs/nrfxlib/bsdlib/lib/cortex-m33/hard-float/libbsd_nrf9160_xxaa.a(ctr_drbg.c.o)
                0x0001d64c                mbedtls_ctr_drbg_random
 .text.ecp_modp
                0x0001dab4       0x98 C:/nrfconnect/ncs/nrfxlib/bsdlib/lib/cortex-m33/hard-float/libbsd_nrf9160_xxaa.a(ecp.c.o)
 .text.ecp_double_jac
                0x0001db4c      0x4a0 C:/nrfconnect/ncs/nrfxlib/bsdlib/lib/cortex-m33/hard-float/libbsd_nrf9160_xxaa.a(ecp.c.o)
 .text.ecp_normalize_jac
                0x0001dfec       0xd0 C:/nrfconnect/ncs/nrfxlib/bsdlib/lib/cortex-m33/hard-float/libbsd_nrf9160_xxaa.a(ecp.c.o)
 .text.ecp_normalize_jac_many.part.3
                0x0001e0bc      0x220 C:/nrfconnect/ncs/nrfxlib/bsdlib/lib/cortex-m33/hard-float/libbsd_nrf9160_xxaa.a(ecp.c.o)
 .text.mbedtls_ecp_keypair_init
                0x0001e2dc       0x34 C:/nrfconnect/ncs/nrfxlib/bsdlib/lib/cortex-m33/hard-float/libbsd_nrf9160_xxaa.a(ecp.c.o)
                0x0001e2dc                mbedtls_ecp_keypair_init
 .text.mbedtls_ecp_group_free
                0x0001e310       0x98 C:/nrfconnect/ncs/nrfxlib/bsdlib/lib/cortex-m33/hard-float/libbsd_nrf9160_xxaa.a(ecp.c.o)
                0x0001e310                mbedtls_ecp_group_free
 .text.mbedtls_ecp_keypair_free
                0x0001e3a8       0x30 C:/nrfconnect/ncs/nrfxlib/bsdlib/lib/cortex-m33/hard-float/libbsd_nrf9160_xxaa.a(ecp.c.o)
                0x0001e3a8                mbedtls_ecp_keypair_free
 .text.mbedtls_ecp_set_zero
                0x0001e3d8       0x2c C:/nrfconnect/ncs/nrfxlib/bsdlib/lib/cortex-m33/hard-float/libbsd_nrf9160_xxaa.a(ecp.c.o)
                0x0001e3d8                mbedtls_ecp_set_zero
 .text.ecp_add_mixed
                0x0001e404      0x448 C:/nrfconnect/ncs/nrfxlib/bsdlib/lib/cortex-m33/hard-float/libbsd_nrf9160_xxaa.a(ecp.c.o)
 .text.ecp_mul_comb
                0x0001e84c      0x76c C:/nrfconnect/ncs/nrfxlib/bsdlib/lib/cortex-m33/hard-float/libbsd_nrf9160_xxaa.a(ecp.c.o)
 .text.mbedtls_ecp_point_write_binary
                0x0001efb8       0xa4 C:/nrfconnect/ncs/nrfxlib/bsdlib/lib/cortex-m33/hard-float/libbsd_nrf9160_xxaa.a(ecp.c.o)
                0x0001efb8                mbedtls_ecp_point_write_binary
 .text.mbedtls_ecp_point_read_binary
                0x0001f05c       0x94 C:/nrfconnect/ncs/nrfxlib/bsdlib/lib/cortex-m33/hard-float/libbsd_nrf9160_xxaa.a(ecp.c.o)
                0x0001f05c                mbedtls_ecp_point_read_binary
 .text.mbedtls_ecp_check_pubkey
                0x0001f0f0      0x1a8 C:/nrfconnect/ncs/nrfxlib/bsdlib/lib/cortex-m33/hard-float/libbsd_nrf9160_xxaa.a(ecp.c.o)
                0x0001f0f0                mbedtls_ecp_check_pubkey
 .text.mbedtls_ecp_check_pub_priv
                0x0001f298      0x1bc C:/nrfconnect/ncs/nrfxlib/bsdlib/lib/cortex-m33/hard-float/libbsd_nrf9160_xxaa.a(ecp.c.o)
                0x0001f298                mbedtls_ecp_check_pub_priv
 .text.mbedtls_ecp_group_load
                0x0001f454       0x84 C:/nrfconnect/ncs/nrfxlib/bsdlib/lib/cortex-m33/hard-float/libbsd_nrf9160_xxaa.a(ecp_curves.c.o)
                0x0001f454                mbedtls_ecp_group_load
 .text.entropy_callback
                0x0001f4d8       0x34 C:/nrfconnect/ncs/nrfxlib/bsdlib/lib/cortex-m33/hard-float/libbsd_nrf9160_xxaa.a(es256.c.o)
 .text.es256_key_generate
                0x0001f50c       0xfc C:/nrfconnect/ncs/nrfxlib/bsdlib/lib/cortex-m33/hard-float/libbsd_nrf9160_xxaa.a(es256.c.o)
                0x0001f50c                es256_key_generate
 .text.mbedtls_oid_get_oid_by_pk_alg
                0x0001f608       0x38 C:/nrfconnect/ncs/nrfxlib/bsdlib/lib/cortex-m33/hard-float/libbsd_nrf9160_xxaa.a(oid.c.o)
                0x0001f608                mbedtls_oid_get_oid_by_pk_alg
 .text.mbedtls_oid_get_oid_by_ec_grp
                0x0001f640       0x38 C:/nrfconnect/ncs/nrfxlib/bsdlib/lib/cortex-m33/hard-float/libbsd_nrf9160_xxaa.a(oid.c.o)
                0x0001f640                mbedtls_oid_get_oid_by_ec_grp
 .text.mbedtls_pem_write_buffer
                0x0001f678       0xfc C:/nrfconnect/ncs/nrfxlib/bsdlib/lib/cortex-m33/hard-float/libbsd_nrf9160_xxaa.a(pem.c.o)
                0x0001f678                mbedtls_pem_write_buffer
 .text.mbedtls_pk_init
                0x0001f774        0xc C:/nrfconnect/ncs/nrfxlib/bsdlib/lib/cortex-m33/hard-float/libbsd_nrf9160_xxaa.a(pk.c.o)
                0x0001f774                mbedtls_pk_init
 .text.mbedtls_pk_info_from_type
                0x0001f780       0x1c C:/nrfconnect/ncs/nrfxlib/bsdlib/lib/cortex-m33/hard-float/libbsd_nrf9160_xxaa.a(pk.c.o)
                0x0001f780                mbedtls_pk_info_from_type
 .text.mbedtls_pk_setup
                0x0001f79c       0x30 C:/nrfconnect/ncs/nrfxlib/bsdlib/lib/cortex-m33/hard-float/libbsd_nrf9160_xxaa.a(pk.c.o)
                0x0001f79c                mbedtls_pk_setup
 .text.mbedtls_pk_get_type
                0x0001f7cc        0xc C:/nrfconnect/ncs/nrfxlib/bsdlib/lib/cortex-m33/hard-float/libbsd_nrf9160_xxaa.a(pk.c.o)
                0x0001f7cc                mbedtls_pk_get_type
 .text.eckey_can_do
                0x0001f7d8        0xc C:/nrfconnect/ncs/nrfxlib/bsdlib/lib/cortex-m33/hard-float/libbsd_nrf9160_xxaa.a(pk_wrap.c.o)
 .text.eckey_get_bitlen
                0x0001f7e4        0x4 C:/nrfconnect/ncs/nrfxlib/bsdlib/lib/cortex-m33/hard-float/libbsd_nrf9160_xxaa.a(pk_wrap.c.o)
 .text.eckey_debug
                0x0001f7e8       0x14 C:/nrfconnect/ncs/nrfxlib/bsdlib/lib/cortex-m33/hard-float/libbsd_nrf9160_xxaa.a(pk_wrap.c.o)
 .text.eckeydh_can_do
                0x0001f7fc        0xc C:/nrfconnect/ncs/nrfxlib/bsdlib/lib/cortex-m33/hard-float/libbsd_nrf9160_xxaa.a(pk_wrap.c.o)
 .text.eckey_free_wrap
                0x0001f808       0x14 C:/nrfconnect/ncs/nrfxlib/bsdlib/lib/cortex-m33/hard-float/libbsd_nrf9160_xxaa.a(pk_wrap.c.o)
 .text.eckey_alloc_wrap
                0x0001f81c       0x18 C:/nrfconnect/ncs/nrfxlib/bsdlib/lib/cortex-m33/hard-float/libbsd_nrf9160_xxaa.a(pk_wrap.c.o)
 .text.eckey_check_pair
                0x0001f834        0x4 C:/nrfconnect/ncs/nrfxlib/bsdlib/lib/cortex-m33/hard-float/libbsd_nrf9160_xxaa.a(pk_wrap.c.o)
 .text.mbedtls_pk_write_pubkey_pem
                0x0001f838      0x158 C:/nrfconnect/ncs/nrfxlib/bsdlib/lib/cortex-m33/hard-float/libbsd_nrf9160_xxaa.a(pkwrite.c.o)
                0x0001f838                mbedtls_pk_write_pubkey_pem
 .text.mbedtls_platform_zeroize
                0x0001f990       0x10 C:/nrfconnect/ncs/nrfxlib/bsdlib/lib/cortex-m33/hard-float/libbsd_nrf9160_xxaa.a(platform_util.c.o)
                0x0001f990                mbedtls_platform_zeroize
 .text.datagram_handler_init
                0x0001f9a0       0x1c C:/nrfconnect/ncs/nrfxlib/bsdlib/lib/cortex-m33/hard-float/libbsd_nrf9160_xxaa.a(datagram_handler.c.o)
                0x0001f9a0                datagram_handler_init
 .text.datagram_handler_put
                0x0001f9bc       0x40 C:/nrfconnect/ncs/nrfxlib/bsdlib/lib/cortex-m33/hard-float/libbsd_nrf9160_xxaa.a(datagram_handler.c.o)
                0x0001f9bc                datagram_handler_put
 .text.datagram_handler_get
                0x0001f9fc       0x8c C:/nrfconnect/ncs/nrfxlib/bsdlib/lib/cortex-m33/hard-float/libbsd_nrf9160_xxaa.a(datagram_handler.c.o)
                0x0001f9fc                datagram_handler_get
 .text.datagram_handler_available
                0x0001fa88       0x14 C:/nrfconnect/ncs/nrfxlib/bsdlib/lib/cortex-m33/hard-float/libbsd_nrf9160_xxaa.a(datagram_handler.c.o)
                0x0001fa88                datagram_handler_available
 .text.datagram_handler_flush
                0x0001fa9c       0x48 C:/nrfconnect/ncs/nrfxlib/bsdlib/lib/cortex-m33/hard-float/libbsd_nrf9160_xxaa.a(datagram_handler.c.o)
                0x0001fa9c                datagram_handler_flush
 .text.datagram_handler_free
                0x0001fae4       0x4c C:/nrfconnect/ncs/nrfxlib/bsdlib/lib/cortex-m33/hard-float/libbsd_nrf9160_xxaa.a(datagram_handler.c.o)
                0x0001fae4                datagram_handler_free
 .text.null_handler_init
                0x0001fb30        0x4 C:/nrfconnect/ncs/nrfxlib/bsdlib/lib/cortex-m33/hard-float/libbsd_nrf9160_xxaa.a(null_handler.c.o)
                0x0001fb30                null_handler_init
 .text.null_handler_put
                0x0001fb34       0x10 C:/nrfconnect/ncs/nrfxlib/bsdlib/lib/cortex-m33/hard-float/libbsd_nrf9160_xxaa.a(null_handler.c.o)
                0x0001fb34                null_handler_put
 .text.null_handler_get
                0x0001fb44        0x8 C:/nrfconnect/ncs/nrfxlib/bsdlib/lib/cortex-m33/hard-float/libbsd_nrf9160_xxaa.a(null_handler.c.o)
                0x0001fb44                null_handler_get
 .text.null_handler_available
                0x0001fb4c        0x8 C:/nrfconnect/ncs/nrfxlib/bsdlib/lib/cortex-m33/hard-float/libbsd_nrf9160_xxaa.a(null_handler.c.o)
                0x0001fb4c                null_handler_available
 .text.null_handler_flush
                0x0001fb54        0x4 C:/nrfconnect/ncs/nrfxlib/bsdlib/lib/cortex-m33/hard-float/libbsd_nrf9160_xxaa.a(null_handler.c.o)
                0x0001fb54                null_handler_flush
 .text.null_handler_free
                0x0001fb58        0x4 C:/nrfconnect/ncs/nrfxlib/bsdlib/lib/cortex-m33/hard-float/libbsd_nrf9160_xxaa.a(null_handler.c.o)
                0x0001fb58                null_handler_free
 .text.packet_handler_create
                0x0001fb5c       0x3c C:/nrfconnect/ncs/nrfxlib/bsdlib/lib/cortex-m33/hard-float/libbsd_nrf9160_xxaa.a(packet_handler_factory.c.o)
                0x0001fb5c                packet_handler_create
 .text.packet_handler_delete
                0x0001fb98       0x1c C:/nrfconnect/ncs/nrfxlib/bsdlib/lib/cortex-m33/hard-float/libbsd_nrf9160_xxaa.a(packet_handler_factory.c.o)
                0x0001fb98                packet_handler_delete
 .text.stream_handler_init
                0x0001fbb4       0x20 C:/nrfconnect/ncs/nrfxlib/bsdlib/lib/cortex-m33/hard-float/libbsd_nrf9160_xxaa.a(stream_handler.c.o)
                0x0001fbb4                stream_handler_init
 .text.stream_handler_put
                0x0001fbd4       0x40 C:/nrfconnect/ncs/nrfxlib/bsdlib/lib/cortex-m33/hard-float/libbsd_nrf9160_xxaa.a(stream_handler.c.o)
                0x0001fbd4                stream_handler_put
 .text.stream_handler_get
                0x0001fc14      0x104 C:/nrfconnect/ncs/nrfxlib/bsdlib/lib/cortex-m33/hard-float/libbsd_nrf9160_xxaa.a(stream_handler.c.o)
                0x0001fc14                stream_handler_get
 .text.stream_handler_available
                0x0001fd18       0x28 C:/nrfconnect/ncs/nrfxlib/bsdlib/lib/cortex-m33/hard-float/libbsd_nrf9160_xxaa.a(stream_handler.c.o)
                0x0001fd18                stream_handler_available
 .text.stream_handler_flush
                0x0001fd40       0x48 C:/nrfconnect/ncs/nrfxlib/bsdlib/lib/cortex-m33/hard-float/libbsd_nrf9160_xxaa.a(stream_handler.c.o)
                0x0001fd40                stream_handler_flush
 .text.stream_handler_free
                0x0001fd88       0x4c C:/nrfconnect/ncs/nrfxlib/bsdlib/lib/cortex-m33/hard-float/libbsd_nrf9160_xxaa.a(stream_handler.c.o)
                0x0001fd88                stream_handler_free
 .text.packet_free_cb
                0x0001fdd4        0x8 C:/nrfconnect/ncs/nrfxlib/bsdlib/lib/cortex-m33/hard-float/libbsd_nrf9160_xxaa.a(at_interface.c.o)
 .text.at_interface_write
                0x0001fddc       0x9c C:/nrfconnect/ncs/nrfxlib/bsdlib/lib/cortex-m33/hard-float/libbsd_nrf9160_xxaa.a(at_interface.c.o)
                0x0001fddc                at_interface_write
 .text.at_interface_init
                0x0001fe78        0x4 C:/nrfconnect/ncs/nrfxlib/bsdlib/lib/cortex-m33/hard-float/libbsd_nrf9160_xxaa.a(at_interface.c.o)
                0x0001fe78                at_interface_init
 .text.at_interface_open
                0x0001fe7c       0x94 C:/nrfconnect/ncs/nrfxlib/bsdlib/lib/cortex-m33/hard-float/libbsd_nrf9160_xxaa.a(at_interface.c.o)
                0x0001fe7c                at_interface_open
 .text.at_interface_close
                0x0001ff10       0x90 C:/nrfconnect/ncs/nrfxlib/bsdlib/lib/cortex-m33/hard-float/libbsd_nrf9160_xxaa.a(at_interface.c.o)
                0x0001ff10                at_interface_close
 .text.at_interface_read
                0x0001ffa0       0xb8 C:/nrfconnect/ncs/nrfxlib/bsdlib/lib/cortex-m33/hard-float/libbsd_nrf9160_xxaa.a(at_interface.c.o)
                0x0001ffa0                at_interface_read
 .text.at_interface_getopt
                0x00020058        0x4 C:/nrfconnect/ncs/nrfxlib/bsdlib/lib/cortex-m33/hard-float/libbsd_nrf9160_xxaa.a(at_interface.c.o)
                0x00020058                at_interface_getopt
 .text.at_interface_setopt
                0x0002005c       0x50 C:/nrfconnect/ncs/nrfxlib/bsdlib/lib/cortex-m33/hard-float/libbsd_nrf9160_xxaa.a(at_interface.c.o)
                0x0002005c                at_interface_setopt
 .text.rpc_at_event_handler
                0x000200ac       0xa4 C:/nrfconnect/ncs/nrfxlib/bsdlib/lib/cortex-m33/hard-float/libbsd_nrf9160_xxaa.a(at_interface.c.o)
                0x000200ac                rpc_at_event_handler
 .text.ip_client_event_handler
                0x00020150        0xc C:/nrfconnect/ncs/nrfxlib/bsdlib/lib/cortex-m33/hard-float/libbsd_nrf9160_xxaa.a(rpc_ip_client.c.o)
 .text.rpc_ip_client_init
                0x0002015c        0xc C:/nrfconnect/ncs/nrfxlib/bsdlib/lib/cortex-m33/hard-float/libbsd_nrf9160_xxaa.a(rpc_ip_client.c.o)
                0x0002015c                rpc_ip_client_init
 .text.rpc_ip_client_request_alloc
                0x00020168       0x28 C:/nrfconnect/ncs/nrfxlib/bsdlib/lib/cortex-m33/hard-float/libbsd_nrf9160_xxaa.a(rpc_ip_client.c.o)
                0x00020168                rpc_ip_client_request_alloc
 .text.rpc_ip_client_request_send
                0x00020190       0x2c C:/nrfconnect/ncs/nrfxlib/bsdlib/lib/cortex-m33/hard-float/libbsd_nrf9160_xxaa.a(rpc_ip_client.c.o)
                0x00020190                rpc_ip_client_request_send
 .text.rpc_ip_client_message_free
                0x000201bc       0x10 C:/nrfconnect/ncs/nrfxlib/bsdlib/lib/cortex-m33/hard-float/libbsd_nrf9160_xxaa.a(rpc_ip_client.c.o)
                0x000201bc                rpc_ip_client_message_free
 .text.rpc_ip_client_data_free
                0x000201cc       0x10 C:/nrfconnect/ncs/nrfxlib/bsdlib/lib/cortex-m33/hard-float/libbsd_nrf9160_xxaa.a(rpc_ip_client.c.o)
                0x000201cc                rpc_ip_client_data_free
 .text.secure_client_socket
                0x000201dc       0xd8 C:/nrfconnect/ncs/nrfxlib/bsdlib/lib/cortex-m33/hard-float/libbsd_nrf9160_xxaa.a(tls_interface.c.o)
 .text.tls_interface_init
                0x000202b4        0x4 C:/nrfconnect/ncs/nrfxlib/bsdlib/lib/cortex-m33/hard-float/libbsd_nrf9160_xxaa.a(tls_interface.c.o)
                0x000202b4                tls_interface_init
 .text.tls_interface_open
                0x000202b8       0x98 C:/nrfconnect/ncs/nrfxlib/bsdlib/lib/cortex-m33/hard-float/libbsd_nrf9160_xxaa.a(tls_interface.c.o)
                0x000202b8                tls_interface_open
 .text.tls_interface_close
                0x00020350       0x20 C:/nrfconnect/ncs/nrfxlib/bsdlib/lib/cortex-m33/hard-float/libbsd_nrf9160_xxaa.a(tls_interface.c.o)
                0x00020350                tls_interface_close
 .text.tls_interface_sendto
                0x00020370       0xb0 C:/nrfconnect/ncs/nrfxlib/bsdlib/lib/cortex-m33/hard-float/libbsd_nrf9160_xxaa.a(tls_interface.c.o)
                0x00020370                tls_interface_sendto
 .text.tls_interface_recvfrom
                0x00020420       0x88 C:/nrfconnect/ncs/nrfxlib/bsdlib/lib/cortex-m33/hard-float/libbsd_nrf9160_xxaa.a(tls_interface.c.o)
                0x00020420                tls_interface_recvfrom
 .text.tls_interface_bind
                0x000204a8       0xd4 C:/nrfconnect/ncs/nrfxlib/bsdlib/lib/cortex-m33/hard-float/libbsd_nrf9160_xxaa.a(tls_interface.c.o)
                0x000204a8                tls_interface_bind
 .text.tls_interface_connect
                0x0002057c       0x60 C:/nrfconnect/ncs/nrfxlib/bsdlib/lib/cortex-m33/hard-float/libbsd_nrf9160_xxaa.a(tls_interface.c.o)
                0x0002057c                tls_interface_connect
 .text.tls_interface_listen
                0x000205dc       0xf0 C:/nrfconnect/ncs/nrfxlib/bsdlib/lib/cortex-m33/hard-float/libbsd_nrf9160_xxaa.a(tls_interface.c.o)
                0x000205dc                tls_interface_listen
 .text.tls_interface_accept
                0x000206cc       0xa0 C:/nrfconnect/ncs/nrfxlib/bsdlib/lib/cortex-m33/hard-float/libbsd_nrf9160_xxaa.a(tls_interface.c.o)
                0x000206cc                tls_interface_accept
 .text.tls_interface_setopt
                0x0002076c       0xe8 C:/nrfconnect/ncs/nrfxlib/bsdlib/lib/cortex-m33/hard-float/libbsd_nrf9160_xxaa.a(tls_interface.c.o)
                0x0002076c                tls_interface_setopt
 .text.tls_interface_getopt
                0x00020854       0xd4 C:/nrfconnect/ncs/nrfxlib/bsdlib/lib/cortex-m33/hard-float/libbsd_nrf9160_xxaa.a(tls_interface.c.o)
                0x00020854                tls_interface_getopt
 .text.tls_rpc_ip_event_handler
                0x00020928       0xec C:/nrfconnect/ncs/nrfxlib/bsdlib/lib/cortex-m33/hard-float/libbsd_nrf9160_xxaa.a(tls_interface.c.o)
                0x00020928                tls_rpc_ip_event_handler
 .text.rpc_dfu_event_handler
                0x00020a14       0x2c C:/nrfconnect/ncs/nrfxlib/bsdlib/lib/cortex-m33/hard-float/libbsd_nrf9160_xxaa.a(mfu_interface.c.o)
                0x00020a14                rpc_dfu_event_handler
 .text.mfu_interface_init
                0x00020a40       0x38 C:/nrfconnect/ncs/nrfxlib/bsdlib/lib/cortex-m33/hard-float/libbsd_nrf9160_xxaa.a(mfu_interface.c.o)
                0x00020a40                mfu_interface_init
 .text.mfu_interface_open
                0x00020a78       0x3c C:/nrfconnect/ncs/nrfxlib/bsdlib/lib/cortex-m33/hard-float/libbsd_nrf9160_xxaa.a(mfu_interface.c.o)
                0x00020a78                mfu_interface_open
 .text.mfu_interface_close
                0x00020ab4       0xfc C:/nrfconnect/ncs/nrfxlib/bsdlib/lib/cortex-m33/hard-float/libbsd_nrf9160_xxaa.a(mfu_interface.c.o)
                0x00020ab4                mfu_interface_close
 .text.mfu_interface_sendto
                0x00020bb0      0x1c8 C:/nrfconnect/ncs/nrfxlib/bsdlib/lib/cortex-m33/hard-float/libbsd_nrf9160_xxaa.a(mfu_interface.c.o)
                0x00020bb0                mfu_interface_sendto
 .text.mfu_interface_setopt
                0x00020d78      0x14c C:/nrfconnect/ncs/nrfxlib/bsdlib/lib/cortex-m33/hard-float/libbsd_nrf9160_xxaa.a(mfu_interface.c.o)
                0x00020d78                mfu_interface_setopt
 .text.mfu_interface_getopt
                0x00020ec4      0x1ac C:/nrfconnect/ncs/nrfxlib/bsdlib/lib/cortex-m33/hard-float/libbsd_nrf9160_xxaa.a(mfu_interface.c.o)
                0x00020ec4                mfu_interface_getopt
 .text.bsd_platform_error_handler
                0x00021070       0x24 C:/nrfconnect/ncs/nrfxlib/bsdlib/lib/cortex-m33/hard-float/libbsd_nrf9160_xxaa.a(bsd.c.o)
                0x00021070                bsd_platform_error_handler
 .text.bsd_init
                0x00021094       0x2c C:/nrfconnect/ncs/nrfxlib/bsdlib/lib/cortex-m33/hard-float/libbsd_nrf9160_xxaa.a(bsd.c.o)
                0x00021094                bsd_init
 .text.bsd_shutdown
                0x000210c0       0x1c C:/nrfconnect/ncs/nrfxlib/bsdlib/lib/cortex-m33/hard-float/libbsd_nrf9160_xxaa.a(bsd.c.o)
                0x000210c0                bsd_shutdown
 .text.unimplemented_method
                0x000210dc       0x18 C:/nrfconnect/ncs/nrfxlib/bsdlib/lib/cortex-m33/hard-float/libbsd_nrf9160_xxaa.a(bsd_platform.c.o)
 .text.rpc_transport_ipc_fault_handler
                0x000210f4        0x4 C:/nrfconnect/ncs/nrfxlib/bsdlib/lib/cortex-m33/hard-float/libbsd_nrf9160_xxaa.a(bsd_platform.c.o)
                0x000210f4                rpc_transport_ipc_fault_handler
 .text.bsd_platform_init
                0x000210f8       0xfc C:/nrfconnect/ncs/nrfxlib/bsdlib/lib/cortex-m33/hard-float/libbsd_nrf9160_xxaa.a(bsd_platform.c.o)
                0x000210f8                bsd_platform_init
 .text.bsd_platform_shutdown
                0x000211f4       0x18 C:/nrfconnect/ncs/nrfxlib/bsdlib/lib/cortex-m33/hard-float/libbsd_nrf9160_xxaa.a(bsd_platform.c.o)
                0x000211f4                bsd_platform_shutdown
 .text.bsd_platform_af_method_table_get
                0x0002120c       0x84 C:/nrfconnect/ncs/nrfxlib/bsdlib/lib/cortex-m33/hard-float/libbsd_nrf9160_xxaa.a(bsd_platform.c.o)
                0x0002120c                bsd_platform_af_method_table_get
 .text.bsd_platform_fd_method_table_get
                0x00021290       0xbc C:/nrfconnect/ncs/nrfxlib/bsdlib/lib/cortex-m33/hard-float/libbsd_nrf9160_xxaa.a(bsd_platform.c.o)
                0x00021290                bsd_platform_fd_method_table_get
 .text.bsd_platform_getaddrinfo
                0x0002134c        0x4 C:/nrfconnect/ncs/nrfxlib/bsdlib/lib/cortex-m33/hard-float/libbsd_nrf9160_xxaa.a(bsd_platform_util.c.o)
                0x0002134c                bsd_platform_getaddrinfo
 .text.bsd_platform_freeaddrinfo
                0x00021350        0x4 C:/nrfconnect/ncs/nrfxlib/bsdlib/lib/cortex-m33/hard-float/libbsd_nrf9160_xxaa.a(bsd_platform_util.c.o)
                0x00021350                bsd_platform_freeaddrinfo
 .text.bsd_platform_poll
                0x00021354       0xb4 C:/nrfconnect/ncs/nrfxlib/bsdlib/lib/cortex-m33/hard-float/libbsd_nrf9160_xxaa.a(bsd_platform_util.c.o)
                0x00021354                bsd_platform_poll
 .text.bsd_platform_fcntl
                0x00021408       0x20 C:/nrfconnect/ncs/nrfxlib/bsdlib/lib/cortex-m33/hard-float/libbsd_nrf9160_xxaa.a(bsd_platform_util.c.o)
                0x00021408                bsd_platform_fcntl
 .text.nrf_inbuilt_key_init
                0x00021428       0x8c C:/nrfconnect/ncs/nrfxlib/bsdlib/lib/cortex-m33/hard-float/libbsd_nrf9160_xxaa.a(nrf_inbuilt_key.c.o)
                0x00021428                nrf_inbuilt_key_init
 .text.nrf_inbuilt_key_deinit
                0x000214b4       0x1c C:/nrfconnect/ncs/nrfxlib/bsdlib/lib/cortex-m33/hard-float/libbsd_nrf9160_xxaa.a(nrf_inbuilt_key.c.o)
                0x000214b4                nrf_inbuilt_key_deinit
 .text.ipc_trace_init
                0x000214d0        0xc C:/nrfconnect/ncs/nrfxlib/bsdlib/lib/cortex-m33/hard-float/libbsd_nrf9160_xxaa.a(ipc_trace.c.o)
                0x000214d0                ipc_trace_init
 .text.bsd_os_trace_irq_handler
                0x000214dc      0x1c4 C:/nrfconnect/ncs/nrfxlib/bsdlib/lib/cortex-m33/hard-float/libbsd_nrf9160_xxaa.a(ipc_trace.c.o)
                0x000214dc                bsd_os_trace_irq_handler
 .text.ipc_trace_handle
                0x000216a0      0x2dc C:/nrfconnect/ncs/nrfxlib/bsdlib/lib/cortex-m33/hard-float/libbsd_nrf9160_xxaa.a(ipc_trace.c.o)
                0x000216a0                ipc_trace_handle
 .text.rpc_trace_coredump_in_progress
                0x0002197c        0xc C:/nrfconnect/ncs/nrfxlib/bsdlib/lib/cortex-m33/hard-float/libbsd_nrf9160_xxaa.a(ipc_trace.c.o)
                0x0002197c                rpc_trace_coredump_in_progress
 .text.transport_reset
                0x00021988        0x4 C:/nrfconnect/ncs/nrfxlib/bsdlib/lib/cortex-m33/hard-float/libbsd_nrf9160_xxaa.a(rpc_transport_ipc.c.o)
 .text.transport_data_free
                0x0002198c       0x38 C:/nrfconnect/ncs/nrfxlib/bsdlib/lib/cortex-m33/hard-float/libbsd_nrf9160_xxaa.a(rpc_transport_ipc.c.o)
 .text.rpc_transport_ipc_init
                0x000219c4       0x84 C:/nrfconnect/ncs/nrfxlib/bsdlib/lib/cortex-m33/hard-float/libbsd_nrf9160_xxaa.a(rpc_transport_ipc.c.o)
                0x000219c4                rpc_transport_ipc_init
 .text.rpc_transport_rx_handle
                0x00021a48       0x44 C:/nrfconnect/ncs/nrfxlib/bsdlib/lib/cortex-m33/hard-float/libbsd_nrf9160_xxaa.a(rpc_transport_ipc.c.o)
                0x00021a48                rpc_transport_rx_handle
 .text.rpc_transport_ipc_shutdown
                0x00021a8c       0x18 C:/nrfconnect/ncs/nrfxlib/bsdlib/lib/cortex-m33/hard-float/libbsd_nrf9160_xxaa.a(rpc_transport_ipc.c.o)
                0x00021a8c                rpc_transport_ipc_shutdown
 .text.rpc_transport_ipc_rx_init
                0x00021aa4      0x240 C:/nrfconnect/ncs/nrfxlib/bsdlib/lib/cortex-m33/hard-float/libbsd_nrf9160_xxaa.a(rpc_transport_ipc_rx.c.o)
                0x00021aa4                rpc_transport_ipc_rx_init
 .text.IPC_IRQHandler
                0x00021ce4      0x3b8 C:/nrfconnect/ncs/nrfxlib/bsdlib/lib/cortex-m33/hard-float/libbsd_nrf9160_xxaa.a(rpc_transport_ipc_rx.c.o)
                0x00021ce4                IPC_IRQHandler
 .text.rpc_transport_msg_free
                0x0002209c       0x6c C:/nrfconnect/ncs/nrfxlib/bsdlib/lib/cortex-m33/hard-float/libbsd_nrf9160_xxaa.a(rpc_transport_ipc_rx.c.o)
                0x0002209c                rpc_transport_msg_free
 .text.rpc_transport_ipc_rx_suspend
                0x00022108       0x40 C:/nrfconnect/ncs/nrfxlib/bsdlib/lib/cortex-m33/hard-float/libbsd_nrf9160_xxaa.a(rpc_transport_ipc_rx.c.o)
                0x00022108                rpc_transport_ipc_rx_suspend
 .text.rpc_transport_ipc_rx_shutdown
                0x00022148       0xec C:/nrfconnect/ncs/nrfxlib/bsdlib/lib/cortex-m33/hard-float/libbsd_nrf9160_xxaa.a(rpc_transport_ipc_rx.c.o)
                0x00022148                rpc_transport_ipc_rx_shutdown
 .text.rpc_transport_ipc_tx_init
                0x00022234      0x1d4 C:/nrfconnect/ncs/nrfxlib/bsdlib/lib/cortex-m33/hard-float/libbsd_nrf9160_xxaa.a(rpc_transport_ipc_tx.c.o)
                0x00022234                rpc_transport_ipc_tx_init
 .text.rpc_transport_ipc_tx_send
                0x00022408      0x100 C:/nrfconnect/ncs/nrfxlib/bsdlib/lib/cortex-m33/hard-float/libbsd_nrf9160_xxaa.a(rpc_transport_ipc_tx.c.o)
                0x00022408                rpc_transport_ipc_tx_send
 .text.rpc_transport_ipc_tx_rpc_data_alloc
                0x00022508       0x70 C:/nrfconnect/ncs/nrfxlib/bsdlib/lib/cortex-m33/hard-float/libbsd_nrf9160_xxaa.a(rpc_transport_ipc_tx.c.o)
                0x00022508                rpc_transport_ipc_tx_rpc_data_alloc
 .text.rpc_transport_ipc_tx_rpc_ctrl_alloc
                0x00022578       0x60 C:/nrfconnect/ncs/nrfxlib/bsdlib/lib/cortex-m33/hard-float/libbsd_nrf9160_xxaa.a(rpc_transport_ipc_tx.c.o)
                0x00022578                rpc_transport_ipc_tx_rpc_ctrl_alloc
 .text.rpc_transport_ipc_tx_data_alloc
                0x000225d8       0x14 C:/nrfconnect/ncs/nrfxlib/bsdlib/lib/cortex-m33/hard-float/libbsd_nrf9160_xxaa.a(rpc_transport_ipc_tx.c.o)
                0x000225d8                rpc_transport_ipc_tx_data_alloc
 .text.rpc_transport_ipc_tx_suspend
                0x000225ec        0xc C:/nrfconnect/ncs/nrfxlib/bsdlib/lib/cortex-m33/hard-float/libbsd_nrf9160_xxaa.a(rpc_transport_ipc_tx.c.o)
                0x000225ec                rpc_transport_ipc_tx_suspend
 .text.rpc_transport_ipc_tx_shutdown
                0x000225f8       0x68 C:/nrfconnect/ncs/nrfxlib/bsdlib/lib/cortex-m33/hard-float/libbsd_nrf9160_xxaa.a(rpc_transport_ipc_tx.c.o)
                0x000225f8                rpc_transport_ipc_tx_shutdown
 .text.pdn_id_get_parser
                0x00022660       0x4c C:/nrfconnect/ncs/nrfxlib/bsdlib/lib/cortex-m33/hard-float/libbsd_nrf9160_xxaa.a(pdn_interface.c.o)
 .text.conext_create_parser
                0x000226ac       0x4c C:/nrfconnect/ncs/nrfxlib/bsdlib/lib/cortex-m33/hard-float/libbsd_nrf9160_xxaa.a(pdn_interface.c.o)
 .text.ok_rsp_parser
                0x000226f8       0x14 C:/nrfconnect/ncs/nrfxlib/bsdlib/lib/cortex-m33/hard-float/libbsd_nrf9160_xxaa.a(pdn_interface.c.o)
 .text.event_wait.constprop.2
                0x0002270c       0x94 C:/nrfconnect/ncs/nrfxlib/bsdlib/lib/cortex-m33/hard-float/libbsd_nrf9160_xxaa.a(pdn_interface.c.o)
 .text.pdn_id_get.part.0
                0x000227a0       0x88 C:/nrfconnect/ncs/nrfxlib/bsdlib/lib/cortex-m33/hard-float/libbsd_nrf9160_xxaa.a(pdn_interface.c.o)
 .text.pdn_interface_init
                0x00022828       0x34 C:/nrfconnect/ncs/nrfxlib/bsdlib/lib/cortex-m33/hard-float/libbsd_nrf9160_xxaa.a(pdn_interface.c.o)
                0x00022828                pdn_interface_init
 .text.pdn_interface_open
                0x0002285c      0x1c8 C:/nrfconnect/ncs/nrfxlib/bsdlib/lib/cortex-m33/hard-float/libbsd_nrf9160_xxaa.a(pdn_interface.c.o)
                0x0002285c                pdn_interface_open
 .text.pdn_interface_connect
                0x00022a24      0x224 C:/nrfconnect/ncs/nrfxlib/bsdlib/lib/cortex-m33/hard-float/libbsd_nrf9160_xxaa.a(pdn_interface.c.o)
                0x00022a24                pdn_interface_connect
 .text.pdn_interface_close
                0x00022c48      0x154 C:/nrfconnect/ncs/nrfxlib/bsdlib/lib/cortex-m33/hard-float/libbsd_nrf9160_xxaa.a(pdn_interface.c.o)
                0x00022c48                pdn_interface_close
 .text.pdn_interface_setopt
                0x00022d9c       0xa8 C:/nrfconnect/ncs/nrfxlib/bsdlib/lib/cortex-m33/hard-float/libbsd_nrf9160_xxaa.a(pdn_interface.c.o)
                0x00022d9c                pdn_interface_setopt
 .text.pdn_interface_getopt
                0x00022e44       0xa0 C:/nrfconnect/ncs/nrfxlib/bsdlib/lib/cortex-m33/hard-float/libbsd_nrf9160_xxaa.a(pdn_interface.c.o)
                0x00022e44                pdn_interface_getopt
 .text.pdn_interface_pdn_id_get
                0x00022ee4      0x744 C:/nrfconnect/ncs/nrfxlib/bsdlib/lib/cortex-m33/hard-float/libbsd_nrf9160_xxaa.a(pdn_interface.c.o)
                0x00022ee4                pdn_interface_pdn_id_get
 .text.gnss_client_event_handler
                0x00023628        0xc C:/nrfconnect/ncs/nrfxlib/bsdlib/lib/cortex-m33/hard-float/libbsd_nrf9160_xxaa.a(rpc_gnss_client.c.o)
 .text.rpc_gnss_client_init
                0x00023634        0xc C:/nrfconnect/ncs/nrfxlib/bsdlib/lib/cortex-m33/hard-float/libbsd_nrf9160_xxaa.a(rpc_gnss_client.c.o)
                0x00023634                rpc_gnss_client_init
 .text.rpc_gnss_client_request_alloc
                0x00023640       0x28 C:/nrfconnect/ncs/nrfxlib/bsdlib/lib/cortex-m33/hard-float/libbsd_nrf9160_xxaa.a(rpc_gnss_client.c.o)